Archive member included to satisfy reference by file (symbol)

c:/st/stm32cubeide_1.10.1/stm32cubeide/plugins/com.st.stm32cube.ide.mcu.externaltools.gnu-tools-for-stm32.10.3-2021.10.win32_1.0.0.202111181127/tools/bin/../lib/gcc/arm-none-eabi/10.3.1/../../../../arm-none-eabi/lib/thumb/v7e-m+fp/hard\libc_nano.a(lib_a-errno.o)
                              ./Core/Src/syscalls.o (__errno)
c:/st/stm32cubeide_1.10.1/stm32cubeide/plugins/com.st.stm32cube.ide.mcu.externaltools.gnu-tools-for-stm32.10.3-2021.10.win32_1.0.0.202111181127/tools/bin/../lib/gcc/arm-none-eabi/10.3.1/../../../../arm-none-eabi/lib/thumb/v7e-m+fp/hard\libc_nano.a(lib_a-exit.o)
                              c:/st/stm32cubeide_1.10.1/stm32cubeide/plugins/com.st.stm32cube.ide.mcu.externaltools.gnu-tools-for-stm32.10.3-2021.10.win32_1.0.0.202111181127/tools/bin/../lib/gcc/arm-none-eabi/10.3.1/../../../../arm-none-eabi/lib/thumb/v7e-m+fp/hard/crt0.o (exit)
c:/st/stm32cubeide_1.10.1/stm32cubeide/plugins/com.st.stm32cube.ide.mcu.externaltools.gnu-tools-for-stm32.10.3-2021.10.win32_1.0.0.202111181127/tools/bin/../lib/gcc/arm-none-eabi/10.3.1/../../../../arm-none-eabi/lib/thumb/v7e-m+fp/hard\libc_nano.a(lib_a-impure.o)
                              c:/st/stm32cubeide_1.10.1/stm32cubeide/plugins/com.st.stm32cube.ide.mcu.externaltools.gnu-tools-for-stm32.10.3-2021.10.win32_1.0.0.202111181127/tools/bin/../lib/gcc/arm-none-eabi/10.3.1/../../../../arm-none-eabi/lib/thumb/v7e-m+fp/hard\libc_nano.a(lib_a-exit.o) (_global_impure_ptr)
c:/st/stm32cubeide_1.10.1/stm32cubeide/plugins/com.st.stm32cube.ide.mcu.externaltools.gnu-tools-for-stm32.10.3-2021.10.win32_1.0.0.202111181127/tools/bin/../lib/gcc/arm-none-eabi/10.3.1/../../../../arm-none-eabi/lib/thumb/v7e-m+fp/hard\libc_nano.a(lib_a-init.o)
                              c:/st/stm32cubeide_1.10.1/stm32cubeide/plugins/com.st.stm32cube.ide.mcu.externaltools.gnu-tools-for-stm32.10.3-2021.10.win32_1.0.0.202111181127/tools/bin/../lib/gcc/arm-none-eabi/10.3.1/../../../../arm-none-eabi/lib/thumb/v7e-m+fp/hard/crt0.o (__libc_init_array)
c:/st/stm32cubeide_1.10.1/stm32cubeide/plugins/com.st.stm32cube.ide.mcu.externaltools.gnu-tools-for-stm32.10.3-2021.10.win32_1.0.0.202111181127/tools/bin/../lib/gcc/arm-none-eabi/10.3.1/../../../../arm-none-eabi/lib/thumb/v7e-m+fp/hard\libc_nano.a(lib_a-memcpy-stub.o)
                              ./Middlewares/Third_Party/FreeRTOS/Source/queue.o (memcpy)
c:/st/stm32cubeide_1.10.1/stm32cubeide/plugins/com.st.stm32cube.ide.mcu.externaltools.gnu-tools-for-stm32.10.3-2021.10.win32_1.0.0.202111181127/tools/bin/../lib/gcc/arm-none-eabi/10.3.1/../../../../arm-none-eabi/lib/thumb/v7e-m+fp/hard\libc_nano.a(lib_a-memset.o)
                              c:/st/stm32cubeide_1.10.1/stm32cubeide/plugins/com.st.stm32cube.ide.mcu.externaltools.gnu-tools-for-stm32.10.3-2021.10.win32_1.0.0.202111181127/tools/bin/../lib/gcc/arm-none-eabi/10.3.1/../../../../arm-none-eabi/lib/thumb/v7e-m+fp/hard/crt0.o (memset)
c:/st/stm32cubeide_1.10.1/stm32cubeide/plugins/com.st.stm32cube.ide.mcu.externaltools.gnu-tools-for-stm32.10.3-2021.10.win32_1.0.0.202111181127/tools/bin/../lib/gcc/arm-none-eabi/10.3.1/thumb/v7e-m+fp/hard\libgcc.a(_aeabi_uldivmod.o)
                              ./Drivers/STM32F4xx_HAL_Driver/Src/stm32f4xx_hal_rcc.o (__aeabi_uldivmod)
c:/st/stm32cubeide_1.10.1/stm32cubeide/plugins/com.st.stm32cube.ide.mcu.externaltools.gnu-tools-for-stm32.10.3-2021.10.win32_1.0.0.202111181127/tools/bin/../lib/gcc/arm-none-eabi/10.3.1/thumb/v7e-m+fp/hard\libgcc.a(_udivmoddi4.o)
                              c:/st/stm32cubeide_1.10.1/stm32cubeide/plugins/com.st.stm32cube.ide.mcu.externaltools.gnu-tools-for-stm32.10.3-2021.10.win32_1.0.0.202111181127/tools/bin/../lib/gcc/arm-none-eabi/10.3.1/thumb/v7e-m+fp/hard\libgcc.a(_aeabi_uldivmod.o) (__udivmoddi4)
c:/st/stm32cubeide_1.10.1/stm32cubeide/plugins/com.st.stm32cube.ide.mcu.externaltools.gnu-tools-for-stm32.10.3-2021.10.win32_1.0.0.202111181127/tools/bin/../lib/gcc/arm-none-eabi/10.3.1/thumb/v7e-m+fp/hard\libgcc.a(_dvmd_tls.o)
                              c:/st/stm32cubeide_1.10.1/stm32cubeide/plugins/com.st.stm32cube.ide.mcu.externaltools.gnu-tools-for-stm32.10.3-2021.10.win32_1.0.0.202111181127/tools/bin/../lib/gcc/arm-none-eabi/10.3.1/thumb/v7e-m+fp/hard\libgcc.a(_aeabi_uldivmod.o) (__aeabi_ldiv0)

Discarded input sections

 .text          0x0000000000000000        0x0 c:/st/stm32cubeide_1.10.1/stm32cubeide/plugins/com.st.stm32cube.ide.mcu.externaltools.gnu-tools-for-stm32.10.3-2021.10.win32_1.0.0.202111181127/tools/bin/../lib/gcc/arm-none-eabi/10.3.1/thumb/v7e-m+fp/hard/crti.o
 .data          0x0000000000000000        0x0 c:/st/stm32cubeide_1.10.1/stm32cubeide/plugins/com.st.stm32cube.ide.mcu.externaltools.gnu-tools-for-stm32.10.3-2021.10.win32_1.0.0.202111181127/tools/bin/../lib/gcc/arm-none-eabi/10.3.1/thumb/v7e-m+fp/hard/crti.o
[...]
Memory Configuration

Name             Origin             Length             Attributes
RAM              0x0000000020000000 0x0000000000010000 xrw
FLASH            0x0000000008000000 0x0000000000040000 xr
*default*        0x0000000000000000 0xffffffffffffffff

Linker script and memory map

LOAD c:/st/stm32cubeide_1.10.1/stm32cubeide/plugins/com.st.stm32cube.ide.mcu.externaltools.gnu-tools-for-stm32.10.3-2021.10.win32_1.0.0.202111181127/tools/bin/../lib/gcc/arm-none-eabi/10.3.1/thumb/v7e-m+fp/hard/crti.o
LOAD c:/st/stm32cubeide_1.10.1/stm32cubeide/plugins/com.st.stm32cube.ide.mcu.externaltools.gnu-tools-for-stm32.10.3-2021.10.win32_1.0.0.202111181127/tools/bin/../lib/gcc/arm-none-eabi/10.3.1/thumb/v7e-m+fp/hard/crtbegin.o
LOAD c:/st/stm32cubeide_1.10.1/stm32cubeide/plugins/com.st.stm32cube.ide.mcu.externaltools.gnu-tools-for-stm32.10.3-2021.10.win32_1.0.0.202111181127/tools/bin/../lib/gcc/arm-none-eabi/10.3.1/../../../../arm-none-eabi/lib/thumb/v7e-m+fp/hard/crt0.o
LOAD ./Core/Src/dma.o
LOAD ./Core/Src/freertos.o
LOAD ./Core/Src/gpio.o
LOAD ./Core/Src/i2c.o
LOAD ./Core/Src/main.o
LOAD ./Core/Src/rtc.o
LOAD ./Core/Src/spi.o
LOAD ./Core/Src/stm32f4xx_hal_msp.o
LOAD ./Core/Src/stm32f4xx_hal_timebase_tim.o
LOAD ./Core/Src/stm32f4xx_it.o
LOAD ./Core/Src/syscalls.o
LOAD ./Core/Src/sysmem.o
LOAD ./Core/Src/system_stm32f4xx.o
LOAD ./Core/Src/tim.o
LOAD ./Core/Src/usart.o
LOAD ./Core/Startup/startup_stm32f401ccux.o
LOAD ./Drivers/STM32F4xx_HAL_Driver/Src/stm32f4xx_hal.o
LOAD ./Drivers/STM32F4xx_HAL_Driver/Src/stm32f4xx_hal_cortex.o
LOAD ./Drivers/STM32F4xx_HAL_Driver/Src/stm32f4xx_hal_dma.o
LOAD ./Drivers/STM32F4xx_HAL_Driver/Src/stm32f4xx_hal_dma_ex.o
LOAD ./Drivers/STM32F4xx_HAL_Driver/Src/stm32f4xx_hal_exti.o
LOAD ./Drivers/STM32F4xx_HAL_Driver/Src/stm32f4xx_hal_flash.o
LOAD ./Drivers/STM32F4xx_HAL_Driver/Src/stm32f4xx_hal_flash_ex.o
LOAD ./Drivers/STM32F4xx_HAL_Driver/Src/stm32f4xx_hal_flash_ramfunc.o
LOAD ./Drivers/STM32F4xx_HAL_Driver/Src/stm32f4xx_hal_gpio.o
LOAD ./Drivers/STM32F4xx_HAL_Driver/Src/stm32f4xx_hal_i2c.o
LOAD ./Drivers/STM32F4xx_HAL_Driver/Src/stm32f4xx_hal_i2c_ex.o
LOAD ./Drivers/STM32F4xx_HAL_Driver/Src/stm32f4xx_hal_pcd.o
LOAD ./Drivers/STM32F4xx_HAL_Driver/Src/stm32f4xx_hal_pcd_ex.o
LOAD ./Drivers/STM32F4xx_HAL_Driver/Src/stm32f4xx_hal_pwr.o
LOAD ./Drivers/STM32F4xx_HAL_Driver/Src/stm32f4xx_hal_pwr_ex.o
LOAD ./Drivers/STM32F4xx_HAL_Driver/Src/stm32f4xx_hal_rcc.o
LOAD ./Drivers/STM32F4xx_HAL_Driver/Src/stm32f4xx_hal_rcc_ex.o
LOAD ./Drivers/STM32F4xx_HAL_Driver/Src/stm32f4xx_hal_rtc.o
LOAD ./Drivers/STM32F4xx_HAL_Driver/Src/stm32f4xx_hal_rtc_ex.o
LOAD ./Drivers/STM32F4xx_HAL_Driver/Src/stm32f4xx_hal_spi.o
LOAD ./Drivers/STM32F4xx_HAL_Driver/Src/stm32f4xx_hal_tim.o
LOAD ./Drivers/STM32F4xx_HAL_Driver/Src/stm32f4xx_hal_tim_ex.o
LOAD ./Drivers/STM32F4xx_HAL_Driver/Src/stm32f4xx_hal_uart.o
LOAD ./Drivers/STM32F4xx_HAL_Driver/Src/stm32f4xx_ll_usb.o
LOAD ./Middlewares/ST/STM32_USB_Device_Library/Class/CDC/Src/usbd_cdc.o
LOAD ./Middlewares/ST/STM32_USB_Device_Library/Core/Src/usbd_core.o
LOAD ./Middlewares/ST/STM32_USB_Device_Library/Core/Src/usbd_ctlreq.o
LOAD ./Middlewares/ST/STM32_USB_Device_Library/Core/Src/usbd_ioreq.o
LOAD ./Middlewares/Third_Party/FreeRTOS/Source/CMSIS_RTOS/cmsis_os.o
LOAD ./Middlewares/Third_Party/FreeRTOS/Source/croutine.o
LOAD ./Middlewares/Third_Party/FreeRTOS/Source/event_groups.o
LOAD ./Middlewares/Third_Party/FreeRTOS/Source/list.o
LOAD ./Middlewares/Third_Party/FreeRTOS/Source/queue.o
LOAD ./Middlewares/Third_Party/FreeRTOS/Source/stream_buffer.o
LOAD ./Middlewares/Third_Party/FreeRTOS/Source/tasks.o
LOAD ./Middlewares/Third_Party/FreeRTOS/Source/timers.o
LOAD ./Middlewares/Third_Party/FreeRTOS/Source/portable/GCC/ARM_CM4F/port.o
LOAD ./Middlewares/Third_Party/FreeRTOS/Source/portable/MemMang/heap_4.o
LOAD ./USB_DEVICE/App/usb_device.o
LOAD ./USB_DEVICE/App/usbd_cdc_if.o
LOAD ./USB_DEVICE/App/usbd_desc.o
LOAD ./USB_DEVICE/Target/usbd_conf.o
LOAD ./User/Src/Bluetooth.o
LOAD ./User/Src/ChessClock.o
LOAD ./User/Src/MB85RS256.o
LOAD ./User/Src/QueueData.o
LOAD ./User/Src/RtcRealTime.o
LOAD ./User/Src/SaveGame.o
LOAD ./User/Src/ScanPieces.o
LOAD ./User/Src/TaskScanPiece.o
LOAD ./User/Src/Utilities.o
LOAD ./User/Src/calibase.o
LOAD ./User/Src/interface.o
START GROUP
LOAD c:/st/stm32cubeide_1.10.1/stm32cubeide/plugins/com.st.stm32cube.ide.mcu.externaltools.gnu-tools-for-stm32.10.3-2021.10.win32_1.0.0.202111181127/tools/bin/../lib/gcc/arm-none-eabi/10.3.1/../../../../arm-none-eabi/lib/thumb/v7e-m+fp/hard\libstdc++_nano.a
LOAD c:/st/stm32cubeide_1.10.1/stm32cubeide/plugins/com.st.stm32cube.ide.mcu.externaltools.gnu-tools-for-stm32.10.3-2021.10.win32_1.0.0.202111181127/tools/bin/../lib/gcc/arm-none-eabi/10.3.1/../../../../arm-none-eabi/lib/thumb/v7e-m+fp/hard\libsupc++_nano.a
END GROUP
LOAD c:/st/stm32cubeide_1.10.1/stm32cubeide/plugins/com.st.stm32cube.ide.mcu.externaltools.gnu-tools-for-stm32.10.3-2021.10.win32_1.0.0.202111181127/tools/bin/../lib/gcc/arm-none-eabi/10.3.1/../../../../arm-none-eabi/lib/thumb/v7e-m+fp/hard\libstdc++_nano.a
LOAD c:/st/stm32cubeide_1.10.1/stm32cubeide/plugins/com.st.stm32cube.ide.mcu.externaltools.gnu-tools-for-stm32.10.3-2021.10.win32_1.0.0.202111181127/tools/bin/../lib/gcc/arm-none-eabi/10.3.1/../../../../arm-none-eabi/lib/thumb/v7e-m+fp/hard\libm.a
LOAD c:/st/stm32cubeide_1.10.1/stm32cubeide/plugins/com.st.stm32cube.ide.mcu.externaltools.gnu-tools-for-stm32.10.3-2021.10.win32_1.0.0.202111181127/tools/bin/../lib/gcc/arm-none-eabi/10.3.1/../../../../arm-none-eabi/lib/thumb/v7e-m+fp/hard\libc_nano.a
START GROUP
LOAD c:/st/stm32cubeide_1.10.1/stm32cubeide/plugins/com.st.stm32cube.ide.mcu.externaltools.gnu-tools-for-stm32.10.3-2021.10.win32_1.0.0.202111181127/tools/bin/../lib/gcc/arm-none-eabi/10.3.1/thumb/v7e-m+fp/hard\libgcc.a
LOAD c:/st/stm32cubeide_1.10.1/stm32cubeide/plugins/com.st.stm32cube.ide.mcu.externaltools.gnu-tools-for-stm32.10.3-2021.10.win32_1.0.0.202111181127/tools/bin/../lib/gcc/arm-none-eabi/10.3.1/../../../../arm-none-eabi/lib/thumb/v7e-m+fp/hard\libc_nano.a
END GROUP
START GROUP
LOAD c:/st/stm32cubeide_1.10.1/stm32cubeide/plugins/com.st.stm32cube.ide.mcu.externaltools.gnu-tools-for-stm32.10.3-2021.10.win32_1.0.0.202111181127/tools/bin/../lib/gcc/arm-none-eabi/10.3.1/thumb/v7e-m+fp/hard\libgcc.a
LOAD c:/st/stm32cubeide_1.10.1/stm32cubeide/plugins/com.st.stm32cube.ide.mcu.externaltools.gnu-tools-for-stm32.10.3-2021.10.win32_1.0.0.202111181127/tools/bin/../lib/gcc/arm-none-eabi/10.3.1/../../../../arm-none-eabi/lib/thumb/v7e-m+fp/hard\libc_nano.a
LOAD c:/st/stm32cubeide_1.10.1/stm32cubeide/plugins/com.st.stm32cube.ide.mcu.externaltools.gnu-tools-for-stm32.10.3-2021.10.win32_1.0.0.202111181127/tools/bin/../lib/gcc/arm-none-eabi/10.3.1/../../../../arm-none-eabi/lib/thumb/v7e-m+fp/hard\libnosys.a
END GROUP
START GROUP
LOAD c:/st/stm32cubeide_1.10.1/stm32cubeide/plugins/com.st.stm32cube.ide.mcu.externaltools.gnu-tools-for-stm32.10.3-2021.10.win32_1.0.0.202111181127/tools/bin/../lib/gcc/arm-none-eabi/10.3.1/thumb/v7e-m+fp/hard\libgcc.a
LOAD c:/st/stm32cubeide_1.10.1/stm32cubeide/plugins/com.st.stm32cube.ide.mcu.externaltools.gnu-tools-for-stm32.10.3-2021.10.win32_1.0.0.202111181127/tools/bin/../lib/gcc/arm-none-eabi/10.3.1/../../../../arm-none-eabi/lib/thumb/v7e-m+fp/hard\libc_nano.a
LOAD c:/st/stm32cubeide_1.10.1/stm32cubeide/plugins/com.st.stm32cube.ide.mcu.externaltools.gnu-tools-for-stm32.10.3-2021.10.win32_1.0.0.202111181127/tools/bin/../lib/gcc/arm-none-eabi/10.3.1/../../../../arm-none-eabi/lib/thumb/v7e-m+fp/hard\libnosys.a
END GROUP
LOAD c:/st/stm32cubeide_1.10.1/stm32cubeide/plugins/com.st.stm32cube.ide.mcu.externaltools.gnu-tools-for-stm32.10.3-2021.10.win32_1.0.0.202111181127/tools/bin/../lib/gcc/arm-none-eabi/10.3.1/thumb/v7e-m+fp/hard/crtend.o
LOAD c:/st/stm32cubeide_1.10.1/stm32cubeide/plugins/com.st.stm32cube.ide.mcu.externaltools.gnu-tools-for-stm32.10.3-2021.10.win32_1.0.0.202111181127/tools/bin/../lib/gcc/arm-none-eabi/10.3.1/thumb/v7e-m+fp/hard/crtn.o
                0x0000000020010000                _estack = (ORIGIN (RAM) + LENGTH (RAM))
                0x0000000000000200                _Min_Heap_Size = 0x200
                0x0000000000000400                _Min_Stack_Size = 0x400

.isr_vector     0x0000000008000000      0x194
                0x0000000008000000                . = ALIGN (0x4)
 *(.isr_vector)
 .isr_vector    0x0000000008000000      0x194 ./Core/Startup/startup_stm32f401ccux.o
                0x0000000008000000                g_pfnVectors
                0x0000000008000194                . = ALIGN (0x4)

.text           0x00000000080001a0    0x130dc
                0x00000000080001a0                . = ALIGN (0x4)
 *(.text)
 .text          0x00000000080001a0       0x40 c:/st/stm32cubeide_1.10.1/stm32cubeide/plugins/com.st.stm32cube.ide.mcu.externaltools.gnu-tools-for-stm32.10.3-2021.10.win32_1.0.0.202111181127/tools/bin/../lib/gcc/arm-none-eabi/10.3.1/thumb/v7e-m+fp/hard/crtbegin.o
 .text          0x00000000080001e0       0x30 c:/st/stm32cubeide_1.10.1/stm32cubeide/plugins/com.st.stm32cube.ide.mcu.externaltools.gnu-tools-for-stm32.10.3-2021.10.win32_1.0.0.202111181127/tools/bin/../lib/gcc/arm-none-eabi/10.3.1/thumb/v7e-m+fp/hard\libgcc.a(_aeabi_uldivmod.o)
                0x00000000080001e0                __aeabi_uldivmod
 .text          0x0000000008000210      0x2d0 c:/st/stm32cubeide_1.10.1/stm32cubeide/plugins/com.st.stm32cube.ide.mcu.externaltools.gnu-tools-for-stm32.10.3-2021.10.win32_1.0.0.202111181127/tools/bin/../lib/gcc/arm-none-eabi/10.3.1/thumb/v7e-m+fp/hard\libgcc.a(_udivmoddi4.o)
                0x0000000008000210                __udivmoddi4
 .text          0x00000000080004e0        0x4 c:/st/stm32cubeide_1.10.1/stm32cubeide/plugins/com.st.stm32cube.ide.mcu.externaltools.gnu-tools-for-stm32.10.3-2021.10.win32_1.0.0.202111181127/tools/bin/../lib/gcc/arm-none-eabi/10.3.1/thumb/v7e-m+fp/hard\libgcc.a(_dvmd_tls.o)
                0x00000000080004e0                __aeabi_idiv0
                0x00000000080004e0                __aeabi_ldiv0
 *(.text*)
 .text.MX_DMA_Init
                0x00000000080004e4      0x10c ./Core/Src/dma.o
                0x00000000080004e4                MX_DMA_Init
 .text.vApplicationGetIdleTaskMemory
                0x00000000080005f0       0x34 ./Core/Src/freertos.o
                0x00000000080005f0                vApplicationGetIdleTaskMemory
 .text.MX_FREERTOS_Init
                0x0000000008000624       0xc0 ./Core/Src/freertos.o
                0x0000000008000624                MX_FREERTOS_Init
 .text.StartDefaultTask
                0x00000000080006e4       0x18 ./Core/Src/freertos.o
                0x00000000080006e4                StartDefaultTask
 .text.MX_GPIO_Init
                0x00000000080006fc      0x128 ./Core/Src/gpio.o
                0x00000000080006fc                MX_GPIO_Init
 .text.MX_I2C1_Init
                0x0000000008000824       0x5c ./Core/Src/i2c.o
                0x0000000008000824                MX_I2C1_Init
 .text.HAL_I2C_MspInit
                0x0000000008000880      0x118 ./Core/Src/i2c.o
                0x0000000008000880                HAL_I2C_MspInit
 .text.main     0x0000000008000998       0x64 ./Core/Src/main.o
                0x0000000008000998                main
 .text.SystemClock_Config
                0x00000000080009fc       0xdc ./Core/Src/main.o
                0x00000000080009fc                SystemClock_Config
 .text.HAL_TIM_PeriodElapsedCallback
                0x0000000008000ad8       0x50 ./Core/Src/main.o
                0x0000000008000ad8                HAL_TIM_PeriodElapsedCallback
 .text.Error_Handler
                0x0000000008000b28        0xa ./Core/Src/main.o
                0x0000000008000b28                Error_Handler
 *fill*         0x0000000008000b32        0x2 
 .text.MX_RTC_Init
                0x0000000008000b34      0x108 ./Core/Src/rtc.o
                0x0000000008000b34                MX_RTC_Init
 .text.HAL_RTC_MspInit
                0x0000000008000c3c       0x58 ./Core/Src/rtc.o
                0x0000000008000c3c                HAL_RTC_MspInit
 .text.MX_SPI1_Init
                0x0000000008000c94       0x6c ./Core/Src/spi.o
                0x0000000008000c94                MX_SPI1_Init
 .text.HAL_SPI_MspInit
                0x0000000008000d00       0x90 ./Core/Src/spi.o
                0x0000000008000d00                HAL_SPI_MspInit
 .text.HAL_MspInit
                0x0000000008000d90       0x58 ./Core/Src/stm32f4xx_hal_msp.o
                0x0000000008000d90                HAL_MspInit
 .text.HAL_InitTick
                0x0000000008000de8       0xe4 ./Core/Src/stm32f4xx_hal_timebase_tim.o
                0x0000000008000de8                HAL_InitTick
 .text.NMI_Handler
                0x0000000008000ecc        0x6 ./Core/Src/stm32f4xx_it.o
                0x0000000008000ecc                NMI_Handler
 .text.HardFault_Handler
                0x0000000008000ed2        0x6 ./Core/Src/stm32f4xx_it.o
                0x0000000008000ed2                HardFault_Handler
 .text.MemManage_Handler
                0x0000000008000ed8        0x6 ./Core/Src/stm32f4xx_it.o
                0x0000000008000ed8                MemManage_Handler
 .text.BusFault_Handler
                0x0000000008000ede        0x6 ./Core/Src/stm32f4xx_it.o
                0x0000000008000ede                BusFault_Handler
 .text.UsageFault_Handler
                0x0000000008000ee4        0x6 ./Core/Src/stm32f4xx_it.o
                0x0000000008000ee4                UsageFault_Handler
 .text.DebugMon_Handler
                0x0000000008000eea        0xe ./Core/Src/stm32f4xx_it.o
                0x0000000008000eea                DebugMon_Handler
 .text.DMA1_Stream0_IRQHandler
                0x0000000008000ef8       0x14 ./Core/Src/stm32f4xx_it.o
                0x0000000008000ef8                DMA1_Stream0_IRQHandler
 .text.DMA1_Stream1_IRQHandler
                0x0000000008000f0c       0x14 ./Core/Src/stm32f4xx_it.o
                0x0000000008000f0c                DMA1_Stream1_IRQHandler
 .text.DMA1_Stream2_IRQHandler
                0x0000000008000f20       0x14 ./Core/Src/stm32f4xx_it.o
                0x0000000008000f20                DMA1_Stream2_IRQHandler
 .text.DMA1_Stream3_IRQHandler
                0x0000000008000f34       0x14 ./Core/Src/stm32f4xx_it.o
                0x0000000008000f34                DMA1_Stream3_IRQHandler
 .text.DMA1_Stream4_IRQHandler
                0x0000000008000f48       0x14 ./Core/Src/stm32f4xx_it.o
                0x0000000008000f48                DMA1_Stream4_IRQHandler
 .text.DMA1_Stream6_IRQHandler
                0x0000000008000f5c       0x14 ./Core/Src/stm32f4xx_it.o
                0x0000000008000f5c                DMA1_Stream6_IRQHandler
 .text.TIM1_BRK_TIM9_IRQHandler
                0x0000000008000f70       0x14 ./Core/Src/stm32f4xx_it.o
                0x0000000008000f70                TIM1_BRK_TIM9_IRQHandler
 .text.TIM1_UP_TIM10_IRQHandler
                0x0000000008000f84       0x14 ./Core/Src/stm32f4xx_it.o
                0x0000000008000f84                TIM1_UP_TIM10_IRQHandler
 .text.TIM1_TRG_COM_TIM11_IRQHandler
                0x0000000008000f98       0x1c ./Core/Src/stm32f4xx_it.o
                0x0000000008000f98                TIM1_TRG_COM_TIM11_IRQHandler
 .text.TIM1_CC_IRQHandler
                0x0000000008000fb4       0x14 ./Core/Src/stm32f4xx_it.o
                0x0000000008000fb4                TIM1_CC_IRQHandler
 .text.TIM2_IRQHandler
                0x0000000008000fc8       0x14 ./Core/Src/stm32f4xx_it.o
                0x0000000008000fc8                TIM2_IRQHandler
 .text.TIM3_IRQHandler
                0x0000000008000fdc       0x14 ./Core/Src/stm32f4xx_it.o
                0x0000000008000fdc                TIM3_IRQHandler
 .text.TIM4_IRQHandler
                0x0000000008000ff0       0x14 ./Core/Src/stm32f4xx_it.o
                0x0000000008000ff0                TIM4_IRQHandler
 .text.I2C1_EV_IRQHandler
                0x0000000008001004       0x14 ./Core/Src/stm32f4xx_it.o
                0x0000000008001004                I2C1_EV_IRQHandler
 .text.I2C1_ER_IRQHandler
                0x0000000008001018       0x14 ./Core/Src/stm32f4xx_it.o
                0x0000000008001018                I2C1_ER_IRQHandler
 .text.USART1_IRQHandler
                0x000000000800102c       0x14 ./Core/Src/stm32f4xx_it.o
                0x000000000800102c                USART1_IRQHandler
 .text.DMA1_Stream7_IRQHandler
                0x0000000008001040       0x14 ./Core/Src/stm32f4xx_it.o
                0x0000000008001040                DMA1_Stream7_IRQHandler
 .text.DMA2_Stream1_IRQHandler
                0x0000000008001054       0x14 ./Core/Src/stm32f4xx_it.o
                0x0000000008001054                DMA2_Stream1_IRQHandler
 .text.DMA2_Stream2_IRQHandler
                0x0000000008001068       0x14 ./Core/Src/stm32f4xx_it.o
                0x0000000008001068                DMA2_Stream2_IRQHandler
 .text.OTG_FS_IRQHandler
                0x000000000800107c       0x14 ./Core/Src/stm32f4xx_it.o
                0x000000000800107c                OTG_FS_IRQHandler
 .text.DMA2_Stream5_IRQHandler
                0x0000000008001090       0x14 ./Core/Src/stm32f4xx_it.o
                0x0000000008001090                DMA2_Stream5_IRQHandler
 .text.DMA2_Stream6_IRQHandler
                0x00000000080010a4       0x14 ./Core/Src/stm32f4xx_it.o
                0x00000000080010a4                DMA2_Stream6_IRQHandler
 .text.DMA2_Stream7_IRQHandler
                0x00000000080010b8       0x14 ./Core/Src/stm32f4xx_it.o
                0x00000000080010b8                DMA2_Stream7_IRQHandler
 .text.SystemInit
                0x00000000080010cc       0x24 ./Core/Src/system_stm32f4xx.o
                0x00000000080010cc                SystemInit
 .text.MX_TIM1_Init
                0x00000000080010f0      0x174 ./Core/Src/tim.o
                0x00000000080010f0                MX_TIM1_Init
 .text.MX_TIM2_Init
                0x0000000008001264      0x100 ./Core/Src/tim.o
                0x0000000008001264                MX_TIM2_Init
 .text.MX_TIM3_Init
                0x0000000008001364      0x118 ./Core/Src/tim.o
                0x0000000008001364                MX_TIM3_Init
 .text.MX_TIM4_Init
                0x000000000800147c       0xe0 ./Core/Src/tim.o
                0x000000000800147c                MX_TIM4_Init
 .text.HAL_TIM_Base_MspInit
                0x000000000800155c      0x578 ./Core/Src/tim.o
                0x000000000800155c                HAL_TIM_Base_MspInit
 .text.HAL_TIM_MspPostInit
                0x0000000008001ad4      0x14c ./Core/Src/tim.o
                0x0000000008001ad4                HAL_TIM_MspPostInit
 .text.MX_USART1_UART_Init
                0x0000000008001c20       0x54 ./Core/Src/usart.o
                0x0000000008001c20                MX_USART1_UART_Init
 .text.HAL_UART_MspInit
                0x0000000008001c74      0x190 ./Core/Src/usart.o
                0x0000000008001c74                HAL_UART_MspInit
 .text.Reset_Handler
                0x0000000008001e04       0x50 ./Core/Startup/startup_stm32f401ccux.o
                0x0000000008001e04                Reset_Handler
 .text.Default_Handler
                0x0000000008001e54        0x2 ./Core/Startup/startup_stm32f401ccux.o
                0x0000000008001e54                RTC_Alarm_IRQHandler
                0x0000000008001e54                EXTI2_IRQHandler
                0x0000000008001e54                SPI4_IRQHandler
                0x0000000008001e54                DMA1_Stream5_IRQHandler
                0x0000000008001e54                PVD_IRQHandler
                0x0000000008001e54                SDIO_IRQHandler
                0x0000000008001e54                TAMP_STAMP_IRQHandler
                0x0000000008001e54                EXTI3_IRQHandler
                0x0000000008001e54                I2C3_ER_IRQHandler
                0x0000000008001e54                EXTI0_IRQHandler
                0x0000000008001e54                I2C2_EV_IRQHandler
                0x0000000008001e54                FPU_IRQHandler
                0x0000000008001e54                SPI1_IRQHandler
                0x0000000008001e54                DMA2_Stream3_IRQHandler
                0x0000000008001e54                USART6_IRQHandler
                0x0000000008001e54                DMA2_Stream0_IRQHandler
                0x0000000008001e54                RCC_IRQHandler
                0x0000000008001e54                Default_Handler
                0x0000000008001e54                EXTI15_10_IRQHandler
                0x0000000008001e54                ADC_IRQHandler
                0x0000000008001e54                TIM5_IRQHandler
                0x0000000008001e54                I2C3_EV_IRQHandler
                0x0000000008001e54                EXTI9_5_IRQHandler
                0x0000000008001e54                RTC_WKUP_IRQHandler
                0x0000000008001e54                SPI2_IRQHandler
                0x0000000008001e54                EXTI4_IRQHandler
                0x0000000008001e54                WWDG_IRQHandler
                0x0000000008001e54                OTG_FS_WKUP_IRQHandler
                0x0000000008001e54                EXTI1_IRQHandler
                0x0000000008001e54                USART2_IRQHandler
                0x0000000008001e54                I2C2_ER_IRQHandler
                0x0000000008001e54                FLASH_IRQHandler
                0x0000000008001e54                DMA2_Stream4_IRQHandler
                0x0000000008001e54                SPI3_IRQHandler
 *fill*         0x0000000008001e56        0x2 
 .text.HAL_Init
                0x0000000008001e58       0x44 ./Drivers/STM32F4xx_HAL_Driver/Src/stm32f4xx_hal.o
                0x0000000008001e58                HAL_Init
 .text.HAL_IncTick
                0x0000000008001e9c       0x28 ./Drivers/STM32F4xx_HAL_Driver/Src/stm32f4xx_hal.o
                0x0000000008001e9c                HAL_IncTick
 .text.HAL_GetTick
                0x0000000008001ec4       0x18 ./Drivers/STM32F4xx_HAL_Driver/Src/stm32f4xx_hal.o
                0x0000000008001ec4                HAL_GetTick
 .text.HAL_Delay
                0x0000000008001edc       0x48 ./Drivers/STM32F4xx_HAL_Driver/Src/stm32f4xx_hal.o
                0x0000000008001edc                HAL_Delay
 .text.__NVIC_SetPriorityGrouping
                0x0000000008001f24       0x48 ./Drivers/STM32F4xx_HAL_Driver/Src/stm32f4xx_hal_cortex.o
 .text.__NVIC_GetPriorityGrouping
                0x0000000008001f6c       0x1c ./Drivers/STM32F4xx_HAL_Driver/Src/stm32f4xx_hal_cortex.o
 .text.__NVIC_EnableIRQ
                0x0000000008001f88       0x3c ./Drivers/STM32F4xx_HAL_Driver/Src/stm32f4xx_hal_cortex.o
 .text.__NVIC_SetPriority
                0x0000000008001fc4       0x54 ./Drivers/STM32F4xx_HAL_Driver/Src/stm32f4xx_hal_cortex.o
 .text.NVIC_EncodePriority
                0x0000000008002018       0x66 ./Drivers/STM32F4xx_HAL_Driver/Src/stm32f4xx_hal_cortex.o
 *fill*         0x000000000800207e        0x2 
 .text.__NVIC_SystemReset
                0x0000000008002080       0x2c ./Drivers/STM32F4xx_HAL_Driver/Src/stm32f4xx_hal_cortex.o
 .text.HAL_NVIC_SetPriorityGrouping
                0x00000000080020ac       0x16 ./Drivers/STM32F4xx_HAL_Driver/Src/stm32f4xx_hal_cortex.o
                0x00000000080020ac                HAL_NVIC_SetPriorityGrouping
 .text.HAL_NVIC_SetPriority
                0x00000000080020c2       0x38 ./Drivers/STM32F4xx_HAL_Driver/Src/stm32f4xx_hal_cortex.o
                0x00000000080020c2                HAL_NVIC_SetPriority
 .text.HAL_NVIC_EnableIRQ
                0x00000000080020fa       0x1c ./Drivers/STM32F4xx_HAL_Driver/Src/stm32f4xx_hal_cortex.o
                0x00000000080020fa                HAL_NVIC_EnableIRQ
 .text.HAL_NVIC_SystemReset
                0x0000000008002116        0x8 ./Drivers/STM32F4xx_HAL_Driver/Src/stm32f4xx_hal_cortex.o
                0x0000000008002116                HAL_NVIC_SystemReset
 *fill*         0x000000000800211e        0x2 
 .text.HAL_DMA_Init
                0x0000000008002120      0x15c ./Drivers/STM32F4xx_HAL_Driver/Src/stm32f4xx_hal_dma.o
                0x0000000008002120                HAL_DMA_Init
 .text.HAL_DMA_Start_IT
                0x000000000800227c       0xb0 ./Drivers/STM32F4xx_HAL_Driver/Src/stm32f4xx_hal_dma.o
                0x000000000800227c                HAL_DMA_Start_IT
 .text.HAL_DMA_Abort
                0x000000000800232c       0xe0 ./Drivers/STM32F4xx_HAL_Driver/Src/stm32f4xx_hal_dma.o
                0x000000000800232c                HAL_DMA_Abort
 .text.HAL_DMA_Abort_IT
                0x000000000800240c       0x44 ./Drivers/STM32F4xx_HAL_Driver/Src/stm32f4xx_hal_dma.o
                0x000000000800240c                HAL_DMA_Abort_IT
 .text.HAL_DMA_IRQHandler
                0x0000000008002450      0x314 ./Drivers/STM32F4xx_HAL_Driver/Src/stm32f4xx_hal_dma.o
                0x0000000008002450                HAL_DMA_IRQHandler
 .text.HAL_DMA_GetState
                0x0000000008002764       0x1c ./Drivers/STM32F4xx_HAL_Driver/Src/stm32f4xx_hal_dma.o
                0x0000000008002764                HAL_DMA_GetState
 .text.HAL_DMA_GetError
                0x0000000008002780       0x18 ./Drivers/STM32F4xx_HAL_Driver/Src/stm32f4xx_hal_dma.o
                0x0000000008002780                HAL_DMA_GetError
 .text.DMA_SetConfig
                0x0000000008002798       0x5c ./Drivers/STM32F4xx_HAL_Driver/Src/stm32f4xx_hal_dma.o
 .text.DMA_CalcBaseAndBitshift
                0x00000000080027f4       0x6c ./Drivers/STM32F4xx_HAL_Driver/Src/stm32f4xx_hal_dma.o
 .text.DMA_CheckFifoParam
                0x0000000008002860       0xf8 ./Drivers/STM32F4xx_HAL_Driver/Src/stm32f4xx_hal_dma.o
 .text.HAL_GPIO_Init
                0x0000000008002958      0x308 ./Drivers/STM32F4xx_HAL_Driver/Src/stm32f4xx_hal_gpio.o
                0x0000000008002958                HAL_GPIO_Init
 .text.HAL_GPIO_WritePin
                0x0000000008002c60       0x32 ./Drivers/STM32F4xx_HAL_Driver/Src/stm32f4xx_hal_gpio.o
                0x0000000008002c60                HAL_GPIO_WritePin
 *fill*         0x0000000008002c92        0x2 
 .text.HAL_I2C_Init
                0x0000000008002c94      0x288 ./Drivers/STM32F4xx_HAL_Driver/Src/stm32f4xx_hal_i2c.o
                0x0000000008002c94                HAL_I2C_Init
 .text.HAL_I2C_Slave_Seq_Receive_DMA
                0x0000000008002f1c      0x274 ./Drivers/STM32F4xx_HAL_Driver/Src/stm32f4xx_hal_i2c.o
                0x0000000008002f1c                HAL_I2C_Slave_Seq_Receive_DMA
 .text.HAL_I2C_EnableListen_IT
                0x0000000008003190       0x6c ./Drivers/STM32F4xx_HAL_Driver/Src/stm32f4xx_hal_i2c.o
                0x0000000008003190                HAL_I2C_EnableListen_IT
 .text.HAL_I2C_EV_IRQHandler
                0x00000000080031fc      0x2e2 ./Drivers/STM32F4xx_HAL_Driver/Src/stm32f4xx_hal_i2c.o
                0x00000000080031fc                HAL_I2C_EV_IRQHandler
 .text.HAL_I2C_ER_IRQHandler
                0x00000000080034de      0x14e ./Drivers/STM32F4xx_HAL_Driver/Src/stm32f4xx_hal_i2c.o
                0x00000000080034de                HAL_I2C_ER_IRQHandler
 .text.HAL_I2C_MasterTxCpltCallback
                0x000000000800362c       0x14 ./Drivers/STM32F4xx_HAL_Driver/Src/stm32f4xx_hal_i2c.o
                0x000000000800362c                HAL_I2C_MasterTxCpltCallback
 .text.HAL_I2C_MasterRxCpltCallback
                0x0000000008003640       0x14 ./Drivers/STM32F4xx_HAL_Driver/Src/stm32f4xx_hal_i2c.o
                0x0000000008003640                HAL_I2C_MasterRxCpltCallback
 .text.HAL_I2C_SlaveTxCpltCallback
                0x0000000008003654       0x14 ./Drivers/STM32F4xx_HAL_Driver/Src/stm32f4xx_hal_i2c.o
                0x0000000008003654                HAL_I2C_SlaveTxCpltCallback
 .text.HAL_I2C_MemTxCpltCallback
                0x0000000008003668       0x14 ./Drivers/STM32F4xx_HAL_Driver/Src/stm32f4xx_hal_i2c.o
                0x0000000008003668                HAL_I2C_MemTxCpltCallback
 .text.HAL_I2C_MemRxCpltCallback
                0x000000000800367c       0x14 ./Drivers/STM32F4xx_HAL_Driver/Src/stm32f4xx_hal_i2c.o
                0x000000000800367c                HAL_I2C_MemRxCpltCallback
 .text.HAL_I2C_AbortCpltCallback
                0x0000000008003690       0x14 ./Drivers/STM32F4xx_HAL_Driver/Src/stm32f4xx_hal_i2c.o
                0x0000000008003690                HAL_I2C_AbortCpltCallback
 .text.I2C_MasterTransmit_TXE
                0x00000000080036a4      0x138 ./Drivers/STM32F4xx_HAL_Driver/Src/stm32f4xx_hal_i2c.o
 .text.I2C_MasterTransmit_BTF
                0x00000000080037dc       0xec ./Drivers/STM32F4xx_HAL_Driver/Src/stm32f4xx_hal_i2c.o
 .text.I2C_MemoryTransmit_TXE_BTF
                0x00000000080038c8      0x128 ./Drivers/STM32F4xx_HAL_Driver/Src/stm32f4xx_hal_i2c.o
 .text.I2C_MasterReceive_RXNE
                0x00000000080039f0      0x176 ./Drivers/STM32F4xx_HAL_Driver/Src/stm32f4xx_hal_i2c.o
 .text.I2C_MasterReceive_BTF
                0x0000000008003b66      0x1d4 ./Drivers/STM32F4xx_HAL_Driver/Src/stm32f4xx_hal_i2c.o
 .text.I2C_Master_SB
                0x0000000008003d3a      0x10c ./Drivers/STM32F4xx_HAL_Driver/Src/stm32f4xx_hal_i2c.o
 .text.I2C_Master_ADD10
                0x0000000008003e46       0x54 ./Drivers/STM32F4xx_HAL_Driver/Src/stm32f4xx_hal_i2c.o
 .text.I2C_Master_ADDR
                0x0000000008003e9a      0x322 ./Drivers/STM32F4xx_HAL_Driver/Src/stm32f4xx_hal_i2c.o
 .text.I2C_SlaveTransmit_TXE
                0x00000000080041bc       0x7a ./Drivers/STM32F4xx_HAL_Driver/Src/stm32f4xx_hal_i2c.o
 .text.I2C_SlaveTransmit_BTF
                0x0000000008004236       0x42 ./Drivers/STM32F4xx_HAL_Driver/Src/stm32f4xx_hal_i2c.o
 .text.I2C_SlaveReceive_RXNE
                0x0000000008004278       0x7c ./Drivers/STM32F4xx_HAL_Driver/Src/stm32f4xx_hal_i2c.o
 .text.I2C_SlaveReceive_BTF
                0x00000000080042f4       0x44 ./Drivers/STM32F4xx_HAL_Driver/Src/stm32f4xx_hal_i2c.o
 .text.I2C_Slave_ADDR
                0x0000000008004338       0x94 ./Drivers/STM32F4xx_HAL_Driver/Src/stm32f4xx_hal_i2c.o
 .text.I2C_Slave_STOPF
                0x00000000080043cc      0x260 ./Drivers/STM32F4xx_HAL_Driver/Src/stm32f4xx_hal_i2c.o
 .text.I2C_Slave_AF
                0x000000000800462c       0xe0 ./Drivers/STM32F4xx_HAL_Driver/Src/stm32f4xx_hal_i2c.o
 .text.I2C_ITError
                0x000000000800470c      0x264 ./Drivers/STM32F4xx_HAL_Driver/Src/stm32f4xx_hal_i2c.o
 .text.I2C_DMAXferCplt
                0x0000000008004970      0x1aa ./Drivers/STM32F4xx_HAL_Driver/Src/stm32f4xx_hal_i2c.o
 .text.I2C_DMAError
                0x0000000008004b1a       0x7a ./Drivers/STM32F4xx_HAL_Driver/Src/stm32f4xx_hal_i2c.o
 .text.I2C_DMAAbort
                0x0000000008004b94      0x150 ./Drivers/STM32F4xx_HAL_Driver/Src/stm32f4xx_hal_i2c.o
 .text.I2C_WaitOnSTOPRequestThroughIT
                0x0000000008004ce4       0x64 ./Drivers/STM32F4xx_HAL_Driver/Src/stm32f4xx_hal_i2c.o
 .text.I2C_ConvertOtherXferOptions
                0x0000000008004d48       0x36 ./Drivers/STM32F4xx_HAL_Driver/Src/stm32f4xx_hal_i2c.o
 .text.HAL_PCD_Init
                0x0000000008004d7e      0x23a ./Drivers/STM32F4xx_HAL_Driver/Src/stm32f4xx_hal_pcd.o
                0x0000000008004d7e                HAL_PCD_Init
 .text.HAL_PCD_Start
                0x0000000008004fb8       0x66 ./Drivers/STM32F4xx_HAL_Driver/Src/stm32f4xx_hal_pcd.o
                0x0000000008004fb8                HAL_PCD_Start
 .text.HAL_PCD_IRQHandler
                0x000000000800501e      0x93e ./Drivers/STM32F4xx_HAL_Driver/Src/stm32f4xx_hal_pcd.o
                0x000000000800501e                HAL_PCD_IRQHandler
 .text.HAL_PCD_SetAddress
                0x000000000800595c       0x4a ./Drivers/STM32F4xx_HAL_Driver/Src/stm32f4xx_hal_pcd.o
                0x000000000800595c                HAL_PCD_SetAddress
 .text.HAL_PCD_EP_Open
                0x00000000080059a6       0xd0 ./Drivers/STM32F4xx_HAL_Driver/Src/stm32f4xx_hal_pcd.o
                0x00000000080059a6                HAL_PCD_EP_Open
 .text.HAL_PCD_EP_Close
                0x0000000008005a76       0x94 ./Drivers/STM32F4xx_HAL_Driver/Src/stm32f4xx_hal_pcd.o
                0x0000000008005a76                HAL_PCD_EP_Close
 .text.HAL_PCD_EP_Receive
                0x0000000008005b0a       0x96 ./Drivers/STM32F4xx_HAL_Driver/Src/stm32f4xx_hal_pcd.o
                0x0000000008005b0a                HAL_PCD_EP_Receive
 .text.HAL_PCD_EP_GetRxCount
                0x0000000008005ba0       0x30 ./Drivers/STM32F4xx_HAL_Driver/Src/stm32f4xx_hal_pcd.o
                0x0000000008005ba0                HAL_PCD_EP_GetRxCount
 .text.HAL_PCD_EP_Transmit
                0x0000000008005bd0       0x94 ./Drivers/STM32F4xx_HAL_Driver/Src/stm32f4xx_hal_pcd.o
                0x0000000008005bd0                HAL_PCD_EP_Transmit
 .text.HAL_PCD_EP_SetStall
                0x0000000008005c64       0xc8 ./Drivers/STM32F4xx_HAL_Driver/Src/stm32f4xx_hal_pcd.o
                0x0000000008005c64                HAL_PCD_EP_SetStall
 .text.HAL_PCD_EP_ClrStall
                0x0000000008005d2c       0xac ./Drivers/STM32F4xx_HAL_Driver/Src/stm32f4xx_hal_pcd.o
                0x0000000008005d2c                HAL_PCD_EP_ClrStall
 .text.HAL_PCD_EP_Abort
                0x0000000008005dd8       0x62 ./Drivers/STM32F4xx_HAL_Driver/Src/stm32f4xx_hal_pcd.o
                0x0000000008005dd8                HAL_PCD_EP_Abort
 .text.PCD_WriteEmptyTxFifo
                0x0000000008005e3a      0x11a ./Drivers/STM32F4xx_HAL_Driver/Src/stm32f4xx_hal_pcd.o
 .text.PCD_EP_OutXfrComplete_int
                0x0000000008005f54      0x1d0 ./Drivers/STM32F4xx_HAL_Driver/Src/stm32f4xx_hal_pcd.o
 .text.PCD_EP_OutSetupPacket_int
                0x0000000008006124       0x8c ./Drivers/STM32F4xx_HAL_Driver/Src/stm32f4xx_hal_pcd.o
 .text.HAL_PCDEx_SetTxFiFo
                0x00000000080061b0       0x8e ./Drivers/STM32F4xx_HAL_Driver/Src/stm32f4xx_hal_pcd_ex.o
                0x00000000080061b0                HAL_PCDEx_SetTxFiFo
 .text.HAL_PCDEx_SetRxFiFo
                0x000000000800623e       0x22 ./Drivers/STM32F4xx_HAL_Driver/Src/stm32f4xx_hal_pcd_ex.o
                0x000000000800623e                HAL_PCDEx_SetRxFiFo
 .text.HAL_PCDEx_LPM_Callback
                0x0000000008006260       0x18 ./Drivers/STM32F4xx_HAL_Driver/Src/stm32f4xx_hal_pcd_ex.o
                0x0000000008006260                HAL_PCDEx_LPM_Callback
 .text.HAL_RCC_OscConfig
                0x0000000008006278      0x4f0 ./Drivers/STM32F4xx_HAL_Driver/Src/stm32f4xx_hal_rcc.o
                0x0000000008006278                HAL_RCC_OscConfig
 .text.HAL_RCC_ClockConfig
                0x0000000008006768      0x1cc ./Drivers/STM32F4xx_HAL_Driver/Src/stm32f4xx_hal_rcc.o
                0x0000000008006768                HAL_RCC_ClockConfig
 .text.HAL_RCC_GetSysClockFreq
                0x0000000008006934      0x18c ./Drivers/STM32F4xx_HAL_Driver/Src/stm32f4xx_hal_rcc.o
                0x0000000008006934                HAL_RCC_GetSysClockFreq
 .text.HAL_RCC_GetHCLKFreq
                0x0000000008006ac0       0x18 ./Drivers/STM32F4xx_HAL_Driver/Src/stm32f4xx_hal_rcc.o
                0x0000000008006ac0                HAL_RCC_GetHCLKFreq
 .text.HAL_RCC_GetPCLK1Freq
                0x0000000008006ad8       0x28 ./Drivers/STM32F4xx_HAL_Driver/Src/stm32f4xx_hal_rcc.o
                0x0000000008006ad8                HAL_RCC_GetPCLK1Freq
 .text.HAL_RCC_GetPCLK2Freq
                0x0000000008006b00       0x28 ./Drivers/STM32F4xx_HAL_Driver/Src/stm32f4xx_hal_rcc.o
                0x0000000008006b00                HAL_RCC_GetPCLK2Freq
 .text.HAL_RCC_GetClockConfig
                0x0000000008006b28       0x64 ./Drivers/STM32F4xx_HAL_Driver/Src/stm32f4xx_hal_rcc.o
                0x0000000008006b28                HAL_RCC_GetClockConfig
 .text.HAL_RCCEx_PeriphCLKConfig
                0x0000000008006b8c      0x1dc ./Drivers/STM32F4xx_HAL_Driver/Src/stm32f4xx_hal_rcc_ex.o
                0x0000000008006b8c                HAL_RCCEx_PeriphCLKConfig
 .text.HAL_RTC_Init
                0x0000000008006d68       0xec ./Drivers/STM32F4xx_HAL_Driver/Src/stm32f4xx_hal_rtc.o
                0x0000000008006d68                HAL_RTC_Init
 .text.HAL_RTC_SetTime
                0x0000000008006e54      0x134 ./Drivers/STM32F4xx_HAL_Driver/Src/stm32f4xx_hal_rtc.o
                0x0000000008006e54                HAL_RTC_SetTime
 .text.HAL_RTC_GetTime
                0x0000000008006f88       0xbc ./Drivers/STM32F4xx_HAL_Driver/Src/stm32f4xx_hal_rtc.o
                0x0000000008006f88                HAL_RTC_GetTime
 .text.HAL_RTC_SetDate
                0x0000000008007044      0x108 ./Drivers/STM32F4xx_HAL_Driver/Src/stm32f4xx_hal_rtc.o
                0x0000000008007044                HAL_RTC_SetDate
 .text.HAL_RTC_GetDate
                0x000000000800714c       0x9e ./Drivers/STM32F4xx_HAL_Driver/Src/stm32f4xx_hal_rtc.o
                0x000000000800714c                HAL_RTC_GetDate
 .text.HAL_RTC_WaitForSynchro
                0x00000000080071ea       0x50 ./Drivers/STM32F4xx_HAL_Driver/Src/stm32f4xx_hal_rtc.o
                0x00000000080071ea                HAL_RTC_WaitForSynchro
 .text.RTC_EnterInitMode
                0x000000000800723a       0x6e ./Drivers/STM32F4xx_HAL_Driver/Src/stm32f4xx_hal_rtc.o
                0x000000000800723a                RTC_EnterInitMode
 .text.RTC_ExitInitMode
                0x00000000080072a8       0x4a ./Drivers/STM32F4xx_HAL_Driver/Src/stm32f4xx_hal_rtc.o
                0x00000000080072a8                RTC_ExitInitMode
 .text.RTC_ByteToBcd2
                0x00000000080072f2       0x3a ./Drivers/STM32F4xx_HAL_Driver/Src/stm32f4xx_hal_rtc.o
                0x00000000080072f2                RTC_ByteToBcd2
 .text.RTC_Bcd2ToByte
                0x000000000800732c       0x38 ./Drivers/STM32F4xx_HAL_Driver/Src/stm32f4xx_hal_rtc.o
                0x000000000800732c                RTC_Bcd2ToByte
 .text.HAL_RTCEx_BKUPWrite
                0x0000000008007364       0x34 ./Drivers/STM32F4xx_HAL_Driver/Src/stm32f4xx_hal_rtc_ex.o
                0x0000000008007364                HAL_RTCEx_BKUPWrite
 .text.HAL_SPI_Init
                0x0000000008007398      0x112 ./Drivers/STM32F4xx_HAL_Driver/Src/stm32f4xx_hal_spi.o
                0x0000000008007398                HAL_SPI_Init
 .text.HAL_SPI_Transmit
                0x00000000080074aa      0x278 ./Drivers/STM32F4xx_HAL_Driver/Src/stm32f4xx_hal_spi.o
                0x00000000080074aa                HAL_SPI_Transmit
 .text.HAL_SPI_Receive
                0x0000000008007722      0x222 ./Drivers/STM32F4xx_HAL_Driver/Src/stm32f4xx_hal_spi.o
                0x0000000008007722                HAL_SPI_Receive
 .text.HAL_SPI_TransmitReceive
                0x0000000008007944      0x344 ./Drivers/STM32F4xx_HAL_Driver/Src/stm32f4xx_hal_spi.o
                0x0000000008007944                HAL_SPI_TransmitReceive
 .text.SPI_WaitFlagStateUntilTimeout
                0x0000000008007c88      0x110 ./Drivers/STM32F4xx_HAL_Driver/Src/stm32f4xx_hal_spi.o
 .text.SPI_EndRxTransaction
                0x0000000008007d98       0xca ./Drivers/STM32F4xx_HAL_Driver/Src/stm32f4xx_hal_spi.o
 *fill*         0x0000000008007e62        0x2 
 .text.SPI_EndRxTxTransaction
                0x0000000008007e64       0x84 ./Drivers/STM32F4xx_HAL_Driver/Src/stm32f4xx_hal_spi.o
 .text.HAL_TIM_Base_Init
                0x0000000008007ee8       0x9e ./Drivers/STM32F4xx_HAL_Driver/Src/stm32f4xx_hal_tim.o
                0x0000000008007ee8                HAL_TIM_Base_Init
 *fill*         0x0000000008007f86        0x2 
 .text.HAL_TIM_Base_Start_IT
                0x0000000008007f88       0xc4 ./Drivers/STM32F4xx_HAL_Driver/Src/stm32f4xx_hal_tim.o
                0x0000000008007f88                HAL_TIM_Base_Start_IT
 .text.HAL_TIM_PWM_Init
                0x000000000800804c       0x9e ./Drivers/STM32F4xx_HAL_Driver/Src/stm32f4xx_hal_tim.o
                0x000000000800804c                HAL_TIM_PWM_Init
 .text.HAL_TIM_PWM_MspInit
                0x00000000080080ea       0x14 ./Drivers/STM32F4xx_HAL_Driver/Src/stm32f4xx_hal_tim.o
                0x00000000080080ea                HAL_TIM_PWM_MspInit
 *fill*         0x00000000080080fe        0x2 
 .text.HAL_TIM_PWM_Start_DMA
                0x0000000008008100      0x360 ./Drivers/STM32F4xx_HAL_Driver/Src/stm32f4xx_hal_tim.o
                0x0000000008008100                HAL_TIM_PWM_Start_DMA
 .text.HAL_TIM_IC_Init
                0x0000000008008460       0x9e ./Drivers/STM32F4xx_HAL_Driver/Src/stm32f4xx_hal_tim.o
                0x0000000008008460                HAL_TIM_IC_Init
 .text.HAL_TIM_IC_MspInit
                0x00000000080084fe       0x14 ./Drivers/STM32F4xx_HAL_Driver/Src/stm32f4xx_hal_tim.o
                0x00000000080084fe                HAL_TIM_IC_MspInit
 *fill*         0x0000000008008512        0x2 
 .text.HAL_TIM_IC_Start_DMA
                0x0000000008008514      0x338 ./Drivers/STM32F4xx_HAL_Driver/Src/stm32f4xx_hal_tim.o
                0x0000000008008514                HAL_TIM_IC_Start_DMA
 .text.HAL_TIM_IC_Stop_DMA
                0x000000000800884c      0x184 ./Drivers/STM32F4xx_HAL_Driver/Src/stm32f4xx_hal_tim.o
                0x000000000800884c                HAL_TIM_IC_Stop_DMA
 .text.HAL_TIM_IRQHandler
                0x00000000080089d0      0x210 ./Drivers/STM32F4xx_HAL_Driver/Src/stm32f4xx_hal_tim.o
                0x00000000080089d0                HAL_TIM_IRQHandler
 .text.HAL_TIM_IC_ConfigChannel
                0x0000000008008be0      0x138 ./Drivers/STM32F4xx_HAL_Driver/Src/stm32f4xx_hal_tim.o
                0x0000000008008be0                HAL_TIM_IC_ConfigChannel
 .text.HAL_TIM_PWM_ConfigChannel
                0x0000000008008d18      0x184 ./Drivers/STM32F4xx_HAL_Driver/Src/stm32f4xx_hal_tim.o
                0x0000000008008d18                HAL_TIM_PWM_ConfigChannel
 .text.HAL_TIM_ConfigClockSource
                0x0000000008008e9c      0x18e ./Drivers/STM32F4xx_HAL_Driver/Src/stm32f4xx_hal_tim.o
                0x0000000008008e9c                HAL_TIM_ConfigClockSource
 .text.HAL_TIM_OC_DelayElapsedCallback
                0x000000000800902a       0x14 ./Drivers/STM32F4xx_HAL_Driver/Src/stm32f4xx_hal_tim.o
                0x000000000800902a                HAL_TIM_OC_DelayElapsedCallback
 .text.HAL_TIM_IC_CaptureCallback
                0x000000000800903e       0x14 ./Drivers/STM32F4xx_HAL_Driver/Src/stm32f4xx_hal_tim.o
                0x000000000800903e                HAL_TIM_IC_CaptureCallback
 .text.HAL_TIM_IC_CaptureHalfCpltCallback
                0x0000000008009052       0x14 ./Drivers/STM32F4xx_HAL_Driver/Src/stm32f4xx_hal_tim.o
                0x0000000008009052                HAL_TIM_IC_CaptureHalfCpltCallback
 .text.HAL_TIM_PWM_PulseFinishedHalfCpltCallback
                0x0000000008009066       0x14 ./Drivers/STM32F4xx_HAL_Driver/Src/stm32f4xx_hal_tim.o
                0x0000000008009066                HAL_TIM_PWM_PulseFinishedHalfCpltCallback
 .text.HAL_TIM_TriggerCallback
                0x000000000800907a       0x14 ./Drivers/STM32F4xx_HAL_Driver/Src/stm32f4xx_hal_tim.o
                0x000000000800907a                HAL_TIM_TriggerCallback
 .text.HAL_TIM_ErrorCallback
                0x000000000800908e       0x14 ./Drivers/STM32F4xx_HAL_Driver/Src/stm32f4xx_hal_tim.o
                0x000000000800908e                HAL_TIM_ErrorCallback
 .text.TIM_DMAError
                0x00000000080090a2       0x92 ./Drivers/STM32F4xx_HAL_Driver/Src/stm32f4xx_hal_tim.o
                0x00000000080090a2                TIM_DMAError
 .text.TIM_DMADelayPulseCplt
                0x0000000008009134       0xa8 ./Drivers/STM32F4xx_HAL_Driver/Src/stm32f4xx_hal_tim.o
 .text.TIM_DMADelayPulseHalfCplt
                0x00000000080091dc       0x68 ./Drivers/STM32F4xx_HAL_Driver/Src/stm32f4xx_hal_tim.o
                0x00000000080091dc                TIM_DMADelayPulseHalfCplt
 .text.TIM_DMACaptureCplt
                0x0000000008009244       0xc8 ./Drivers/STM32F4xx_HAL_Driver/Src/stm32f4xx_hal_tim.o
                0x0000000008009244                TIM_DMACaptureCplt
 .text.TIM_DMACaptureHalfCplt
                0x000000000800930c       0x68 ./Drivers/STM32F4xx_HAL_Driver/Src/stm32f4xx_hal_tim.o
                0x000000000800930c                TIM_DMACaptureHalfCplt
 .text.TIM_Base_SetConfig
                0x0000000008009374      0x100 ./Drivers/STM32F4xx_HAL_Driver/Src/stm32f4xx_hal_tim.o
                0x0000000008009374                TIM_Base_SetConfig
 .text.TIM_OC1_SetConfig
                0x0000000008009474       0xcc ./Drivers/STM32F4xx_HAL_Driver/Src/stm32f4xx_hal_tim.o
 .text.TIM_OC2_SetConfig
                0x0000000008009540       0xd8 ./Drivers/STM32F4xx_HAL_Driver/Src/stm32f4xx_hal_tim.o
                0x0000000008009540                TIM_OC2_SetConfig
 .text.TIM_OC3_SetConfig
                0x0000000008009618       0xd4 ./Drivers/STM32F4xx_HAL_Driver/Src/stm32f4xx_hal_tim.o
 .text.TIM_OC4_SetConfig
                0x00000000080096ec       0xa0 ./Drivers/STM32F4xx_HAL_Driver/Src/stm32f4xx_hal_tim.o
 .text.TIM_TI1_SetConfig
                0x000000000800978c       0xd0 ./Drivers/STM32F4xx_HAL_Driver/Src/stm32f4xx_hal_tim.o
                0x000000000800978c                TIM_TI1_SetConfig
 .text.TIM_TI1_ConfigInputStage
                0x000000000800985c       0x5e ./Drivers/STM32F4xx_HAL_Driver/Src/stm32f4xx_hal_tim.o
 .text.TIM_TI2_SetConfig
                0x00000000080098ba       0x7a ./Drivers/STM32F4xx_HAL_Driver/Src/stm32f4xx_hal_tim.o
 .text.TIM_TI2_ConfigInputStage
                0x0000000008009934       0x60 ./Drivers/STM32F4xx_HAL_Driver/Src/stm32f4xx_hal_tim.o
 .text.TIM_TI3_SetConfig
                0x0000000008009994       0x78 ./Drivers/STM32F4xx_HAL_Driver/Src/stm32f4xx_hal_tim.o
 .text.TIM_TI4_SetConfig
                0x0000000008009a0c       0x7a ./Drivers/STM32F4xx_HAL_Driver/Src/stm32f4xx_hal_tim.o
 .text.TIM_ITRx_SetConfig
                0x0000000008009a86       0x36 ./Drivers/STM32F4xx_HAL_Driver/Src/stm32f4xx_hal_tim.o
 .text.TIM_ETR_SetConfig
                0x0000000008009abc       0x40 ./Drivers/STM32F4xx_HAL_Driver/Src/stm32f4xx_hal_tim.o
                0x0000000008009abc                TIM_ETR_SetConfig
 .text.TIM_CCxChannelCmd
                0x0000000008009afc       0x4a ./Drivers/STM32F4xx_HAL_Driver/Src/stm32f4xx_hal_tim.o
                0x0000000008009afc                TIM_CCxChannelCmd
 *fill*         0x0000000008009b46        0x2 
 .text.HAL_TIMEx_MasterConfigSynchronization
                0x0000000008009b48       0xdc ./Drivers/STM32F4xx_HAL_Driver/Src/stm32f4xx_hal_tim_ex.o
                0x0000000008009b48                HAL_TIMEx_MasterConfigSynchronization
 .text.HAL_TIMEx_ConfigBreakDeadTime
                0x0000000008009c24       0xa4 ./Drivers/STM32F4xx_HAL_Driver/Src/stm32f4xx_hal_tim_ex.o
                0x0000000008009c24                HAL_TIMEx_ConfigBreakDeadTime
 .text.HAL_TIMEx_CommutCallback
                0x0000000008009cc8       0x14 ./Drivers/STM32F4xx_HAL_Driver/Src/stm32f4xx_hal_tim_ex.o
                0x0000000008009cc8                HAL_TIMEx_CommutCallback
 .text.HAL_TIMEx_BreakCallback
                0x0000000008009cdc       0x14 ./Drivers/STM32F4xx_HAL_Driver/Src/stm32f4xx_hal_tim_ex.o
                0x0000000008009cdc                HAL_TIMEx_BreakCallback
 .text.HAL_UART_Init
                0x0000000008009cf0       0x9a ./Drivers/STM32F4xx_HAL_Driver/Src/stm32f4xx_hal_uart.o
                0x0000000008009cf0                HAL_UART_Init
 .text.HAL_UART_Transmit
                0x0000000008009d8a      0x124 ./Drivers/STM32F4xx_HAL_Driver/Src/stm32f4xx_hal_uart.o
                0x0000000008009d8a                HAL_UART_Transmit
 .text.HAL_UARTEx_ReceiveToIdle_DMA
                0x0000000008009eae       0xca ./Drivers/STM32F4xx_HAL_Driver/Src/stm32f4xx_hal_uart.o
                0x0000000008009eae                HAL_UARTEx_ReceiveToIdle_DMA
 .text.HAL_UART_IRQHandler
                0x0000000008009f78      0x51c ./Drivers/STM32F4xx_HAL_Driver/Src/stm32f4xx_hal_uart.o
                0x0000000008009f78                HAL_UART_IRQHandler
 .text.HAL_UART_TxCpltCallback
                0x000000000800a494       0x14 ./Drivers/STM32F4xx_HAL_Driver/Src/stm32f4xx_hal_uart.o
                0x000000000800a494                HAL_UART_TxCpltCallback
 .text.HAL_UART_RxCpltCallback
                0x000000000800a4a8       0x14 ./Drivers/STM32F4xx_HAL_Driver/Src/stm32f4xx_hal_uart.o
                0x000000000800a4a8                HAL_UART_RxCpltCallback
 .text.HAL_UART_RxHalfCpltCallback
                0x000000000800a4bc       0x14 ./Drivers/STM32F4xx_HAL_Driver/Src/stm32f4xx_hal_uart.o
                0x000000000800a4bc                HAL_UART_RxHalfCpltCallback
 .text.UART_DMAReceiveCplt
                0x000000000800a4d0      0x126 ./Drivers/STM32F4xx_HAL_Driver/Src/stm32f4xx_hal_uart.o
 .text.UART_DMARxHalfCplt
                0x000000000800a5f6       0x36 ./Drivers/STM32F4xx_HAL_Driver/Src/stm32f4xx_hal_uart.o
 .text.UART_DMAError
                0x000000000800a62c       0x94 ./Drivers/STM32F4xx_HAL_Driver/Src/stm32f4xx_hal_uart.o
 .text.UART_WaitOnFlagUntilTimeout
                0x000000000800a6c0       0xdc ./Drivers/STM32F4xx_HAL_Driver/Src/stm32f4xx_hal_uart.o
 .text.UART_Start_Receive_DMA
                0x000000000800a79c      0x13c ./Drivers/STM32F4xx_HAL_Driver/Src/stm32f4xx_hal_uart.o
                0x000000000800a79c                UART_Start_Receive_DMA
 .text.UART_EndTxTransfer
                0x000000000800a8d8       0x50 ./Drivers/STM32F4xx_HAL_Driver/Src/stm32f4xx_hal_uart.o
 .text.UART_EndRxTransfer
                0x000000000800a928       0xc6 ./Drivers/STM32F4xx_HAL_Driver/Src/stm32f4xx_hal_uart.o
 .text.UART_DMAAbortOnError
                0x000000000800a9ee       0x28 ./Drivers/STM32F4xx_HAL_Driver/Src/stm32f4xx_hal_uart.o
 .text.UART_Transmit_IT
                0x000000000800aa16       0xa0 ./Drivers/STM32F4xx_HAL_Driver/Src/stm32f4xx_hal_uart.o
 .text.UART_EndTransmit_IT
                0x000000000800aab6       0x30 ./Drivers/STM32F4xx_HAL_Driver/Src/stm32f4xx_hal_uart.o
 .text.UART_Receive_IT
                0x000000000800aae6      0x176 ./Drivers/STM32F4xx_HAL_Driver/Src/stm32f4xx_hal_uart.o
 .text.UART_SetConfig
                0x000000000800ac5c      0x4e8 ./Drivers/STM32F4xx_HAL_Driver/Src/stm32f4xx_hal_uart.o
 .text.USB_CoreInit
                0x000000000800b144       0xc2 ./Drivers/STM32F4xx_HAL_Driver/Src/stm32f4xx_ll_usb.o
                0x000000000800b144                USB_CoreInit
 *fill*         0x000000000800b206        0x2 
 .text.USB_SetTurnaroundTime
                0x000000000800b208      0x144 ./Drivers/STM32F4xx_HAL_Driver/Src/stm32f4xx_ll_usb.o
                0x000000000800b208                USB_SetTurnaroundTime
 .text.USB_EnableGlobalInt
                0x000000000800b34c       0x22 ./Drivers/STM32F4xx_HAL_Driver/Src/stm32f4xx_ll_usb.o
                0x000000000800b34c                USB_EnableGlobalInt
 .text.USB_DisableGlobalInt
                0x000000000800b36e       0x22 ./Drivers/STM32F4xx_HAL_Driver/Src/stm32f4xx_ll_usb.o
                0x000000000800b36e                USB_DisableGlobalInt
 .text.USB_SetCurrentMode
                0x000000000800b390       0x98 ./Drivers/STM32F4xx_HAL_Driver/Src/stm32f4xx_ll_usb.o
                0x000000000800b390                USB_SetCurrentMode
 .text.USB_DevInit
                0x000000000800b428      0x2c8 ./Drivers/STM32F4xx_HAL_Driver/Src/stm32f4xx_ll_usb.o
                0x000000000800b428                USB_DevInit
 .text.USB_FlushTxFifo
                0x000000000800b6f0       0x68 ./Drivers/STM32F4xx_HAL_Driver/Src/stm32f4xx_ll_usb.o
                0x000000000800b6f0                USB_FlushTxFifo
 .text.USB_FlushRxFifo
                0x000000000800b758       0x60 ./Drivers/STM32F4xx_HAL_Driver/Src/stm32f4xx_ll_usb.o
                0x000000000800b758                USB_FlushRxFifo
 .text.USB_SetDevSpeed
                0x000000000800b7b8       0x32 ./Drivers/STM32F4xx_HAL_Driver/Src/stm32f4xx_ll_usb.o
                0x000000000800b7b8                USB_SetDevSpeed
 .text.USB_GetDevSpeed
                0x000000000800b7ea       0x4a ./Drivers/STM32F4xx_HAL_Driver/Src/stm32f4xx_ll_usb.o
                0x000000000800b7ea                USB_GetDevSpeed
 .text.USB_ActivateEndpoint
                0x000000000800b834      0x10e ./Drivers/STM32F4xx_HAL_Driver/Src/stm32f4xx_ll_usb.o
                0x000000000800b834                USB_ActivateEndpoint
 *fill*         0x000000000800b942        0x2 
 .text.USB_DeactivateEndpoint
                0x000000000800b944      0x1b8 ./Drivers/STM32F4xx_HAL_Driver/Src/stm32f4xx_ll_usb.o
                0x000000000800b944                USB_DeactivateEndpoint
 .text.USB_EPStartXfer
                0x000000000800bafc      0x490 ./Drivers/STM32F4xx_HAL_Driver/Src/stm32f4xx_ll_usb.o
                0x000000000800bafc                USB_EPStartXfer
 .text.USB_EP0StartXfer
                0x000000000800bf8c      0x2b0 ./Drivers/STM32F4xx_HAL_Driver/Src/stm32f4xx_ll_usb.o
                0x000000000800bf8c                USB_EP0StartXfer
 .text.USB_EPStopXfer
                0x000000000800c23c      0x154 ./Drivers/STM32F4xx_HAL_Driver/Src/stm32f4xx_ll_usb.o
                0x000000000800c23c                USB_EPStopXfer
 .text.USB_WritePacket
                0x000000000800c390       0x7c ./Drivers/STM32F4xx_HAL_Driver/Src/stm32f4xx_ll_usb.o
                0x000000000800c390                USB_WritePacket
 .text.USB_ReadPacket
                0x000000000800c40c       0xb0 ./Drivers/STM32F4xx_HAL_Driver/Src/stm32f4xx_ll_usb.o
                0x000000000800c40c                USB_ReadPacket
 .text.USB_EPSetStall
                0x000000000800c4bc       0xdc ./Drivers/STM32F4xx_HAL_Driver/Src/stm32f4xx_ll_usb.o
                0x000000000800c4bc                USB_EPSetStall
 .text.USB_EPClearStall
                0x000000000800c598       0xcc ./Drivers/STM32F4xx_HAL_Driver/Src/stm32f4xx_ll_usb.o
                0x000000000800c598                USB_EPClearStall
 .text.USB_SetDevAddress
                0x000000000800c664       0x4c ./Drivers/STM32F4xx_HAL_Driver/Src/stm32f4xx_ll_usb.o
                0x000000000800c664                USB_SetDevAddress
 .text.USB_DevConnect
                0x000000000800c6b0       0x42 ./Drivers/STM32F4xx_HAL_Driver/Src/stm32f4xx_ll_usb.o
                0x000000000800c6b0                USB_DevConnect
 .text.USB_DevDisconnect
                0x000000000800c6f2       0x42 ./Drivers/STM32F4xx_HAL_Driver/Src/stm32f4xx_ll_usb.o
                0x000000000800c6f2                USB_DevDisconnect
 .text.USB_ReadInterrupts
                0x000000000800c734       0x26 ./Drivers/STM32F4xx_HAL_Driver/Src/stm32f4xx_ll_usb.o
                0x000000000800c734                USB_ReadInterrupts
 .text.USB_ReadDevAllOutEpInterrupt
                0x000000000800c75a       0x34 ./Drivers/STM32F4xx_HAL_Driver/Src/stm32f4xx_ll_usb.o
                0x000000000800c75a                USB_ReadDevAllOutEpInterrupt
 .text.USB_ReadDevAllInEpInterrupt
                0x000000000800c78e       0x34 ./Drivers/STM32F4xx_HAL_Driver/Src/stm32f4xx_ll_usb.o
                0x000000000800c78e                USB_ReadDevAllInEpInterrupt
 .text.USB_ReadDevOutEPInterrupt
                0x000000000800c7c2       0x3c ./Drivers/STM32F4xx_HAL_Driver/Src/stm32f4xx_ll_usb.o
                0x000000000800c7c2                USB_ReadDevOutEPInterrupt
 .text.USB_ReadDevInEPInterrupt
                0x000000000800c7fe       0x5c ./Drivers/STM32F4xx_HAL_Driver/Src/stm32f4xx_ll_usb.o
                0x000000000800c7fe                USB_ReadDevInEPInterrupt
 .text.USB_GetMode
                0x000000000800c85a       0x1c ./Drivers/STM32F4xx_HAL_Driver/Src/stm32f4xx_ll_usb.o
                0x000000000800c85a                USB_GetMode
 .text.USB_ActivateSetup
                0x000000000800c876       0x46 ./Drivers/STM32F4xx_HAL_Driver/Src/stm32f4xx_ll_usb.o
                0x000000000800c876                USB_ActivateSetup
 .text.USB_EP0_OutStart
                0x000000000800c8bc       0xbc ./Drivers/STM32F4xx_HAL_Driver/Src/stm32f4xx_ll_usb.o
                0x000000000800c8bc                USB_EP0_OutStart
 .text.USB_CoreReset
                0x000000000800c978       0x68 ./Drivers/STM32F4xx_HAL_Driver/Src/stm32f4xx_ll_usb.o
 .text.USBD_CDC_Init
                0x000000000800c9e0      0x1f0 ./Middlewares/ST/STM32_USB_Device_Library/Class/CDC/Src/usbd_cdc.o
 .text.USBD_CDC_DeInit
                0x000000000800cbd0      0x104 ./Middlewares/ST/STM32_USB_Device_Library/Class/CDC/Src/usbd_cdc.o
 .text.USBD_CDC_Setup
                0x000000000800ccd4      0x1b8 ./Middlewares/ST/STM32_USB_Device_Library/Class/CDC/Src/usbd_cdc.o
 .text.USBD_CDC_DataIn
                0x000000000800ce8c       0xfe ./Middlewares/ST/STM32_USB_Device_Library/Class/CDC/Src/usbd_cdc.o
 .text.USBD_CDC_DataOut
                0x000000000800cf8a       0x70 ./Middlewares/ST/STM32_USB_Device_Library/Class/CDC/Src/usbd_cdc.o
 .text.USBD_CDC_EP0_RxReady
                0x000000000800cffa       0x76 ./Middlewares/ST/STM32_USB_Device_Library/Class/CDC/Src/usbd_cdc.o
 .text.USBD_CDC_GetFSCfgDesc
                0x000000000800d070       0x70 ./Middlewares/ST/STM32_USB_Device_Library/Class/CDC/Src/usbd_cdc.o
 .text.USBD_CDC_GetHSCfgDesc
                0x000000000800d0e0       0x70 ./Middlewares/ST/STM32_USB_Device_Library/Class/CDC/Src/usbd_cdc.o
 .text.USBD_CDC_GetOtherSpeedCfgDesc
                0x000000000800d150       0x70 ./Middlewares/ST/STM32_USB_Device_Library/Class/CDC/Src/usbd_cdc.o
 .text.USBD_CDC_GetDeviceQualifierDescriptor
                0x000000000800d1c0       0x20 ./Middlewares/ST/STM32_USB_Device_Library/Class/CDC/Src/usbd_cdc.o
                0x000000000800d1c0                USBD_CDC_GetDeviceQualifierDescriptor
 .text.USBD_CDC_RegisterInterface
                0x000000000800d1e0       0x34 ./Middlewares/ST/STM32_USB_Device_Library/Class/CDC/Src/usbd_cdc.o
                0x000000000800d1e0                USBD_CDC_RegisterInterface
 .text.USBD_CDC_SetTxBuffer
                0x000000000800d214       0x44 ./Middlewares/ST/STM32_USB_Device_Library/Class/CDC/Src/usbd_cdc.o
                0x000000000800d214                USBD_CDC_SetTxBuffer
 .text.USBD_CDC_SetRxBuffer
                0x000000000800d258       0x3a ./Middlewares/ST/STM32_USB_Device_Library/Class/CDC/Src/usbd_cdc.o
                0x000000000800d258                USBD_CDC_SetRxBuffer
 *fill*         0x000000000800d292        0x2 
 .text.USBD_CDC_TransmitPacket
                0x000000000800d294       0x8c ./Middlewares/ST/STM32_USB_Device_Library/Class/CDC/Src/usbd_cdc.o
                0x000000000800d294                USBD_CDC_TransmitPacket
 .text.USBD_CDC_ReceivePacket
                0x000000000800d320       0x6c ./Middlewares/ST/STM32_USB_Device_Library/Class/CDC/Src/usbd_cdc.o
                0x000000000800d320                USBD_CDC_ReceivePacket
 .text.USBD_Init
                0x000000000800d38c       0x60 ./Middlewares/ST/STM32_USB_Device_Library/Core/Src/usbd_core.o
                0x000000000800d38c                USBD_Init
 .text.USBD_RegisterClass
                0x000000000800d3ec       0x6c ./Middlewares/ST/STM32_USB_Device_Library/Core/Src/usbd_core.o
                0x000000000800d3ec                USBD_RegisterClass
 .text.USBD_Start
                0x000000000800d458       0x18 ./Middlewares/ST/STM32_USB_Device_Library/Core/Src/usbd_core.o
                0x000000000800d458                USBD_Start
 .text.USBD_RunTestMode
                0x000000000800d470       0x16 ./Middlewares/ST/STM32_USB_Device_Library/Core/Src/usbd_core.o
                0x000000000800d470                USBD_RunTestMode
 .text.USBD_SetClassConfig
                0x000000000800d486       0x38 ./Middlewares/ST/STM32_USB_Device_Library/Core/Src/usbd_core.o
                0x000000000800d486                USBD_SetClassConfig
 .text.USBD_ClrClassConfig
                0x000000000800d4be       0x34 ./Middlewares/ST/STM32_USB_Device_Library/Core/Src/usbd_core.o
                0x000000000800d4be                USBD_ClrClassConfig
 .text.USBD_LL_SetupStage
                0x000000000800d4f2       0xaa ./Middlewares/ST/STM32_USB_Device_Library/Core/Src/usbd_core.o
                0x000000000800d4f2                USBD_LL_SetupStage
 .text.USBD_LL_DataOutStage
                0x000000000800d59c      0x166 ./Middlewares/ST/STM32_USB_Device_Library/Core/Src/usbd_core.o
                0x000000000800d59c                USBD_LL_DataOutStage
 .text.USBD_LL_DataInStage
                0x000000000800d702      0x164 ./Middlewares/ST/STM32_USB_Device_Library/Core/Src/usbd_core.o
                0x000000000800d702                USBD_LL_DataInStage
 .text.USBD_LL_Reset
                0x000000000800d866       0xa4 ./Middlewares/ST/STM32_USB_Device_Library/Core/Src/usbd_core.o
                0x000000000800d866                USBD_LL_Reset
 .text.USBD_LL_SetSpeed
                0x000000000800d90a       0x20 ./Middlewares/ST/STM32_USB_Device_Library/Core/Src/usbd_core.o
                0x000000000800d90a                USBD_LL_SetSpeed
 .text.USBD_LL_Suspend
                0x000000000800d92a       0x2c ./Middlewares/ST/STM32_USB_Device_Library/Core/Src/usbd_core.o
                0x000000000800d92a                USBD_LL_Suspend
 .text.USBD_LL_Resume
                0x000000000800d956       0x30 ./Middlewares/ST/STM32_USB_Device_Library/Core/Src/usbd_core.o
                0x000000000800d956                USBD_LL_Resume
 .text.USBD_LL_SOF
                0x000000000800d986       0x40 ./Middlewares/ST/STM32_USB_Device_Library/Core/Src/usbd_core.o
                0x000000000800d986                USBD_LL_SOF
 .text.USBD_LL_IsoINIncomplete
                0x000000000800d9c6       0x64 ./Middlewares/ST/STM32_USB_Device_Library/Core/Src/usbd_core.o
                0x000000000800d9c6                USBD_LL_IsoINIncomplete
 .text.USBD_LL_IsoOUTIncomplete
                0x000000000800da2a       0x64 ./Middlewares/ST/STM32_USB_Device_Library/Core/Src/usbd_core.o
                0x000000000800da2a                USBD_LL_IsoOUTIncomplete
 .text.USBD_LL_DevConnected
                0x000000000800da8e       0x16 ./Middlewares/ST/STM32_USB_Device_Library/Core/Src/usbd_core.o
                0x000000000800da8e                USBD_LL_DevConnected
 .text.USBD_LL_DevDisconnected
                0x000000000800daa4       0x46 ./Middlewares/ST/STM32_USB_Device_Library/Core/Src/usbd_core.o
                0x000000000800daa4                USBD_LL_DevDisconnected
 .text.USBD_CoreFindIF
                0x000000000800daea       0x1a ./Middlewares/ST/STM32_USB_Device_Library/Core/Src/usbd_core.o
                0x000000000800daea                USBD_CoreFindIF
 .text.USBD_CoreFindEP
                0x000000000800db04       0x1a ./Middlewares/ST/STM32_USB_Device_Library/Core/Src/usbd_core.o
                0x000000000800db04                USBD_CoreFindEP
 .text.USBD_GetEpDesc
                0x000000000800db1e       0x74 ./Middlewares/ST/STM32_USB_Device_Library/Core/Src/usbd_core.o
                0x000000000800db1e                USBD_GetEpDesc
 .text.USBD_GetNextDesc
                0x000000000800db92       0x3a ./Middlewares/ST/STM32_USB_Device_Library/Core/Src/usbd_core.o
                0x000000000800db92                USBD_GetNextDesc
 .text.SWAPBYTE
                0x000000000800dbcc       0x3c ./Middlewares/ST/STM32_USB_Device_Library/Core/Src/usbd_ctlreq.o
 .text.USBD_StdDevReq
                0x000000000800dc08       0xe4 ./Middlewares/ST/STM32_USB_Device_Library/Core/Src/usbd_ctlreq.o
                0x000000000800dc08                USBD_StdDevReq
 .text.USBD_StdItfReq
                0x000000000800dcec       0xd8 ./Middlewares/ST/STM32_USB_Device_Library/Core/Src/usbd_ctlreq.o
                0x000000000800dcec                USBD_StdItfReq
 .text.USBD_StdEPReq
                0x000000000800ddc4      0x33a ./Middlewares/ST/STM32_USB_Device_Library/Core/Src/usbd_ctlreq.o
                0x000000000800ddc4                USBD_StdEPReq
 *fill*         0x000000000800e0fe        0x2 
 .text.USBD_GetDescriptor
                0x000000000800e100      0x2d4 ./Middlewares/ST/STM32_USB_Device_Library/Core/Src/usbd_ctlreq.o
 .text.USBD_SetAddress
                0x000000000800e3d4       0x88 ./Middlewares/ST/STM32_USB_Device_Library/Core/Src/usbd_ctlreq.o
 .text.USBD_SetConfig
                0x000000000800e45c      0x154 ./Middlewares/ST/STM32_USB_Device_Library/Core/Src/usbd_ctlreq.o
 .text.USBD_GetConfig
                0x000000000800e5b0       0x6c ./Middlewares/ST/STM32_USB_Device_Library/Core/Src/usbd_ctlreq.o
 .text.USBD_GetStatus
                0x000000000800e61c       0x68 ./Middlewares/ST/STM32_USB_Device_Library/Core/Src/usbd_ctlreq.o
 .text.USBD_SetFeature
                0x000000000800e684       0x52 ./Middlewares/ST/STM32_USB_Device_Library/Core/Src/usbd_ctlreq.o
 .text.USBD_ClrFeature
                0x000000000800e6d6       0x44 ./Middlewares/ST/STM32_USB_Device_Library/Core/Src/usbd_ctlreq.o
 .text.USBD_ParseSetupRequest
                0x000000000800e71a       0x74 ./Middlewares/ST/STM32_USB_Device_Library/Core/Src/usbd_ctlreq.o
                0x000000000800e71a                USBD_ParseSetupRequest
 .text.USBD_CtlError
                0x000000000800e78e       0x22 ./Middlewares/ST/STM32_USB_Device_Library/Core/Src/usbd_ctlreq.o
                0x000000000800e78e                USBD_CtlError
 .text.USBD_GetString
                0x000000000800e7b0       0x8c ./Middlewares/ST/STM32_USB_Device_Library/Core/Src/usbd_ctlreq.o
                0x000000000800e7b0                USBD_GetString
 .text.USBD_GetLen
                0x000000000800e83c       0x34 ./Middlewares/ST/STM32_USB_Device_Library/Core/Src/usbd_ctlreq.o
 .text.USBD_CtlSendData
                0x000000000800e870       0x36 ./Middlewares/ST/STM32_USB_Device_Library/Core/Src/usbd_ioreq.o
                0x000000000800e870                USBD_CtlSendData
 .text.USBD_CtlContinueSendData
                0x000000000800e8a6       0x22 ./Middlewares/ST/STM32_USB_Device_Library/Core/Src/usbd_ioreq.o
                0x000000000800e8a6                USBD_CtlContinueSendData
 .text.USBD_CtlPrepareRx
                0x000000000800e8c8       0x3a ./Middlewares/ST/STM32_USB_Device_Library/Core/Src/usbd_ioreq.o
                0x000000000800e8c8                USBD_CtlPrepareRx
 .text.USBD_CtlContinueRx
                0x000000000800e902       0x22 ./Middlewares/ST/STM32_USB_Device_Library/Core/Src/usbd_ioreq.o
                0x000000000800e902                USBD_CtlContinueRx
 .text.USBD_CtlSendStatus
                0x000000000800e924       0x26 ./Middlewares/ST/STM32_USB_Device_Library/Core/Src/usbd_ioreq.o
                0x000000000800e924                USBD_CtlSendStatus
 .text.USBD_CtlReceiveStatus
                0x000000000800e94a       0x26 ./Middlewares/ST/STM32_USB_Device_Library/Core/Src/usbd_ioreq.o
                0x000000000800e94a                USBD_CtlReceiveStatus
 .text.makeFreeRtosPriority
                0x000000000800e970       0x30 ./Middlewares/Third_Party/FreeRTOS/Source/CMSIS_RTOS/cmsis_os.o
 .text.osKernelStart
                0x000000000800e9a0        0xe ./Middlewares/Third_Party/FreeRTOS/Source/CMSIS_RTOS/cmsis_os.o
                0x000000000800e9a0                osKernelStart
 .text.osThreadCreate
                0x000000000800e9ae       0x98 ./Middlewares/Third_Party/FreeRTOS/Source/CMSIS_RTOS/cmsis_os.o
                0x000000000800e9ae                osThreadCreate
 .text.osDelay  0x000000000800ea46       0x28 ./Middlewares/Third_Party/FreeRTOS/Source/CMSIS_RTOS/cmsis_os.o
                0x000000000800ea46                osDelay
 .text.osSemaphoreCreate
                0x000000000800ea6e       0x64 ./Middlewares/Third_Party/FreeRTOS/Source/CMSIS_RTOS/cmsis_os.o
                0x000000000800ea6e                osSemaphoreCreate
 .text.vListInitialise
                0x000000000800ead2       0x40 ./Middlewares/Third_Party/FreeRTOS/Source/list.o
                0x000000000800ead2                vListInitialise
 .text.vListInitialiseItem
                0x000000000800eb12       0x1a ./Middlewares/Third_Party/FreeRTOS/Source/list.o
                0x000000000800eb12                vListInitialiseItem
 .text.vListInsertEnd
                0x000000000800eb2c       0x48 ./Middlewares/Third_Party/FreeRTOS/Source/list.o
                0x000000000800eb2c                vListInsertEnd
 .text.vListInsert
                0x000000000800eb74       0x72 ./Middlewares/Third_Party/FreeRTOS/Source/list.o
                0x000000000800eb74                vListInsert
 .text.uxListRemove
                0x000000000800ebe6       0x54 ./Middlewares/Third_Party/FreeRTOS/Source/list.o
                0x000000000800ebe6                uxListRemove
 *fill*         0x000000000800ec3a        0x2 
 .text.xQueueGenericReset
                0x000000000800ec3c       0xd0 ./Middlewares/Third_Party/FreeRTOS/Source/queue.o
                0x000000000800ec3c                xQueueGenericReset
 .text.xQueueGenericCreateStatic
                0x000000000800ed0c       0xf0 ./Middlewares/Third_Party/FreeRTOS/Source/queue.o
                0x000000000800ed0c                xQueueGenericCreateStatic
 .text.xQueueGenericCreate
                0x000000000800edfc       0x74 ./Middlewares/Third_Party/FreeRTOS/Source/queue.o
                0x000000000800edfc                xQueueGenericCreate
 .text.prvInitialiseNewQueue
                0x000000000800ee70       0x3e ./Middlewares/Third_Party/FreeRTOS/Source/queue.o
 *fill*         0x000000000800eeae        0x2 
 .text.xQueueGenericSend
                0x000000000800eeb0      0x1fc ./Middlewares/Third_Party/FreeRTOS/Source/queue.o
                0x000000000800eeb0                xQueueGenericSend
 .text.prvCopyDataToQueue
                0x000000000800f0ac       0xd4 ./Middlewares/Third_Party/FreeRTOS/Source/queue.o
 .text.prvUnlockQueue
                0x000000000800f180       0xa4 ./Middlewares/Third_Party/FreeRTOS/Source/queue.o
 .text.prvIsQueueFull
                0x000000000800f224       0x30 ./Middlewares/Third_Party/FreeRTOS/Source/queue.o
 .text.xTaskCreateStatic
                0x000000000800f254       0xba ./Middlewares/Third_Party/FreeRTOS/Source/tasks.o
                0x000000000800f254                xTaskCreateStatic
 .text.xTaskCreate
                0x000000000800f30e       0x8a ./Middlewares/Third_Party/FreeRTOS/Source/tasks.o
                0x000000000800f30e                xTaskCreate
 .text.prvInitialiseNewTask
                0x000000000800f398      0x10e ./Middlewares/Third_Party/FreeRTOS/Source/tasks.o
 *fill*         0x000000000800f4a6        0x2 
 .text.prvAddNewTaskToReadyList
                0x000000000800f4a8       0xd4 ./Middlewares/Third_Party/FreeRTOS/Source/tasks.o
 .text.vTaskDelay
                0x000000000800f57c       0x68 ./Middlewares/Third_Party/FreeRTOS/Source/tasks.o
                0x000000000800f57c                vTaskDelay
 .text.vTaskStartScheduler
                0x000000000800f5e4       0xc0 ./Middlewares/Third_Party/FreeRTOS/Source/tasks.o
                0x000000000800f5e4                vTaskStartScheduler
 .text.vTaskSuspendAll
                0x000000000800f6a4       0x1c ./Middlewares/Third_Party/FreeRTOS/Source/tasks.o
                0x000000000800f6a4                vTaskSuspendAll
 .text.xTaskResumeAll
                0x000000000800f6c0      0x138 ./Middlewares/Third_Party/FreeRTOS/Source/tasks.o
                0x000000000800f6c0                xTaskResumeAll
 .text.xTaskIncrementTick
                0x000000000800f7f8      0x170 ./Middlewares/Third_Party/FreeRTOS/Source/tasks.o
                0x000000000800f7f8                xTaskIncrementTick
 .text.vTaskSwitchContext
                0x000000000800f968       0xb8 ./Middlewares/Third_Party/FreeRTOS/Source/tasks.o
                0x000000000800f968                vTaskSwitchContext
 .text.vTaskPlaceOnEventList
                0x000000000800fa20       0x48 ./Middlewares/Third_Party/FreeRTOS/Source/tasks.o
                0x000000000800fa20                vTaskPlaceOnEventList
 .text.xTaskRemoveFromEventList
                0x000000000800fa68       0xc4 ./Middlewares/Third_Party/FreeRTOS/Source/tasks.o
                0x000000000800fa68                xTaskRemoveFromEventList
 .text.vTaskInternalSetTimeOutState
                0x000000000800fb2c       0x2c ./Middlewares/Third_Party/FreeRTOS/Source/tasks.o
                0x000000000800fb2c                vTaskInternalSetTimeOutState
 .text.xTaskCheckForTimeOut
                0x000000000800fb58       0xc4 ./Middlewares/Third_Party/FreeRTOS/Source/tasks.o
                0x000000000800fb58                xTaskCheckForTimeOut
 .text.vTaskMissedYield
                0x000000000800fc1c       0x18 ./Middlewares/Third_Party/FreeRTOS/Source/tasks.o
                0x000000000800fc1c                vTaskMissedYield
 .text.prvIdleTask
                0x000000000800fc34       0x30 ./Middlewares/Third_Party/FreeRTOS/Source/tasks.o
 .text.prvInitialiseTaskLists
                0x000000000800fc64       0x80 ./Middlewares/Third_Party/FreeRTOS/Source/tasks.o
 .text.prvCheckTasksWaitingTermination
                0x000000000800fce4       0x5c ./Middlewares/Third_Party/FreeRTOS/Source/tasks.o
 .text.prvDeleteTCB
                0x000000000800fd40       0x5e ./Middlewares/Third_Party/FreeRTOS/Source/tasks.o
 *fill*         0x000000000800fd9e        0x2 
 .text.prvResetNextTaskUnblockTime
                0x000000000800fda0       0x40 ./Middlewares/Third_Party/FreeRTOS/Source/tasks.o
 .text.xTaskGetSchedulerState
                0x000000000800fde0       0x3c ./Middlewares/Third_Party/FreeRTOS/Source/tasks.o
                0x000000000800fde0                xTaskGetSchedulerState
 .text.xTaskPriorityDisinherit
                0x000000000800fe1c      0x10c ./Middlewares/Third_Party/FreeRTOS/Source/tasks.o
                0x000000000800fe1c                xTaskPriorityDisinherit
 .text.prvAddCurrentTaskToDelayedList
                0x000000000800ff28       0xcc ./Middlewares/Third_Party/FreeRTOS/Source/tasks.o
 .text.pxPortInitialiseStack
                0x000000000800fff4       0x68 ./Middlewares/Third_Party/FreeRTOS/Source/portable/GCC/ARM_CM4F/port.o
                0x000000000800fff4                pxPortInitialiseStack
 .text.prvTaskExitError
                0x000000000801005c       0x58 ./Middlewares/Third_Party/FreeRTOS/Source/portable/GCC/ARM_CM4F/port.o
 *fill*         0x00000000080100b4        0xc 
 .text.SVC_Handler
                0x00000000080100c0       0x28 ./Middlewares/Third_Party/FreeRTOS/Source/portable/GCC/ARM_CM4F/port.o
                0x00000000080100c0                SVC_Handler
 .text.prvPortStartFirstTask
                0x00000000080100e8       0x28 ./Middlewares/Third_Party/FreeRTOS/Source/portable/GCC/ARM_CM4F/port.o
 .text.xPortStartScheduler
                0x0000000008010110      0x144 ./Middlewares/Third_Party/FreeRTOS/Source/portable/GCC/ARM_CM4F/port.o
                0x0000000008010110                xPortStartScheduler
 .text.vPortEnterCritical
                0x0000000008010254       0x60 ./Middlewares/Third_Party/FreeRTOS/Source/portable/GCC/ARM_CM4F/port.o
                0x0000000008010254                vPortEnterCritical
 .text.vPortExitCritical
                0x00000000080102b4       0x54 ./Middlewares/Third_Party/FreeRTOS/Source/portable/GCC/ARM_CM4F/port.o
                0x00000000080102b4                vPortExitCritical
 *fill*         0x0000000008010308        0x8 
 .text.PendSV_Handler
                0x0000000008010310       0x68 ./Middlewares/Third_Party/FreeRTOS/Source/portable/GCC/ARM_CM4F/port.o
                0x0000000008010310                PendSV_Handler
 .text.SysTick_Handler
                0x0000000008010378       0x44 ./Middlewares/Third_Party/FreeRTOS/Source/portable/GCC/ARM_CM4F/port.o
                0x0000000008010378                SysTick_Handler
 .text.vPortSetupTimerInterrupt
                0x00000000080103bc       0x48 ./Middlewares/Third_Party/FreeRTOS/Source/portable/GCC/ARM_CM4F/port.o
                0x00000000080103bc                vPortSetupTimerInterrupt
 .text.vPortEnableVFP
                0x0000000008010404       0x14 ./Middlewares/Third_Party/FreeRTOS/Source/portable/GCC/ARM_CM4F/port.o
 .text.pvPortMalloc
                0x0000000008010418      0x198 ./Middlewares/Third_Party/FreeRTOS/Source/portable/MemMang/heap_4.o
                0x0000000008010418                pvPortMalloc
 .text.vPortFree
                0x00000000080105b0       0xc4 ./Middlewares/Third_Party/FreeRTOS/Source/portable/MemMang/heap_4.o
                0x00000000080105b0                vPortFree
 .text.prvHeapInit
                0x0000000008010674       0xc4 ./Middlewares/Third_Party/FreeRTOS/Source/portable/MemMang/heap_4.o
 .text.prvInsertBlockIntoFreeList
                0x0000000008010738       0xb4 ./Middlewares/Third_Party/FreeRTOS/Source/portable/MemMang/heap_4.o
 .text.MX_USB_DEVICE_Init
                0x00000000080107ec       0x60 ./USB_DEVICE/App/usb_device.o
                0x00000000080107ec                MX_USB_DEVICE_Init
 .text.CDC_Init_FS
                0x000000000801084c       0x28 ./USB_DEVICE/App/usbd_cdc_if.o
 .text.CDC_DeInit_FS
                0x0000000008010874       0x10 ./USB_DEVICE/App/usbd_cdc_if.o
 .text.CDC_Control_FS
                0x0000000008010884       0xbc ./USB_DEVICE/App/usbd_cdc_if.o
 .text.CDC_Receive_FS
                0x0000000008010940       0x54 ./USB_DEVICE/App/usbd_cdc_if.o
 .text.CDC_Transmit_FS
                0x0000000008010994       0x4c ./USB_DEVICE/App/usbd_cdc_if.o
                0x0000000008010994                CDC_Transmit_FS
 .text.CDC_TransmitCplt_FS
                0x00000000080109e0       0x22 ./USB_DEVICE/App/usbd_cdc_if.o
 *fill*         0x0000000008010a02        0x2 
 .text.USBD_FS_DeviceDescriptor
                0x0000000008010a04       0x24 ./USB_DEVICE/App/usbd_desc.o
                0x0000000008010a04                USBD_FS_DeviceDescriptor
 .text.USBD_FS_LangIDStrDescriptor
                0x0000000008010a28       0x24 ./USB_DEVICE/App/usbd_desc.o
                0x0000000008010a28                USBD_FS_LangIDStrDescriptor
 .text.USBD_FS_ProductStrDescriptor
                0x0000000008010a4c       0x3c ./USB_DEVICE/App/usbd_desc.o
                0x0000000008010a4c                USBD_FS_ProductStrDescriptor
 .text.USBD_FS_ManufacturerStrDescriptor
                0x0000000008010a88       0x28 ./USB_DEVICE/App/usbd_desc.o
                0x0000000008010a88                USBD_FS_ManufacturerStrDescriptor
 .text.USBD_FS_SerialStrDescriptor
                0x0000000008010ab0       0x24 ./USB_DEVICE/App/usbd_desc.o
                0x0000000008010ab0                USBD_FS_SerialStrDescriptor
 .text.USBD_FS_ConfigStrDescriptor
                0x0000000008010ad4       0x3c ./USB_DEVICE/App/usbd_desc.o
                0x0000000008010ad4                USBD_FS_ConfigStrDescriptor
 .text.USBD_FS_InterfaceStrDescriptor
                0x0000000008010b10       0x3c ./USB_DEVICE/App/usbd_desc.o
                0x0000000008010b10                USBD_FS_InterfaceStrDescriptor
 .text.Get_SerialNum
                0x0000000008010b4c       0x58 ./USB_DEVICE/App/usbd_desc.o
 .text.IntToUnicode
                0x0000000008010ba4       0x7e ./USB_DEVICE/App/usbd_desc.o
 *fill*         0x0000000008010c22        0x2 
 .text.HAL_PCD_MspInit
                0x0000000008010c24       0xa8 ./USB_DEVICE/Target/usbd_conf.o
                0x0000000008010c24                HAL_PCD_MspInit
 .text.HAL_PCD_SetupStageCallback
                0x0000000008010ccc       0x24 ./USB_DEVICE/Target/usbd_conf.o
                0x0000000008010ccc                HAL_PCD_SetupStageCallback
 .text.HAL_PCD_DataOutStageCallback
                0x0000000008010cf0       0x36 ./USB_DEVICE/Target/usbd_conf.o
                0x0000000008010cf0                HAL_PCD_DataOutStageCallback
 .text.HAL_PCD_DataInStageCallback
                0x0000000008010d26       0x34 ./USB_DEVICE/Target/usbd_conf.o
                0x0000000008010d26                HAL_PCD_DataInStageCallback
 .text.HAL_PCD_SOFCallback
                0x0000000008010d5a       0x1c ./USB_DEVICE/Target/usbd_conf.o
                0x0000000008010d5a                HAL_PCD_SOFCallback
 .text.HAL_PCD_ResetCallback
                0x0000000008010d76       0x3c ./USB_DEVICE/Target/usbd_conf.o
                0x0000000008010d76                HAL_PCD_ResetCallback
 *fill*         0x0000000008010db2        0x2 
 .text.HAL_PCD_SuspendCallback
                0x0000000008010db4       0x4c ./USB_DEVICE/Target/usbd_conf.o
                0x0000000008010db4                HAL_PCD_SuspendCallback
 .text.HAL_PCD_ResumeCallback
                0x0000000008010e00       0x1c ./USB_DEVICE/Target/usbd_conf.o
                0x0000000008010e00                HAL_PCD_ResumeCallback
 .text.HAL_PCD_ISOOUTIncompleteCallback
                0x0000000008010e1c       0x24 ./USB_DEVICE/Target/usbd_conf.o
                0x0000000008010e1c                HAL_PCD_ISOOUTIncompleteCallback
 .text.HAL_PCD_ISOINIncompleteCallback
                0x0000000008010e40       0x24 ./USB_DEVICE/Target/usbd_conf.o
                0x0000000008010e40                HAL_PCD_ISOINIncompleteCallback
 .text.HAL_PCD_ConnectCallback
                0x0000000008010e64       0x1c ./USB_DEVICE/Target/usbd_conf.o
                0x0000000008010e64                HAL_PCD_ConnectCallback
 .text.HAL_PCD_DisconnectCallback
                0x0000000008010e80       0x1c ./USB_DEVICE/Target/usbd_conf.o
                0x0000000008010e80                HAL_PCD_DisconnectCallback
 .text.USBD_LL_Init
                0x0000000008010e9c       0x98 ./USB_DEVICE/Target/usbd_conf.o
                0x0000000008010e9c                USBD_LL_Init
 .text.USBD_LL_Start
                0x0000000008010f34       0x36 ./USB_DEVICE/Target/usbd_conf.o
                0x0000000008010f34                USBD_LL_Start
 .text.USBD_LL_OpenEP
                0x0000000008010f6a       0x4c ./USB_DEVICE/Target/usbd_conf.o
                0x0000000008010f6a                USBD_LL_OpenEP
 .text.USBD_LL_CloseEP
                0x0000000008010fb6       0x3e ./USB_DEVICE/Target/usbd_conf.o
                0x0000000008010fb6                USBD_LL_CloseEP
 .text.USBD_LL_StallEP
                0x0000000008010ff4       0x3e ./USB_DEVICE/Target/usbd_conf.o
                0x0000000008010ff4                USBD_LL_StallEP
 .text.USBD_LL_ClearStallEP
                0x0000000008011032       0x3e ./USB_DEVICE/Target/usbd_conf.o
                0x0000000008011032                USBD_LL_ClearStallEP
 .text.USBD_LL_IsStallEP
                0x0000000008011070       0x58 ./USB_DEVICE/Target/usbd_conf.o
                0x0000000008011070                USBD_LL_IsStallEP
 .text.USBD_LL_SetUSBAddress
                0x00000000080110c8       0x3e ./USB_DEVICE/Target/usbd_conf.o
                0x00000000080110c8                USBD_LL_SetUSBAddress
 .text.USBD_LL_Transmit
                0x0000000008011106       0x42 ./USB_DEVICE/Target/usbd_conf.o
                0x0000000008011106                USBD_LL_Transmit
 .text.USBD_LL_PrepareReceive
                0x0000000008011148       0x42 ./USB_DEVICE/Target/usbd_conf.o
                0x0000000008011148                USBD_LL_PrepareReceive
 .text.USBD_LL_GetRxDataSize
                0x000000000801118a       0x26 ./USB_DEVICE/Target/usbd_conf.o
                0x000000000801118a                USBD_LL_GetRxDataSize
 .text.USBD_static_malloc
                0x00000000080111b0       0x1c ./USB_DEVICE/Target/usbd_conf.o
                0x00000000080111b0                USBD_static_malloc
 .text.USBD_static_free
                0x00000000080111cc       0x14 ./USB_DEVICE/Target/usbd_conf.o
                0x00000000080111cc                USBD_static_free
 .text.USBD_Get_USB_Status
                0x00000000080111e0       0x58 ./USB_DEVICE/Target/usbd_conf.o
                0x00000000080111e0                USBD_Get_USB_Status
 .text.Checksum
                0x0000000008011238       0x46 ./User/Src/ChessClock.o
                0x0000000008011238                Checksum
 *fill*         0x000000000801127e        0x2 
 .text.HAL_I2C_AddrCallback
                0x0000000008011280       0x40 ./User/Src/ChessClock.o
                0x0000000008011280                HAL_I2C_AddrCallback
 .text.HAL_I2C_ListenCpltCallback
                0x00000000080112c0       0x1c ./User/Src/ChessClock.o
                0x00000000080112c0                HAL_I2C_ListenCpltCallback
 .text.HAL_I2C_SlaveRxCpltCallback
                0x00000000080112dc       0x4c ./User/Src/ChessClock.o
                0x00000000080112dc                HAL_I2C_SlaveRxCpltCallback
 .text.HAL_I2C_ErrorCallback
                0x0000000008011328       0x24 ./User/Src/ChessClock.o
                0x0000000008011328                HAL_I2C_ErrorCallback
 .text.ChessClock_Init
                0x000000000801134c       0x14 ./User/Src/ChessClock.o
                0x000000000801134c                ChessClock_Init
 .text.WriteProtect
                0x0000000008011360       0x48 ./User/Src/MB85RS256.o
                0x0000000008011360                WriteProtect
 .text.WriteEnable
                0x00000000080113a8       0x48 ./User/Src/MB85RS256.o
                0x00000000080113a8                WriteEnable
 .text.MB85RS_write
                0x00000000080113f0       0x8c ./User/Src/MB85RS256.o
                0x00000000080113f0                MB85RS_write
 .text.MB85RS_read
                0x000000000801147c       0x60 ./User/Src/MB85RS256.o
                0x000000000801147c                MB85RS_read
 .text.MB85RS_erase
                0x00000000080114dc       0xa0 ./User/Src/MB85RS256.o
                0x00000000080114dc                MB85RS_erase
 .text.MB85RS_getPointSave
                0x000000000801157c       0x38 ./User/Src/MB85RS256.o
                0x000000000801157c                MB85RS_getPointSave
 .text.MB85RS_WritePointSave
                0x00000000080115b4       0x60 ./User/Src/MB85RS256.o
                0x00000000080115b4                MB85RS_WritePointSave
 .text.MB85RS_WriteNewGame
                0x0000000008011614       0x9c ./User/Src/MB85RS256.o
                0x0000000008011614                MB85RS_WriteNewGame
 .text.MB85RS_saveFen
                0x00000000080116b0       0xd8 ./User/Src/MB85RS256.o
                0x00000000080116b0                MB85RS_saveFen
 .text.handlerMb85rs
                0x0000000008011788       0x28 ./User/Src/MB85RS256.o
                0x0000000008011788                handlerMb85rs
 .text.QueueGetRear
                0x00000000080117b0       0x7c ./User/Src/QueueData.o
                0x00000000080117b0                QueueGetRear
 .text.QueueGetFront
                0x000000000801182c       0x18 ./User/Src/QueueData.o
                0x000000000801182c                QueueGetFront
 .text.QueueGetFrontAfter
                0x0000000008011844       0x3c ./User/Src/QueueData.o
                0x0000000008011844                QueueGetFrontAfter
 .text.QueueGetCount
                0x0000000008011880       0x18 ./User/Src/QueueData.o
                0x0000000008011880                QueueGetCount
 .text.QueueClear
                0x0000000008011898       0x2c ./User/Src/QueueData.o
                0x0000000008011898                QueueClear
 .text.RTC_SetTime
                0x00000000080118c4       0x88 ./User/Src/RtcRealTime.o
                0x00000000080118c4                RTC_SetTime
 .text.HAL_TIM_PWM_PulseFinishedCallback
                0x000000000801194c       0x34 ./User/Src/ScanPieces.o
                0x000000000801194c                HAL_TIM_PWM_PulseFinishedCallback
 .text.ScanPiecesInit
                0x0000000008011980       0x34 ./User/Src/ScanPieces.o
                0x0000000008011980                ScanPiecesInit
 .text.PulseOut
                0x00000000080119b4      0x188 ./User/Src/ScanPieces.o
                0x00000000080119b4                PulseOut
 .text.SelectReadCoil
                0x0000000008011b3c      0x15c ./User/Src/ScanPieces.o
                0x0000000008011b3c                SelectReadCoil
 .text.Measure  0x0000000008011c98      0x29c ./User/Src/ScanPieces.o
                0x0000000008011c98                Measure
 .text.Scan     0x0000000008011f34      0x404 ./User/Src/ScanPieces.o
                0x0000000008011f34                Scan
 .text.FileRankToSquare
                0x0000000008012338       0x32 ./User/Src/ScanPieces.o
                0x0000000008012338                FileRankToSquare
 *fill*         0x000000000801236a        0x2 
 .text.DetectFenChange
                0x000000000801236c       0x5c ./User/Src/ScanPieces.o
                0x000000000801236c                DetectFenChange
 .text.StartTaskScanPiece
                0x00000000080123c8      0x138 ./User/Src/TaskScanPiece.o
                0x00000000080123c8                StartTaskScanPiece
 .text.PushData
                0x0000000008012500      0x18c ./User/Src/TaskScanPiece.o
                0x0000000008012500                PushData
 .text.CalculateCRC
                0x000000000801268c       0x84 ./User/Src/Utilities.o
                0x000000000801268c                CalculateCRC
 .text.getMarkSq
                0x0000000008012710      0x178 ./User/Src/calibase.o
                0x0000000008012710                getMarkSq
 .text.HAL_UARTEx_RxEventCallback
                0x0000000008012888       0x50 ./User/Src/interface.o
                0x0000000008012888                HAL_UARTEx_RxEventCallback
 .text.HAL_UART_ErrorCallback
                0x00000000080128d8       0x24 ./User/Src/interface.o
                0x00000000080128d8                HAL_UART_ErrorCallback
 .text.initReceiverUart
                0x00000000080128fc       0x30 ./User/Src/interface.o
                0x00000000080128fc                initReceiverUart
 .text.byteToPiece
                0x000000000801292c       0xe4 ./User/Src/interface.o
                0x000000000801292c                byteToPiece
 .text.AnalyserCMD
                0x0000000008012a10      0x21c ./User/Src/interface.o
                0x0000000008012a10                AnalyserCMD
 .text.Response_CheckAddress
                0x0000000008012c2c       0x78 ./User/Src/interface.o
                0x0000000008012c2c                Response_CheckAddress
 .text.Responce_GetBoardReview
                0x0000000008012ca4      0x184 ./User/Src/interface.o
                0x0000000008012ca4                Responce_GetBoardReview
 .text.Responce_GetBoardRecording
                0x0000000008012e28       0xe8 ./User/Src/interface.o
                0x0000000008012e28                Responce_GetBoardRecording
 .text.Responce_SetTimeRTC
                0x0000000008012f10       0x42 ./User/Src/interface.o
                0x0000000008012f10                Responce_SetTimeRTC
 *fill*         0x0000000008012f52        0x2 
 .text.Responce_GetDataGameSave
                0x0000000008012f54       0x98 ./User/Src/interface.o
                0x0000000008012f54                Responce_GetDataGameSave
 .text.Responce_EraseGameSave
                0x0000000008012fec        0xc ./User/Src/interface.o
                0x0000000008012fec                Responce_EraseGameSave
 .text.UsbSendDateTime
                0x0000000008012ff8       0x54 ./User/Src/interface.o
                0x0000000008012ff8                UsbSendDateTime
 .text.UsbSendDataCalibase
                0x000000000801304c      0x1a4 ./User/Src/interface.o
                0x000000000801304c                UsbSendDataCalibase
 .text.__libc_init_array
                0x00000000080131f0       0x48 c:/st/stm32cubeide_1.10.1/stm32cubeide/plugins/com.st.stm32cube.ide.mcu.externaltools.gnu-tools-for-stm32.10.3-2021.10.win32_1.0.0.202111181127/tools/bin/../lib/gcc/arm-none-eabi/10.3.1/../../../../arm-none-eabi/lib/thumb/v7e-m+fp/hard\libc_nano.a(lib_a-init.o)
                0x00000000080131f0                __libc_init_array
 .text.memcpy   0x0000000008013238       0x1c c:/st/stm32cubeide_1.10.1/stm32cubeide/plugins/com.st.stm32cube.ide.mcu.externaltools.gnu-tools-for-stm32.10.3-2021.10.win32_1.0.0.202111181127/tools/bin/../lib/gcc/arm-none-eabi/10.3.1/../../../../arm-none-eabi/lib/thumb/v7e-m+fp/hard\libc_nano.a(lib_a-memcpy-stub.o)
                0x0000000008013238                memcpy
 .text.memset   0x0000000008013254       0x10 c:/st/stm32cubeide_1.10.1/stm32cubeide/plugins/com.st.stm32cube.ide.mcu.externaltools.gnu-tools-for-stm32.10.3-2021.10.win32_1.0.0.202111181127/tools/bin/../lib/gcc/arm-none-eabi/10.3.1/../../../../arm-none-eabi/lib/thumb/v7e-m+fp/hard\libc_nano.a(lib_a-memset.o)
                0x0000000008013254                memset
 *(.glue_7)
 .glue_7        0x0000000008013264        0x0 linker stubs
 *(.glue_7t)
 .glue_7t       0x0000000008013264        0x0 linker stubs
 *(.eh_frame)
 .eh_frame      0x0000000008013264        0x0 c:/st/stm32cubeide_1.10.1/stm32cubeide/plugins/com.st.stm32cube.ide.mcu.externaltools.gnu-tools-for-stm32.10.3-2021.10.win32_1.0.0.202111181127/tools/bin/../lib/gcc/arm-none-eabi/10.3.1/thumb/v7e-m+fp/hard/crtbegin.o
 *(.init)
 .init          0x0000000008013264        0x4 c:/st/stm32cubeide_1.10.1/stm32cubeide/plugins/com.st.stm32cube.ide.mcu.externaltools.gnu-tools-for-stm32.10.3-2021.10.win32_1.0.0.202111181127/tools/bin/../lib/gcc/arm-none-eabi/10.3.1/thumb/v7e-m+fp/hard/crti.o
                0x0000000008013264                _init
 .init          0x0000000008013268        0x8 c:/st/stm32cubeide_1.10.1/stm32cubeide/plugins/com.st.stm32cube.ide.mcu.externaltools.gnu-tools-for-stm32.10.3-2021.10.win32_1.0.0.202111181127/tools/bin/../lib/gcc/arm-none-eabi/10.3.1/thumb/v7e-m+fp/hard/crtn.o
 *(.fini)
 .fini          0x0000000008013270        0x4 c:/st/stm32cubeide_1.10.1/stm32cubeide/plugins/com.st.stm32cube.ide.mcu.externaltools.gnu-tools-for-stm32.10.3-2021.10.win32_1.0.0.202111181127/tools/bin/../lib/gcc/arm-none-eabi/10.3.1/thumb/v7e-m+fp/hard/crti.o
                0x0000000008013270                _fini
 .fini          0x0000000008013274        0x8 c:/st/stm32cubeide_1.10.1/stm32cubeide/plugins/com.st.stm32cube.ide.mcu.externaltools.gnu-tools-for-stm32.10.3-2021.10.win32_1.0.0.202111181127/tools/bin/../lib/gcc/arm-none-eabi/10.3.1/thumb/v7e-m+fp/hard/crtn.o
                0x000000000801327c                . = ALIGN (0x4)
                0x000000000801327c                _etext = .
