Archive member included to satisfy reference by file (symbol)

c:/st/stm32cubeide_1.10.1/stm32cubeide/plugins/com.st.stm32cube.ide.mcu.externaltools.gnu-tools-for-stm32.10.3-2021.10.win32_1.0.0.202111181127/tools/bin/../lib/gcc/arm-none-eabi/10.3.1/../../../../arm-none-eabi/lib/thumb/v7e-m+fp/hard\libc_nano.a(lib_a-errno.o)
                              ./Core/Src/syscalls.o (__errno)
c:/st/stm32cubeide_1.10.1/stm32cubeide/plugins/com.st.stm32cube.ide.mcu.externaltools.gnu-tools-for-stm32.10.3-2021.10.win32_1.0.0.202111181127/tools/bin/../lib/gcc/arm-none-eabi/10.3.1/../../../../arm-none-eabi/lib/thumb/v7e-m+fp/hard\libc_nano.a(lib_a-exit.o)
                              c:/st/stm32cubeide_1.10.1/stm32cubeide/plugins/com.st.stm32cube.ide.mcu.externaltools.gnu-tools-for-stm32.10.3-2021.10.win32_1.0.0.202111181127/tools/bin/../lib/gcc/arm-none-eabi/10.3.1/../../../../arm-none-eabi/lib/thumb/v7e-m+fp/hard/crt0.o (exit)
c:/st/stm32cubeide_1.10.1/stm32cubeide/plugins/com.st.stm32cube.ide.mcu.externaltools.gnu-tools-for-stm32.10.3-2021.10.win32_1.0.0.202111181127/tools/bin/../lib/gcc/arm-none-eabi/10.3.1/../../../../arm-none-eabi/lib/thumb/v7e-m+fp/hard\libc_nano.a(lib_a-impure.o)
                              c:/st/stm32cubeide_1.10.1/stm32cubeide/plugins/com.st.stm32cube.ide.mcu.externaltools.gnu-tools-for-stm32.10.3-2021.10.win32_1.0.0.202111181127/tools/bin/../lib/gcc/arm-none-eabi/10.3.1/../../../../arm-none-eabi/lib/thumb/v7e-m+fp/hard\libc_nano.a(lib_a-exit.o) (_global_impure_ptr)
c:/st/stm32cubeide_1.10.1/stm32cubeide/plugins/com.st.stm32cube.ide.mcu.externaltools.gnu-tools-for-stm32.10.3-2021.10.win32_1.0.0.202111181127/tools/bin/../lib/gcc/arm-none-eabi/10.3.1/../../../../arm-none-eabi/lib/thumb/v7e-m+fp/hard\libc_nano.a(lib_a-init.o)
                              c:/st/stm32cubeide_1.10.1/stm32cubeide/plugins/com.st.stm32cube.ide.mcu.externaltools.gnu-tools-for-stm32.10.3-2021.10.win32_1.0.0.202111181127/tools/bin/../lib/gcc/arm-none-eabi/10.3.1/../../../../arm-none-eabi/lib/thumb/v7e-m+fp/hard/crt0.o (__libc_init_array)
c:/st/stm32cubeide_1.10.1/stm32cubeide/plugins/com.st.stm32cube.ide.mcu.externaltools.gnu-tools-for-stm32.10.3-2021.10.win32_1.0.0.202111181127/tools/bin/../lib/gcc/arm-none-eabi/10.3.1/../../../../arm-none-eabi/lib/thumb/v7e-m+fp/hard\libc_nano.a(lib_a-memcpy-stub.o)
                              ./Middlewares/Third_Party/FreeRTOS/Source/queue.o (memcpy)
c:/st/stm32cubeide_1.10.1/stm32cubeide/plugins/com.st.stm32cube.ide.mcu.externaltools.gnu-tools-for-stm32.10.3-2021.10.win32_1.0.0.202111181127/tools/bin/../lib/gcc/arm-none-eabi/10.3.1/../../../../arm-none-eabi/lib/thumb/v7e-m+fp/hard\libc_nano.a(lib_a-memset.o)
                              c:/st/stm32cubeide_1.10.1/stm32cubeide/plugins/com.st.stm32cube.ide.mcu.externaltools.gnu-tools-for-stm32.10.3-2021.10.win32_1.0.0.202111181127/tools/bin/../lib/gcc/arm-none-eabi/10.3.1/../../../../arm-none-eabi/lib/thumb/v7e-m+fp/hard/crt0.o (memset)
c:/st/stm32cubeide_1.10.1/stm32cubeide/plugins/com.st.stm32cube.ide.mcu.externaltools.gnu-tools-for-stm32.10.3-2021.10.win32_1.0.0.202111181127/tools/bin/../lib/gcc/arm-none-eabi/10.3.1/thumb/v7e-m+fp/hard\libgcc.a(_aeabi_uldivmod.o)
                              ./Drivers/STM32F4xx_HAL_Driver/Src/stm32f4xx_hal_rcc.o (__aeabi_uldivmod)
c:/st/stm32cubeide_1.10.1/stm32cubeide/plugins/com.st.stm32cube.ide.mcu.externaltools.gnu-tools-for-stm32.10.3-2021.10.win32_1.0.0.202111181127/tools/bin/../lib/gcc/arm-none-eabi/10.3.1/thumb/v7e-m+fp/hard\libgcc.a(_udivmoddi4.o)
                              c:/st/stm32cubeide_1.10.1/stm32cubeide/plugins/com.st.stm32cube.ide.mcu.externaltools.gnu-tools-for-stm32.10.3-2021.10.win32_1.0.0.202111181127/tools/bin/../lib/gcc/arm-none-eabi/10.3.1/thumb/v7e-m+fp/hard\libgcc.a(_aeabi_uldivmod.o) (__udivmoddi4)
c:/st/stm32cubeide_1.10.1/stm32cubeide/plugins/com.st.stm32cube.ide.mcu.externaltools.gnu-tools-for-stm32.10.3-2021.10.win32_1.0.0.202111181127/tools/bin/../lib/gcc/arm-none-eabi/10.3.1/thumb/v7e-m+fp/hard\libgcc.a(_dvmd_tls.o)
                              c:/st/stm32cubeide_1.10.1/stm32cubeide/plugins/com.st.stm32cube.ide.mcu.externaltools.gnu-tools-for-stm32.10.3-2021.10.win32_1.0.0.202111181127/tools/bin/../lib/gcc/arm-none-eabi/10.3.1/thumb/v7e-m+fp/hard\libgcc.a(_aeabi_uldivmod.o) (__aeabi_ldiv0)

Discarded input sections

 .text          0x0000000000000000        0x0 c:/st/stm32cubeide_1.10.1/stm32cubeide/plugins/com.st.stm32cube.ide.mcu.externaltools.gnu-tools-for-stm32.10.3-2021.10.win32_1.0.0.202111181127/tools/bin/../lib/gcc/arm-none-eabi/10.3.1/thumb/v7e-m+fp/hard/crti.o
 .data          0x0000000000000000        0x0 c:/st/stm32cubeide_1.10.1/stm32cubeide/plugins/com.st.stm32cube.ide.mcu.externaltools.gnu-tools-for-stm32.10.3-2021.10.win32_1.0.0.202111181127/tools/bin/../lib/gcc/arm-none-eabi/10.3.1/thumb/v7e-m+fp/hard/crti.o
[...]
Memory Configuration

Name             Origin             Length             Attributes
RAM              0x0000000020000000 0x0000000000010000 xrw
FLASH            0x0000000008000000 0x0000000000040000 xr
*default*        0x0000000000000000 0xffffffffffffffff

Linker script and memory map

LOAD c:/st/stm32cubeide_1.10.1/stm32cubeide/plugins/com.st.stm32cube.ide.mcu.externaltools.gnu-tools-for-stm32.10.3-2021.10.win32_1.0.0.202111181127/tools/bin/../lib/gcc/arm-none-eabi/10.3.1/thumb/v7e-m+fp/hard/crti.o
LOAD c:/st/stm32cubeide_1.10.1/stm32cubeide/plugins/com.st.stm32cube.ide.mcu.externaltools.gnu-tools-for-stm32.10.3-2021.10.win32_1.0.0.202111181127/tools/bin/../lib/gcc/arm-none-eabi/10.3.1/thumb/v7e-m+fp/hard/crtbegin.o
LOAD c:/st/stm32cubeide_1.10.1/stm32cubeide/plugins/com.st.stm32cube.ide.mcu.externaltools.gnu-tools-for-stm32.10.3-2021.10.win32_1.0.0.202111181127/tools/bin/../lib/gcc/arm-none-eabi/10.3.1/../../../../arm-none-eabi/lib/thumb/v7e-m+fp/hard/crt0.o
LOAD ./Core/Src/dma.o
LOAD ./Core/Src/freertos.o
LOAD ./Core/Src/gpio.o
LOAD ./Core/Src/i2c.o
LOAD ./Core/Src/iwdg.o
LOAD ./Core/Src/main.o
LOAD ./Core/Src/rtc.o
LOAD ./Core/Src/spi.o
LOAD ./Core/Src/stm32f4xx_hal_msp.o
LOAD ./Core/Src/stm32f4xx_hal_timebase_tim.o
LOAD ./Core/Src/stm32f4xx_it.o
LOAD ./Core/Src/syscalls.o
LOAD ./Core/Src/sysmem.o
LOAD ./Core/Src/system_stm32f4xx.o
LOAD ./Core/Src/tim.o
LOAD ./Core/Src/usart.o
LOAD ./Core/Startup/startup_stm32f401ccux.o
LOAD ./Drivers/STM32F4xx_HAL_Driver/Src/stm32f4xx_hal.o
LOAD ./Drivers/STM32F4xx_HAL_Driver/Src/stm32f4xx_hal_cortex.o
LOAD ./Drivers/STM32F4xx_HAL_Driver/Src/stm32f4xx_hal_dma.o
LOAD ./Drivers/STM32F4xx_HAL_Driver/Src/stm32f4xx_hal_dma_ex.o
LOAD ./Drivers/STM32F4xx_HAL_Driver/Src/stm32f4xx_hal_exti.o
LOAD ./Drivers/STM32F4xx_HAL_Driver/Src/stm32f4xx_hal_flash.o
LOAD ./Drivers/STM32F4xx_HAL_Driver/Src/stm32f4xx_hal_flash_ex.o
LOAD ./Drivers/STM32F4xx_HAL_Driver/Src/stm32f4xx_hal_flash_ramfunc.o
LOAD ./Drivers/STM32F4xx_HAL_Driver/Src/stm32f4xx_hal_gpio.o
LOAD ./Drivers/STM32F4xx_HAL_Driver/Src/stm32f4xx_hal_i2c.o
LOAD ./Drivers/STM32F4xx_HAL_Driver/Src/stm32f4xx_hal_i2c_ex.o
LOAD ./Drivers/STM32F4xx_HAL_Driver/Src/stm32f4xx_hal_iwdg.o
LOAD ./Drivers/STM32F4xx_HAL_Driver/Src/stm32f4xx_hal_pcd.o
LOAD ./Drivers/STM32F4xx_HAL_Driver/Src/stm32f4xx_hal_pcd_ex.o
LOAD ./Drivers/STM32F4xx_HAL_Driver/Src/stm32f4xx_hal_pwr.o
LOAD ./Drivers/STM32F4xx_HAL_Driver/Src/stm32f4xx_hal_pwr_ex.o
LOAD ./Drivers/STM32F4xx_HAL_Driver/Src/stm32f4xx_hal_rcc.o
LOAD ./Drivers/STM32F4xx_HAL_Driver/Src/stm32f4xx_hal_rcc_ex.o
LOAD ./Drivers/STM32F4xx_HAL_Driver/Src/stm32f4xx_hal_rtc.o
LOAD ./Drivers/STM32F4xx_HAL_Driver/Src/stm32f4xx_hal_rtc_ex.o
LOAD ./Drivers/STM32F4xx_HAL_Driver/Src/stm32f4xx_hal_spi.o
LOAD ./Drivers/STM32F4xx_HAL_Driver/Src/stm32f4xx_hal_tim.o
LOAD ./Drivers/STM32F4xx_HAL_Driver/Src/stm32f4xx_hal_tim_ex.o
LOAD ./Drivers/STM32F4xx_HAL_Driver/Src/stm32f4xx_hal_uart.o
LOAD ./Drivers/STM32F4xx_HAL_Driver/Src/stm32f4xx_ll_usb.o
LOAD ./Middlewares/ST/STM32_USB_Device_Library/Class/CDC/Src/usbd_cdc.o
LOAD ./Middlewares/ST/STM32_USB_Device_Library/Core/Src/usbd_core.o
LOAD ./Middlewares/ST/STM32_USB_Device_Library/Core/Src/usbd_ctlreq.o
LOAD ./Middlewares/ST/STM32_USB_Device_Library/Core/Src/usbd_ioreq.o
LOAD ./Middlewares/Third_Party/FreeRTOS/Source/CMSIS_RTOS/cmsis_os.o
LOAD ./Middlewares/Third_Party/FreeRTOS/Source/croutine.o
LOAD ./Middlewares/Third_Party/FreeRTOS/Source/event_groups.o
LOAD ./Middlewares/Third_Party/FreeRTOS/Source/list.o
LOAD ./Middlewares/Third_Party/FreeRTOS/Source/queue.o
LOAD ./Middlewares/Third_Party/FreeRTOS/Source/stream_buffer.o
LOAD ./Middlewares/Third_Party/FreeRTOS/Source/tasks.o
LOAD ./Middlewares/Third_Party/FreeRTOS/Source/timers.o
LOAD ./Middlewares/Third_Party/FreeRTOS/Source/portable/GCC/ARM_CM4F/port.o
LOAD ./Middlewares/Third_Party/FreeRTOS/Source/portable/MemMang/heap_4.o
LOAD ./USB_DEVICE/App/usb_device.o
LOAD ./USB_DEVICE/App/usbd_cdc_if.o
LOAD ./USB_DEVICE/App/usbd_desc.o
LOAD ./USB_DEVICE/Target/usbd_conf.o
LOAD ./User/Src/Bluetooth.o
LOAD ./User/Src/ChessClock.o
LOAD ./User/Src/MB85RS256.o
LOAD ./User/Src/QueueData.o
LOAD ./User/Src/RtcRealTime.o
LOAD ./User/Src/SaveGame.o
LOAD ./User/Src/ScanPieces.o
LOAD ./User/Src/TaskScanPiece.o
LOAD ./User/Src/Utilities.o
LOAD ./User/Src/calibase.o
LOAD ./User/Src/interface.o
START GROUP
LOAD c:/st/stm32cubeide_1.10.1/stm32cubeide/plugins/com.st.stm32cube.ide.mcu.externaltools.gnu-tools-for-stm32.10.3-2021.10.win32_1.0.0.202111181127/tools/bin/../lib/gcc/arm-none-eabi/10.3.1/../../../../arm-none-eabi/lib/thumb/v7e-m+fp/hard\libstdc++_nano.a
LOAD c:/st/stm32cubeide_1.10.1/stm32cubeide/plugins/com.st.stm32cube.ide.mcu.externaltools.gnu-tools-for-stm32.10.3-2021.10.win32_1.0.0.202111181127/tools/bin/../lib/gcc/arm-none-eabi/10.3.1/../../../../arm-none-eabi/lib/thumb/v7e-m+fp/hard\libsupc++_nano.a
END GROUP
LOAD c:/st/stm32cubeide_1.10.1/stm32cubeide/plugins/com.st.stm32cube.ide.mcu.externaltools.gnu-tools-for-stm32.10.3-2021.10.win32_1.0.0.202111181127/tools/bin/../lib/gcc/arm-none-eabi/10.3.1/../../../../arm-none-eabi/lib/thumb/v7e-m+fp/hard\libstdc++_nano.a
LOAD c:/st/stm32cubeide_1.10.1/stm32cubeide/plugins/com.st.stm32cube.ide.mcu.externaltools.gnu-tools-for-stm32.10.3-2021.10.win32_1.0.0.202111181127/tools/bin/../lib/gcc/arm-none-eabi/10.3.1/../../../../arm-none-eabi/lib/thumb/v7e-m+fp/hard\libm.a
LOAD c:/st/stm32cubeide_1.10.1/stm32cubeide/plugins/com.st.stm32cube.ide.mcu.externaltools.gnu-tools-for-stm32.10.3-2021.10.win32_1.0.0.202111181127/tools/bin/../lib/gcc/arm-none-eabi/10.3.1/../../../../arm-none-eabi/lib/thumb/v7e-m+fp/hard\libc_nano.a
START GROUP
LOAD c:/st/stm32cubeide_1.10.1/stm32cubeide/plugins/com.st.stm32cube.ide.mcu.externaltools.gnu-tools-for-stm32.10.3-2021.10.win32_1.0.0.202111181127/tools/bin/../lib/gcc/arm-none-eabi/10.3.1/thumb/v7e-m+fp/hard\libgcc.a
LOAD c:/st/stm32cubeide_1.10.1/stm32cubeide/plugins/com.st.stm32cube.ide.mcu.externaltools.gnu-tools-for-stm32.10.3-2021.10.win32_1.0.0.202111181127/tools/bin/../lib/gcc/arm-none-eabi/10.3.1/../../../../arm-none-eabi/lib/thumb/v7e-m+fp/hard\libc_nano.a
END GROUP
START GROUP
LOAD c:/st/stm32cubeide_1.10.1/stm32cubeide/plugins/com.st.stm32cube.ide.mcu.externaltools.gnu-tools-for-stm32.10.3-2021.10.win32_1.0.0.202111181127/tools/bin/../lib/gcc/arm-none-eabi/10.3.1/thumb/v7e-m+fp/hard\libgcc.a
LOAD c:/st/stm32cubeide_1.10.1/stm32cubeide/plugins/com.st.stm32cube.ide.mcu.externaltools.gnu-tools-for-stm32.10.3-2021.10.win32_1.0.0.202111181127/tools/bin/../lib/gcc/arm-none-eabi/10.3.1/../../../../arm-none-eabi/lib/thumb/v7e-m+fp/hard\libc_nano.a
LOAD c:/st/stm32cubeide_1.10.1/stm32cubeide/plugins/com.st.stm32cube.ide.mcu.externaltools.gnu-tools-for-stm32.10.3-2021.10.win32_1.0.0.202111181127/tools/bin/../lib/gcc/arm-none-eabi/10.3.1/../../../../arm-none-eabi/lib/thumb/v7e-m+fp/hard\libnosys.a
END GROUP
START GROUP
LOAD c:/st/stm32cubeide_1.10.1/stm32cubeide/plugins/com.st.stm32cube.ide.mcu.externaltools.gnu-tools-for-stm32.10.3-2021.10.win32_1.0.0.202111181127/tools/bin/../lib/gcc/arm-none-eabi/10.3.1/thumb/v7e-m+fp/hard\libgcc.a
LOAD c:/st/stm32cubeide_1.10.1/stm32cubeide/plugins/com.st.stm32cube.ide.mcu.externaltools.gnu-tools-for-stm32.10.3-2021.10.win32_1.0.0.202111181127/tools/bin/../lib/gcc/arm-none-eabi/10.3.1/../../../../arm-none-eabi/lib/thumb/v7e-m+fp/hard\libc_nano.a
LOAD c:/st/stm32cubeide_1.10.1/stm32cubeide/plugins/com.st.stm32cube.ide.mcu.externaltools.gnu-tools-for-stm32.10.3-2021.10.win32_1.0.0.202111181127/tools/bin/../lib/gcc/arm-none-eabi/10.3.1/../../../../arm-none-eabi/lib/thumb/v7e-m+fp/hard\libnosys.a
END GROUP
LOAD c:/st/stm32cubeide_1.10.1/stm32cubeide/plugins/com.st.stm32cube.ide.mcu.externaltools.gnu-tools-for-stm32.10.3-2021.10.win32_1.0.0.202111181127/tools/bin/../lib/gcc/arm-none-eabi/10.3.1/thumb/v7e-m+fp/hard/crtend.o
LOAD c:/st/stm32cubeide_1.10.1/stm32cubeide/plugins/com.st.stm32cube.ide.mcu.externaltools.gnu-tools-for-stm32.10.3-2021.10.win32_1.0.0.202111181127/tools/bin/../lib/gcc/arm-none-eabi/10.3.1/thumb/v7e-m+fp/hard/crtn.o
                0x0000000020010000                _estack = (ORIGIN (RAM) + LENGTH (RAM))
                0x0000000000000200                _Min_Heap_Size = 0x200
                0x0000000000000400                _Min_Stack_Size = 0x400

.isr_vector     0x0000000008000000      0x194
                0x0000000008000000                . = ALIGN (0x4)
 *(.isr_vector)
 .isr_vector    0x0000000008000000      0x194 ./Core/Startup/startup_stm32f401ccux.o
                0x0000000008000000                g_pfnVectors
                0x0000000008000194                . = ALIGN (0x4)

.text           0x00000000080001a0    0x13270
                0x00000000080001a0                . = ALIGN (0x4)
 *(.text)
 .text          0x00000000080001a0       0x40 c:/st/stm32cubeide_1.10.1/stm32cubeide/plugins/com.st.stm32cube.ide.mcu.externaltools.gnu-tools-for-stm32.10.3-2021.10.win32_1.0.0.202111181127/tools/bin/../lib/gcc/arm-none-eabi/10.3.1/thumb/v7e-m+fp/hard/crtbegin.o
 .text          0x00000000080001e0       0x30 c:/st/stm32cubeide_1.10.1/stm32cubeide/plugins/com.st.stm32cube.ide.mcu.externaltools.gnu-tools-for-stm32.10.3-2021.10.win32_1.0.0.202111181127/tools/bin/../lib/gcc/arm-none-eabi/10.3.1/thumb/v7e-m+fp/hard\libgcc.a(_aeabi_uldivmod.o)
                0x00000000080001e0                __aeabi_uldivmod
 .text          0x0000000008000210      0x2d0 c:/st/stm32cubeide_1.10.1/stm32cubeide/plugins/com.st.stm32cube.ide.mcu.externaltools.gnu-tools-for-stm32.10.3-2021.10.win32_1.0.0.202111181127/tools/bin/../lib/gcc/arm-none-eabi/10.3.1/thumb/v7e-m+fp/hard\libgcc.a(_udivmoddi4.o)
                0x0000000008000210                __udivmoddi4
 .text          0x00000000080004e0        0x4 c:/st/stm32cubeide_1.10.1/stm32cubeide/plugins/com.st.stm32cube.ide.mcu.externaltools.gnu-tools-for-stm32.10.3-2021.10.win32_1.0.0.202111181127/tools/bin/../lib/gcc/arm-none-eabi/10.3.1/thumb/v7e-m+fp/hard\libgcc.a(_dvmd_tls.o)
                0x00000000080004e0                __aeabi_idiv0
                0x00000000080004e0                __aeabi_ldiv0
 *(.text*)
 .text.MX_DMA_Init
                0x00000000080004e4      0x10c ./Core/Src/dma.o
                0x00000000080004e4                MX_DMA_Init
 .text.vApplicationGetIdleTaskMemory
                0x00000000080005f0       0x34 ./Core/Src/freertos.o
                0x00000000080005f0                vApplicationGetIdleTaskMemory
 .text.MX_FREERTOS_Init
                0x0000000008000624       0xc0 ./Core/Src/freertos.o
                0x0000000008000624                MX_FREERTOS_Init
 .text.StartDefaultTask
                0x00000000080006e4       0x48 ./Core/Src/freertos.o
                0x00000000080006e4                StartDefaultTask
 .text.MX_GPIO_Init
                0x000000000800072c      0x12c ./Core/Src/gpio.o
                0x000000000800072c                MX_GPIO_Init
 .text.MX_I2C1_Init
                0x0000000008000858       0x5c ./Core/Src/i2c.o
                0x0000000008000858                MX_I2C1_Init
 .text.HAL_I2C_MspInit
                0x00000000080008b4      0x118 ./Core/Src/i2c.o
                0x00000000080008b4                HAL_I2C_MspInit
 .text.MX_IWDG_Init
                0x00000000080009cc       0x34 ./Core/Src/iwdg.o
                0x00000000080009cc                MX_IWDG_Init
 .text.main     0x0000000008000a00       0x80 ./Core/Src/main.o
                0x0000000008000a00                main
 .text.SystemClock_Config
                0x0000000008000a80       0xe0 ./Core/Src/main.o
                0x0000000008000a80                SystemClock_Config
 .text.HAL_TIM_PeriodElapsedCallback
                0x0000000008000b60       0x50 ./Core/Src/main.o
                0x0000000008000b60                HAL_TIM_PeriodElapsedCallback
 .text.Error_Handler
                0x0000000008000bb0        0xe ./Core/Src/main.o
                0x0000000008000bb0                Error_Handler
 *fill*         0x0000000008000bbe        0x2 
 .text.MX_RTC_Init
                0x0000000008000bc0      0x108 ./Core/Src/rtc.o
                0x0000000008000bc0                MX_RTC_Init
 .text.HAL_RTC_MspInit
                0x0000000008000cc8       0x58 ./Core/Src/rtc.o
                0x0000000008000cc8                HAL_RTC_MspInit
 .text.MX_SPI1_Init
                0x0000000008000d20       0x6c ./Core/Src/spi.o
                0x0000000008000d20                MX_SPI1_Init
 .text.HAL_SPI_MspInit
                0x0000000008000d8c       0x90 ./Core/Src/spi.o
                0x0000000008000d8c                HAL_SPI_MspInit
 .text.HAL_MspInit
                0x0000000008000e1c       0x58 ./Core/Src/stm32f4xx_hal_msp.o
                0x0000000008000e1c                HAL_MspInit
 .text.HAL_InitTick
                0x0000000008000e74       0xe4 ./Core/Src/stm32f4xx_hal_timebase_tim.o
                0x0000000008000e74                HAL_InitTick
 .text.NMI_Handler
                0x0000000008000f58        0x6 ./Core/Src/stm32f4xx_it.o
                0x0000000008000f58                NMI_Handler
 .text.HardFault_Handler
                0x0000000008000f5e        0x6 ./Core/Src/stm32f4xx_it.o
                0x0000000008000f5e                HardFault_Handler
 .text.MemManage_Handler
                0x0000000008000f64        0x6 ./Core/Src/stm32f4xx_it.o
                0x0000000008000f64                MemManage_Handler
 .text.BusFault_Handler
                0x0000000008000f6a        0x6 ./Core/Src/stm32f4xx_it.o
                0x0000000008000f6a                BusFault_Handler
 .text.UsageFault_Handler
                0x0000000008000f70        0x6 ./Core/Src/stm32f4xx_it.o
                0x0000000008000f70                UsageFault_Handler
 .text.DebugMon_Handler
                0x0000000008000f76        0xe ./Core/Src/stm32f4xx_it.o
                0x0000000008000f76                DebugMon_Handler
 .text.DMA1_Stream0_IRQHandler
                0x0000000008000f84       0x14 ./Core/Src/stm32f4xx_it.o
                0x0000000008000f84                DMA1_Stream0_IRQHandler
 .text.DMA1_Stream1_IRQHandler
                0x0000000008000f98       0x14 ./Core/Src/stm32f4xx_it.o
                0x0000000008000f98                DMA1_Stream1_IRQHandler
 .text.DMA1_Stream2_IRQHandler
                0x0000000008000fac       0x14 ./Core/Src/stm32f4xx_it.o
                0x0000000008000fac                DMA1_Stream2_IRQHandler
 .text.DMA1_Stream3_IRQHandler
                0x0000000008000fc0       0x14 ./Core/Src/stm32f4xx_it.o
                0x0000000008000fc0                DMA1_Stream3_IRQHandler
 .text.DMA1_Stream4_IRQHandler
                0x0000000008000fd4       0x14 ./Core/Src/stm32f4xx_it.o
                0x0000000008000fd4                DMA1_Stream4_IRQHandler
 .text.DMA1_Stream6_IRQHandler
                0x0000000008000fe8       0x14 ./Core/Src/stm32f4xx_it.o
                0x0000000008000fe8                DMA1_Stream6_IRQHandler
 .text.TIM1_BRK_TIM9_IRQHandler
                0x0000000008000ffc       0x14 ./Core/Src/stm32f4xx_it.o
                0x0000000008000ffc                TIM1_BRK_TIM9_IRQHandler
 .text.TIM1_UP_TIM10_IRQHandler
                0x0000000008001010       0x14 ./Core/Src/stm32f4xx_it.o
                0x0000000008001010                TIM1_UP_TIM10_IRQHandler
 .text.TIM1_TRG_COM_TIM11_IRQHandler
                0x0000000008001024       0x1c ./Core/Src/stm32f4xx_it.o
                0x0000000008001024                TIM1_TRG_COM_TIM11_IRQHandler
 .text.TIM1_CC_IRQHandler
                0x0000000008001040       0x14 ./Core/Src/stm32f4xx_it.o
                0x0000000008001040                TIM1_CC_IRQHandler
 .text.TIM2_IRQHandler
                0x0000000008001054       0x14 ./Core/Src/stm32f4xx_it.o
                0x0000000008001054                TIM2_IRQHandler
 .text.TIM3_IRQHandler
                0x0000000008001068       0x14 ./Core/Src/stm32f4xx_it.o
                0x0000000008001068                TIM3_IRQHandler
 .text.TIM4_IRQHandler
                0x000000000800107c       0x14 ./Core/Src/stm32f4xx_it.o
                0x000000000800107c                TIM4_IRQHandler
 .text.I2C1_EV_IRQHandler
                0x0000000008001090       0x14 ./Core/Src/stm32f4xx_it.o
                0x0000000008001090                I2C1_EV_IRQHandler
 .text.I2C1_ER_IRQHandler
                0x00000000080010a4       0x14 ./Core/Src/stm32f4xx_it.o
                0x00000000080010a4                I2C1_ER_IRQHandler
 .text.USART1_IRQHandler
                0x00000000080010b8       0x14 ./Core/Src/stm32f4xx_it.o
                0x00000000080010b8                USART1_IRQHandler
 .text.DMA1_Stream7_IRQHandler
                0x00000000080010cc       0x14 ./Core/Src/stm32f4xx_it.o
                0x00000000080010cc                DMA1_Stream7_IRQHandler
 .text.DMA2_Stream1_IRQHandler
                0x00000000080010e0       0x14 ./Core/Src/stm32f4xx_it.o
                0x00000000080010e0                DMA2_Stream1_IRQHandler
 .text.DMA2_Stream2_IRQHandler
                0x00000000080010f4       0x14 ./Core/Src/stm32f4xx_it.o
                0x00000000080010f4                DMA2_Stream2_IRQHandler
 .text.OTG_FS_IRQHandler
                0x0000000008001108       0x14 ./Core/Src/stm32f4xx_it.o
                0x0000000008001108                OTG_FS_IRQHandler
 .text.DMA2_Stream5_IRQHandler
                0x000000000800111c       0x14 ./Core/Src/stm32f4xx_it.o
                0x000000000800111c                DMA2_Stream5_IRQHandler
 .text.DMA2_Stream6_IRQHandler
                0x0000000008001130       0x14 ./Core/Src/stm32f4xx_it.o
                0x0000000008001130                DMA2_Stream6_IRQHandler
 .text.DMA2_Stream7_IRQHandler
                0x0000000008001144       0x14 ./Core/Src/stm32f4xx_it.o
                0x0000000008001144                DMA2_Stream7_IRQHandler
 .text.SystemInit
                0x0000000008001158       0x24 ./Core/Src/system_stm32f4xx.o
                0x0000000008001158                SystemInit
 .text.MX_TIM1_Init
                0x000000000800117c      0x174 ./Core/Src/tim.o
                0x000000000800117c                MX_TIM1_Init
 .text.MX_TIM2_Init
                0x00000000080012f0      0x100 ./Core/Src/tim.o
                0x00000000080012f0                MX_TIM2_Init
 .text.MX_TIM3_Init
                0x00000000080013f0      0x118 ./Core/Src/tim.o
                0x00000000080013f0                MX_TIM3_Init
 .text.MX_TIM4_Init
                0x0000000008001508       0xe0 ./Core/Src/tim.o
                0x0000000008001508                MX_TIM4_Init
 .text.HAL_TIM_Base_MspInit
                0x00000000080015e8      0x578 ./Core/Src/tim.o
                0x00000000080015e8                HAL_TIM_Base_MspInit
 .text.HAL_TIM_MspPostInit
                0x0000000008001b60      0x14c ./Core/Src/tim.o
                0x0000000008001b60                HAL_TIM_MspPostInit
 .text.MX_USART1_UART_Init
                0x0000000008001cac       0x54 ./Core/Src/usart.o
                0x0000000008001cac                MX_USART1_UART_Init
 .text.HAL_UART_MspInit
                0x0000000008001d00      0x190 ./Core/Src/usart.o
                0x0000000008001d00                HAL_UART_MspInit
 .text.Reset_Handler
                0x0000000008001e90       0x50 ./Core/Startup/startup_stm32f401ccux.o
                0x0000000008001e90                Reset_Handler
 .text.Default_Handler
                0x0000000008001ee0        0x2 ./Core/Startup/startup_stm32f401ccux.o
                0x0000000008001ee0                RTC_Alarm_IRQHandler
                0x0000000008001ee0                EXTI2_IRQHandler
                0x0000000008001ee0                SPI4_IRQHandler
                0x0000000008001ee0                DMA1_Stream5_IRQHandler
                0x0000000008001ee0                PVD_IRQHandler
                0x0000000008001ee0                SDIO_IRQHandler
                0x0000000008001ee0                TAMP_STAMP_IRQHandler
                0x0000000008001ee0                EXTI3_IRQHandler
                0x0000000008001ee0                I2C3_ER_IRQHandler
                0x0000000008001ee0                EXTI0_IRQHandler
                0x0000000008001ee0                I2C2_EV_IRQHandler
                0x0000000008001ee0                FPU_IRQHandler
                0x0000000008001ee0                SPI1_IRQHandler
                0x0000000008001ee0                DMA2_Stream3_IRQHandler
                0x0000000008001ee0                USART6_IRQHandler
                0x0000000008001ee0                DMA2_Stream0_IRQHandler
                0x0000000008001ee0                RCC_IRQHandler
                0x0000000008001ee0                Default_Handler
                0x0000000008001ee0                EXTI15_10_IRQHandler
                0x0000000008001ee0                ADC_IRQHandler
                0x0000000008001ee0                TIM5_IRQHandler
                0x0000000008001ee0                I2C3_EV_IRQHandler
                0x0000000008001ee0                EXTI9_5_IRQHandler
                0x0000000008001ee0                RTC_WKUP_IRQHandler
                0x0000000008001ee0                SPI2_IRQHandler
                0x0000000008001ee0                EXTI4_IRQHandler
                0x0000000008001ee0                WWDG_IRQHandler
                0x0000000008001ee0                OTG_FS_WKUP_IRQHandler
                0x0000000008001ee0                EXTI1_IRQHandler
                0x0000000008001ee0                USART2_IRQHandler
                0x0000000008001ee0                I2C2_ER_IRQHandler
                0x0000000008001ee0                FLASH_IRQHandler
                0x0000000008001ee0                DMA2_Stream4_IRQHandler
                0x0000000008001ee0                SPI3_IRQHandler
 *fill*         0x0000000008001ee2        0x2 
 .text.HAL_Init
                0x0000000008001ee4       0x44 ./Drivers/STM32F4xx_HAL_Driver/Src/stm32f4xx_hal.o
                0x0000000008001ee4                HAL_Init
 .text.HAL_IncTick
                0x0000000008001f28       0x28 ./Drivers/STM32F4xx_HAL_Driver/Src/stm32f4xx_hal.o
                0x0000000008001f28                HAL_IncTick
 .text.HAL_GetTick
                0x0000000008001f50       0x18 ./Drivers/STM32F4xx_HAL_Driver/Src/stm32f4xx_hal.o
                0x0000000008001f50                HAL_GetTick
 .text.HAL_Delay
                0x0000000008001f68       0x48 ./Drivers/STM32F4xx_HAL_Driver/Src/stm32f4xx_hal.o
                0x0000000008001f68                HAL_Delay
 .text.__NVIC_SetPriorityGrouping
                0x0000000008001fb0       0x48 ./Drivers/STM32F4xx_HAL_Driver/Src/stm32f4xx_hal_cortex.o
 .text.__NVIC_GetPriorityGrouping
                0x0000000008001ff8       0x1c ./Drivers/STM32F4xx_HAL_Driver/Src/stm32f4xx_hal_cortex.o
 .text.__NVIC_EnableIRQ
                0x0000000008002014       0x3c ./Drivers/STM32F4xx_HAL_Driver/Src/stm32f4xx_hal_cortex.o
 .text.__NVIC_SetPriority
                0x0000000008002050       0x54 ./Drivers/STM32F4xx_HAL_Driver/Src/stm32f4xx_hal_cortex.o
 .text.NVIC_EncodePriority
                0x00000000080020a4       0x66 ./Drivers/STM32F4xx_HAL_Driver/Src/stm32f4xx_hal_cortex.o
 *fill*         0x000000000800210a        0x2 
 .text.__NVIC_SystemReset
                0x000000000800210c       0x2c ./Drivers/STM32F4xx_HAL_Driver/Src/stm32f4xx_hal_cortex.o
 .text.HAL_NVIC_SetPriorityGrouping
                0x0000000008002138       0x16 ./Drivers/STM32F4xx_HAL_Driver/Src/stm32f4xx_hal_cortex.o
                0x0000000008002138                HAL_NVIC_SetPriorityGrouping
 .text.HAL_NVIC_SetPriority
                0x000000000800214e       0x38 ./Drivers/STM32F4xx_HAL_Driver/Src/stm32f4xx_hal_cortex.o
                0x000000000800214e                HAL_NVIC_SetPriority
 .text.HAL_NVIC_EnableIRQ
                0x0000000008002186       0x1c ./Drivers/STM32F4xx_HAL_Driver/Src/stm32f4xx_hal_cortex.o
                0x0000000008002186                HAL_NVIC_EnableIRQ
 .text.HAL_NVIC_SystemReset
                0x00000000080021a2        0x8 ./Drivers/STM32F4xx_HAL_Driver/Src/stm32f4xx_hal_cortex.o
                0x00000000080021a2                HAL_NVIC_SystemReset
 *fill*         0x00000000080021aa        0x2 
 .text.HAL_DMA_Init
                0x00000000080021ac      0x15c ./Drivers/STM32F4xx_HAL_Driver/Src/stm32f4xx_hal_dma.o
                0x00000000080021ac                HAL_DMA_Init
 .text.HAL_DMA_Start_IT
                0x0000000008002308       0xb0 ./Drivers/STM32F4xx_HAL_Driver/Src/stm32f4xx_hal_dma.o
                0x0000000008002308                HAL_DMA_Start_IT
 .text.HAL_DMA_Abort
                0x00000000080023b8       0xe0 ./Drivers/STM32F4xx_HAL_Driver/Src/stm32f4xx_hal_dma.o
                0x00000000080023b8                HAL_DMA_Abort
 .text.HAL_DMA_Abort_IT
                0x0000000008002498       0x44 ./Drivers/STM32F4xx_HAL_Driver/Src/stm32f4xx_hal_dma.o
                0x0000000008002498                HAL_DMA_Abort_IT
 .text.HAL_DMA_IRQHandler
                0x00000000080024dc      0x314 ./Drivers/STM32F4xx_HAL_Driver/Src/stm32f4xx_hal_dma.o
                0x00000000080024dc                HAL_DMA_IRQHandler
 .text.HAL_DMA_GetState
                0x00000000080027f0       0x1c ./Drivers/STM32F4xx_HAL_Driver/Src/stm32f4xx_hal_dma.o
                0x00000000080027f0                HAL_DMA_GetState
 .text.HAL_DMA_GetError
                0x000000000800280c       0x18 ./Drivers/STM32F4xx_HAL_Driver/Src/stm32f4xx_hal_dma.o
                0x000000000800280c                HAL_DMA_GetError
 .text.DMA_SetConfig
                0x0000000008002824       0x5c ./Drivers/STM32F4xx_HAL_Driver/Src/stm32f4xx_hal_dma.o
 .text.DMA_CalcBaseAndBitshift
                0x0000000008002880       0x6c ./Drivers/STM32F4xx_HAL_Driver/Src/stm32f4xx_hal_dma.o
 .text.DMA_CheckFifoParam
                0x00000000080028ec       0xf8 ./Drivers/STM32F4xx_HAL_Driver/Src/stm32f4xx_hal_dma.o
 .text.HAL_GPIO_Init
                0x00000000080029e4      0x308 ./Drivers/STM32F4xx_HAL_Driver/Src/stm32f4xx_hal_gpio.o
                0x00000000080029e4                HAL_GPIO_Init
 .text.HAL_GPIO_WritePin
                0x0000000008002cec       0x32 ./Drivers/STM32F4xx_HAL_Driver/Src/stm32f4xx_hal_gpio.o
                0x0000000008002cec                HAL_GPIO_WritePin
 *fill*         0x0000000008002d1e        0x2 
 .text.HAL_I2C_Init
                0x0000000008002d20      0x288 ./Drivers/STM32F4xx_HAL_Driver/Src/stm32f4xx_hal_i2c.o
                0x0000000008002d20                HAL_I2C_Init
 .text.HAL_I2C_Slave_Seq_Receive_DMA
                0x0000000008002fa8      0x274 ./Drivers/STM32F4xx_HAL_Driver/Src/stm32f4xx_hal_i2c.o
                0x0000000008002fa8                HAL_I2C_Slave_Seq_Receive_DMA
 .text.HAL_I2C_EnableListen_IT
                0x000000000800321c       0x6c ./Drivers/STM32F4xx_HAL_Driver/Src/stm32f4xx_hal_i2c.o
                0x000000000800321c                HAL_I2C_EnableListen_IT
 .text.HAL_I2C_EV_IRQHandler
                0x0000000008003288      0x2e2 ./Drivers/STM32F4xx_HAL_Driver/Src/stm32f4xx_hal_i2c.o
                0x0000000008003288                HAL_I2C_EV_IRQHandler
 .text.HAL_I2C_ER_IRQHandler
                0x000000000800356a      0x14e ./Drivers/STM32F4xx_HAL_Driver/Src/stm32f4xx_hal_i2c.o
                0x000000000800356a                HAL_I2C_ER_IRQHandler
 .text.HAL_I2C_MasterTxCpltCallback
                0x00000000080036b8       0x14 ./Drivers/STM32F4xx_HAL_Driver/Src/stm32f4xx_hal_i2c.o
                0x00000000080036b8                HAL_I2C_MasterTxCpltCallback
 .text.HAL_I2C_MasterRxCpltCallback
                0x00000000080036cc       0x14 ./Drivers/STM32F4xx_HAL_Driver/Src/stm32f4xx_hal_i2c.o
                0x00000000080036cc                HAL_I2C_MasterRxCpltCallback
 .text.HAL_I2C_SlaveTxCpltCallback
                0x00000000080036e0       0x14 ./Drivers/STM32F4xx_HAL_Driver/Src/stm32f4xx_hal_i2c.o
                0x00000000080036e0                HAL_I2C_SlaveTxCpltCallback
 .text.HAL_I2C_MemTxCpltCallback
                0x00000000080036f4       0x14 ./Drivers/STM32F4xx_HAL_Driver/Src/stm32f4xx_hal_i2c.o
                0x00000000080036f4                HAL_I2C_MemTxCpltCallback
 .text.HAL_I2C_MemRxCpltCallback
                0x0000000008003708       0x14 ./Drivers/STM32F4xx_HAL_Driver/Src/stm32f4xx_hal_i2c.o
                0x0000000008003708                HAL_I2C_MemRxCpltCallback
 .text.HAL_I2C_AbortCpltCallback
                0x000000000800371c       0x14 ./Drivers/STM32F4xx_HAL_Driver/Src/stm32f4xx_hal_i2c.o
                0x000000000800371c                HAL_I2C_AbortCpltCallback
 .text.I2C_MasterTransmit_TXE
                0x0000000008003730      0x138 ./Drivers/STM32F4xx_HAL_Driver/Src/stm32f4xx_hal_i2c.o
 .text.I2C_MasterTransmit_BTF
                0x0000000008003868       0xec ./Drivers/STM32F4xx_HAL_Driver/Src/stm32f4xx_hal_i2c.o
 .text.I2C_MemoryTransmit_TXE_BTF
                0x0000000008003954      0x128 ./Drivers/STM32F4xx_HAL_Driver/Src/stm32f4xx_hal_i2c.o
 .text.I2C_MasterReceive_RXNE
                0x0000000008003a7c      0x176 ./Drivers/STM32F4xx_HAL_Driver/Src/stm32f4xx_hal_i2c.o
 .text.I2C_MasterReceive_BTF
                0x0000000008003bf2      0x1d4 ./Drivers/STM32F4xx_HAL_Driver/Src/stm32f4xx_hal_i2c.o
 .text.I2C_Master_SB
                0x0000000008003dc6      0x10c ./Drivers/STM32F4xx_HAL_Driver/Src/stm32f4xx_hal_i2c.o
 .text.I2C_Master_ADD10
                0x0000000008003ed2       0x54 ./Drivers/STM32F4xx_HAL_Driver/Src/stm32f4xx_hal_i2c.o
 .text.I2C_Master_ADDR
                0x0000000008003f26      0x322 ./Drivers/STM32F4xx_HAL_Driver/Src/stm32f4xx_hal_i2c.o
 .text.I2C_SlaveTransmit_TXE
                0x0000000008004248       0x7a ./Drivers/STM32F4xx_HAL_Driver/Src/stm32f4xx_hal_i2c.o
 .text.I2C_SlaveTransmit_BTF
                0x00000000080042c2       0x42 ./Drivers/STM32F4xx_HAL_Driver/Src/stm32f4xx_hal_i2c.o
 .text.I2C_SlaveReceive_RXNE
                0x0000000008004304       0x7c ./Drivers/STM32F4xx_HAL_Driver/Src/stm32f4xx_hal_i2c.o
 .text.I2C_SlaveReceive_BTF
                0x0000000008004380       0x44 ./Drivers/STM32F4xx_HAL_Driver/Src/stm32f4xx_hal_i2c.o
 .text.I2C_Slave_ADDR
                0x00000000080043c4       0x94 ./Drivers/STM32F4xx_HAL_Driver/Src/stm32f4xx_hal_i2c.o
 .text.I2C_Slave_STOPF
                0x0000000008004458      0x260 ./Drivers/STM32F4xx_HAL_Driver/Src/stm32f4xx_hal_i2c.o
 .text.I2C_Slave_AF
                0x00000000080046b8       0xe0 ./Drivers/STM32F4xx_HAL_Driver/Src/stm32f4xx_hal_i2c.o
 .text.I2C_ITError
                0x0000000008004798      0x264 ./Drivers/STM32F4xx_HAL_Driver/Src/stm32f4xx_hal_i2c.o
 .text.I2C_DMAXferCplt
                0x00000000080049fc      0x1aa ./Drivers/STM32F4xx_HAL_Driver/Src/stm32f4xx_hal_i2c.o
 .text.I2C_DMAError
                0x0000000008004ba6       0x7a ./Drivers/STM32F4xx_HAL_Driver/Src/stm32f4xx_hal_i2c.o
 .text.I2C_DMAAbort
                0x0000000008004c20      0x150 ./Drivers/STM32F4xx_HAL_Driver/Src/stm32f4xx_hal_i2c.o
 .text.I2C_WaitOnSTOPRequestThroughIT
                0x0000000008004d70       0x64 ./Drivers/STM32F4xx_HAL_Driver/Src/stm32f4xx_hal_i2c.o
 .text.I2C_ConvertOtherXferOptions
                0x0000000008004dd4       0x36 ./Drivers/STM32F4xx_HAL_Driver/Src/stm32f4xx_hal_i2c.o
 .text.HAL_IWDG_Init
                0x0000000008004e0a       0x84 ./Drivers/STM32F4xx_HAL_Driver/Src/stm32f4xx_hal_iwdg.o
                0x0000000008004e0a                HAL_IWDG_Init
 .text.HAL_PCD_Init
                0x0000000008004e8e      0x23a ./Drivers/STM32F4xx_HAL_Driver/Src/stm32f4xx_hal_pcd.o
                0x0000000008004e8e                HAL_PCD_Init
 .text.HAL_PCD_Start
                0x00000000080050c8       0x66 ./Drivers/STM32F4xx_HAL_Driver/Src/stm32f4xx_hal_pcd.o
                0x00000000080050c8                HAL_PCD_Start
 .text.HAL_PCD_IRQHandler
                0x000000000800512e      0x93e ./Drivers/STM32F4xx_HAL_Driver/Src/stm32f4xx_hal_pcd.o
                0x000000000800512e                HAL_PCD_IRQHandler
 .text.HAL_PCD_SetAddress
                0x0000000008005a6c       0x4a ./Drivers/STM32F4xx_HAL_Driver/Src/stm32f4xx_hal_pcd.o
                0x0000000008005a6c                HAL_PCD_SetAddress
 .text.HAL_PCD_EP_Open
                0x0000000008005ab6       0xd0 ./Drivers/STM32F4xx_HAL_Driver/Src/stm32f4xx_hal_pcd.o
                0x0000000008005ab6                HAL_PCD_EP_Open
 .text.HAL_PCD_EP_Close
                0x0000000008005b86       0x94 ./Drivers/STM32F4xx_HAL_Driver/Src/stm32f4xx_hal_pcd.o
                0x0000000008005b86                HAL_PCD_EP_Close
 .text.HAL_PCD_EP_Receive
                0x0000000008005c1a       0x96 ./Drivers/STM32F4xx_HAL_Driver/Src/stm32f4xx_hal_pcd.o
                0x0000000008005c1a                HAL_PCD_EP_Receive
 .text.HAL_PCD_EP_GetRxCount
                0x0000000008005cb0       0x30 ./Drivers/STM32F4xx_HAL_Driver/Src/stm32f4xx_hal_pcd.o
                0x0000000008005cb0                HAL_PCD_EP_GetRxCount
 .text.HAL_PCD_EP_Transmit
                0x0000000008005ce0       0x94 ./Drivers/STM32F4xx_HAL_Driver/Src/stm32f4xx_hal_pcd.o
                0x0000000008005ce0                HAL_PCD_EP_Transmit
 .text.HAL_PCD_EP_SetStall
                0x0000000008005d74       0xc8 ./Drivers/STM32F4xx_HAL_Driver/Src/stm32f4xx_hal_pcd.o
                0x0000000008005d74                HAL_PCD_EP_SetStall
 .text.HAL_PCD_EP_ClrStall
                0x0000000008005e3c       0xac ./Drivers/STM32F4xx_HAL_Driver/Src/stm32f4xx_hal_pcd.o
                0x0000000008005e3c                HAL_PCD_EP_ClrStall
 .text.HAL_PCD_EP_Abort
                0x0000000008005ee8       0x62 ./Drivers/STM32F4xx_HAL_Driver/Src/stm32f4xx_hal_pcd.o
                0x0000000008005ee8                HAL_PCD_EP_Abort
 .text.PCD_WriteEmptyTxFifo
                0x0000000008005f4a      0x11a ./Drivers/STM32F4xx_HAL_Driver/Src/stm32f4xx_hal_pcd.o
 .text.PCD_EP_OutXfrComplete_int
                0x0000000008006064      0x1d0 ./Drivers/STM32F4xx_HAL_Driver/Src/stm32f4xx_hal_pcd.o
 .text.PCD_EP_OutSetupPacket_int
                0x0000000008006234       0x8c ./Drivers/STM32F4xx_HAL_Driver/Src/stm32f4xx_hal_pcd.o
 .text.HAL_PCDEx_SetTxFiFo
                0x00000000080062c0       0x8e ./Drivers/STM32F4xx_HAL_Driver/Src/stm32f4xx_hal_pcd_ex.o
                0x00000000080062c0                HAL_PCDEx_SetTxFiFo
 .text.HAL_PCDEx_SetRxFiFo
                0x000000000800634e       0x22 ./Drivers/STM32F4xx_HAL_Driver/Src/stm32f4xx_hal_pcd_ex.o
                0x000000000800634e                HAL_PCDEx_SetRxFiFo
 .text.HAL_PCDEx_LPM_Callback
                0x0000000008006370       0x18 ./Drivers/STM32F4xx_HAL_Driver/Src/stm32f4xx_hal_pcd_ex.o
                0x0000000008006370                HAL_PCDEx_LPM_Callback
 .text.HAL_RCC_OscConfig
                0x0000000008006388      0x4f0 ./Drivers/STM32F4xx_HAL_Driver/Src/stm32f4xx_hal_rcc.o
                0x0000000008006388                HAL_RCC_OscConfig
 .text.HAL_RCC_ClockConfig
                0x0000000008006878      0x1cc ./Drivers/STM32F4xx_HAL_Driver/Src/stm32f4xx_hal_rcc.o
                0x0000000008006878                HAL_RCC_ClockConfig
 .text.HAL_RCC_GetSysClockFreq
                0x0000000008006a44      0x18c ./Drivers/STM32F4xx_HAL_Driver/Src/stm32f4xx_hal_rcc.o
                0x0000000008006a44                HAL_RCC_GetSysClockFreq
 .text.HAL_RCC_GetHCLKFreq
                0x0000000008006bd0       0x18 ./Drivers/STM32F4xx_HAL_Driver/Src/stm32f4xx_hal_rcc.o
                0x0000000008006bd0                HAL_RCC_GetHCLKFreq
 .text.HAL_RCC_GetPCLK1Freq
                0x0000000008006be8       0x28 ./Drivers/STM32F4xx_HAL_Driver/Src/stm32f4xx_hal_rcc.o
                0x0000000008006be8                HAL_RCC_GetPCLK1Freq
 .text.HAL_RCC_GetPCLK2Freq
                0x0000000008006c10       0x28 ./Drivers/STM32F4xx_HAL_Driver/Src/stm32f4xx_hal_rcc.o
                0x0000000008006c10                HAL_RCC_GetPCLK2Freq
 .text.HAL_RCC_GetClockConfig
                0x0000000008006c38       0x64 ./Drivers/STM32F4xx_HAL_Driver/Src/stm32f4xx_hal_rcc.o
                0x0000000008006c38                HAL_RCC_GetClockConfig
 .text.HAL_RCCEx_PeriphCLKConfig
                0x0000000008006c9c      0x1dc ./Drivers/STM32F4xx_HAL_Driver/Src/stm32f4xx_hal_rcc_ex.o
                0x0000000008006c9c                HAL_RCCEx_PeriphCLKConfig
 .text.HAL_RTC_Init
                0x0000000008006e78       0xec ./Drivers/STM32F4xx_HAL_Driver/Src/stm32f4xx_hal_rtc.o
                0x0000000008006e78                HAL_RTC_Init
 .text.HAL_RTC_SetTime
                0x0000000008006f64      0x134 ./Drivers/STM32F4xx_HAL_Driver/Src/stm32f4xx_hal_rtc.o
                0x0000000008006f64                HAL_RTC_SetTime
 .text.HAL_RTC_GetTime
                0x0000000008007098       0xbc ./Drivers/STM32F4xx_HAL_Driver/Src/stm32f4xx_hal_rtc.o
                0x0000000008007098                HAL_RTC_GetTime
 .text.HAL_RTC_SetDate
                0x0000000008007154      0x108 ./Drivers/STM32F4xx_HAL_Driver/Src/stm32f4xx_hal_rtc.o
                0x0000000008007154                HAL_RTC_SetDate
 .text.HAL_RTC_GetDate
                0x000000000800725c       0x9e ./Drivers/STM32F4xx_HAL_Driver/Src/stm32f4xx_hal_rtc.o
                0x000000000800725c                HAL_RTC_GetDate
 .text.HAL_RTC_WaitForSynchro
                0x00000000080072fa       0x50 ./Drivers/STM32F4xx_HAL_Driver/Src/stm32f4xx_hal_rtc.o
                0x00000000080072fa                HAL_RTC_WaitForSynchro
 .text.RTC_EnterInitMode
                0x000000000800734a       0x6e ./Drivers/STM32F4xx_HAL_Driver/Src/stm32f4xx_hal_rtc.o
                0x000000000800734a                RTC_EnterInitMode
 .text.RTC_ExitInitMode
                0x00000000080073b8       0x4a ./Drivers/STM32F4xx_HAL_Driver/Src/stm32f4xx_hal_rtc.o
                0x00000000080073b8                RTC_ExitInitMode
 .text.RTC_ByteToBcd2
                0x0000000008007402       0x3a ./Drivers/STM32F4xx_HAL_Driver/Src/stm32f4xx_hal_rtc.o
                0x0000000008007402                RTC_ByteToBcd2
 .text.RTC_Bcd2ToByte
                0x000000000800743c       0x38 ./Drivers/STM32F4xx_HAL_Driver/Src/stm32f4xx_hal_rtc.o
                0x000000000800743c                RTC_Bcd2ToByte
 .text.HAL_RTCEx_BKUPWrite
                0x0000000008007474       0x34 ./Drivers/STM32F4xx_HAL_Driver/Src/stm32f4xx_hal_rtc_ex.o
                0x0000000008007474                HAL_RTCEx_BKUPWrite
 .text.HAL_SPI_Init
                0x00000000080074a8      0x112 ./Drivers/STM32F4xx_HAL_Driver/Src/stm32f4xx_hal_spi.o
                0x00000000080074a8                HAL_SPI_Init
 .text.HAL_SPI_Transmit
                0x00000000080075ba      0x278 ./Drivers/STM32F4xx_HAL_Driver/Src/stm32f4xx_hal_spi.o
                0x00000000080075ba                HAL_SPI_Transmit
 .text.HAL_SPI_Receive
                0x0000000008007832      0x222 ./Drivers/STM32F4xx_HAL_Driver/Src/stm32f4xx_hal_spi.o
                0x0000000008007832                HAL_SPI_Receive
 .text.HAL_SPI_TransmitReceive
                0x0000000008007a54      0x344 ./Drivers/STM32F4xx_HAL_Driver/Src/stm32f4xx_hal_spi.o
                0x0000000008007a54                HAL_SPI_TransmitReceive
 .text.SPI_WaitFlagStateUntilTimeout
                0x0000000008007d98      0x110 ./Drivers/STM32F4xx_HAL_Driver/Src/stm32f4xx_hal_spi.o
 .text.SPI_EndRxTransaction
                0x0000000008007ea8       0xca ./Drivers/STM32F4xx_HAL_Driver/Src/stm32f4xx_hal_spi.o
 *fill*         0x0000000008007f72        0x2 
 .text.SPI_EndRxTxTransaction
                0x0000000008007f74       0x84 ./Drivers/STM32F4xx_HAL_Driver/Src/stm32f4xx_hal_spi.o
 .text.HAL_TIM_Base_Init
                0x0000000008007ff8       0x9e ./Drivers/STM32F4xx_HAL_Driver/Src/stm32f4xx_hal_tim.o
                0x0000000008007ff8                HAL_TIM_Base_Init
 *fill*         0x0000000008008096        0x2 
 .text.HAL_TIM_Base_Start_IT
                0x0000000008008098       0xc4 ./Drivers/STM32F4xx_HAL_Driver/Src/stm32f4xx_hal_tim.o
                0x0000000008008098                HAL_TIM_Base_Start_IT
 .text.HAL_TIM_PWM_Init
                0x000000000800815c       0x9e ./Drivers/STM32F4xx_HAL_Driver/Src/stm32f4xx_hal_tim.o
                0x000000000800815c                HAL_TIM_PWM_Init
 .text.HAL_TIM_PWM_MspInit
                0x00000000080081fa       0x14 ./Drivers/STM32F4xx_HAL_Driver/Src/stm32f4xx_hal_tim.o
                0x00000000080081fa                HAL_TIM_PWM_MspInit
 *fill*         0x000000000800820e        0x2 
 .text.HAL_TIM_PWM_Start_DMA
                0x0000000008008210      0x360 ./Drivers/STM32F4xx_HAL_Driver/Src/stm32f4xx_hal_tim.o
                0x0000000008008210                HAL_TIM_PWM_Start_DMA
 .text.HAL_TIM_IC_Init
                0x0000000008008570       0x9e ./Drivers/STM32F4xx_HAL_Driver/Src/stm32f4xx_hal_tim.o
                0x0000000008008570                HAL_TIM_IC_Init
 .text.HAL_TIM_IC_MspInit
                0x000000000800860e       0x14 ./Drivers/STM32F4xx_HAL_Driver/Src/stm32f4xx_hal_tim.o
                0x000000000800860e                HAL_TIM_IC_MspInit
 *fill*         0x0000000008008622        0x2 
 .text.HAL_TIM_IC_Start_DMA
                0x0000000008008624      0x338 ./Drivers/STM32F4xx_HAL_Driver/Src/stm32f4xx_hal_tim.o
                0x0000000008008624                HAL_TIM_IC_Start_DMA
 .text.HAL_TIM_IC_Stop_DMA
                0x000000000800895c      0x184 ./Drivers/STM32F4xx_HAL_Driver/Src/stm32f4xx_hal_tim.o
                0x000000000800895c                HAL_TIM_IC_Stop_DMA
 .text.HAL_TIM_IRQHandler
                0x0000000008008ae0      0x210 ./Drivers/STM32F4xx_HAL_Driver/Src/stm32f4xx_hal_tim.o
                0x0000000008008ae0                HAL_TIM_IRQHandler
 .text.HAL_TIM_IC_ConfigChannel
                0x0000000008008cf0      0x138 ./Drivers/STM32F4xx_HAL_Driver/Src/stm32f4xx_hal_tim.o
                0x0000000008008cf0                HAL_TIM_IC_ConfigChannel
 .text.HAL_TIM_PWM_ConfigChannel
                0x0000000008008e28      0x184 ./Drivers/STM32F4xx_HAL_Driver/Src/stm32f4xx_hal_tim.o
                0x0000000008008e28                HAL_TIM_PWM_ConfigChannel
 .text.HAL_TIM_ConfigClockSource
                0x0000000008008fac      0x18e ./Drivers/STM32F4xx_HAL_Driver/Src/stm32f4xx_hal_tim.o
                0x0000000008008fac                HAL_TIM_ConfigClockSource
 .text.HAL_TIM_OC_DelayElapsedCallback
                0x000000000800913a       0x14 ./Drivers/STM32F4xx_HAL_Driver/Src/stm32f4xx_hal_tim.o
                0x000000000800913a                HAL_TIM_OC_DelayElapsedCallback
 .text.HAL_TIM_IC_CaptureCallback
                0x000000000800914e       0x14 ./Drivers/STM32F4xx_HAL_Driver/Src/stm32f4xx_hal_tim.o
                0x000000000800914e                HAL_TIM_IC_CaptureCallback
 .text.HAL_TIM_IC_CaptureHalfCpltCallback
                0x0000000008009162       0x14 ./Drivers/STM32F4xx_HAL_Driver/Src/stm32f4xx_hal_tim.o
                0x0000000008009162                HAL_TIM_IC_CaptureHalfCpltCallback
 .text.HAL_TIM_PWM_PulseFinishedHalfCpltCallback
                0x0000000008009176       0x14 ./Drivers/STM32F4xx_HAL_Driver/Src/stm32f4xx_hal_tim.o
                0x0000000008009176                HAL_TIM_PWM_PulseFinishedHalfCpltCallback
 .text.HAL_TIM_TriggerCallback
                0x000000000800918a       0x14 ./Drivers/STM32F4xx_HAL_Driver/Src/stm32f4xx_hal_tim.o
                0x000000000800918a                HAL_TIM_TriggerCallback
 .text.HAL_TIM_ErrorCallback
                0x000000000800919e       0x14 ./Drivers/STM32F4xx_HAL_Driver/Src/stm32f4xx_hal_tim.o
                0x000000000800919e                HAL_TIM_ErrorCallback
 .text.TIM_DMAError
                0x00000000080091b2       0x92 ./Drivers/STM32F4xx_HAL_Driver/Src/stm32f4xx_hal_tim.o
                0x00000000080091b2                TIM_DMAError
 .text.TIM_DMADelayPulseCplt
                0x0000000008009244       0xa8 ./Drivers/STM32F4xx_HAL_Driver/Src/stm32f4xx_hal_tim.o
 .text.TIM_DMADelayPulseHalfCplt
                0x00000000080092ec       0x68 ./Drivers/STM32F4xx_HAL_Driver/Src/stm32f4xx_hal_tim.o
                0x00000000080092ec                TIM_DMADelayPulseHalfCplt
 .text.TIM_DMACaptureCplt
                0x0000000008009354       0xc8 ./Drivers/STM32F4xx_HAL_Driver/Src/stm32f4xx_hal_tim.o
                0x0000000008009354                TIM_DMACaptureCplt
 .text.TIM_DMACaptureHalfCplt
                0x000000000800941c       0x68 ./Drivers/STM32F4xx_HAL_Driver/Src/stm32f4xx_hal_tim.o
                0x000000000800941c                TIM_DMACaptureHalfCplt
 .text.TIM_Base_SetConfig
                0x0000000008009484      0x100 ./Drivers/STM32F4xx_HAL_Driver/Src/stm32f4xx_hal_tim.o
                0x0000000008009484                TIM_Base_SetConfig
 .text.TIM_OC1_SetConfig
                0x0000000008009584       0xcc ./Drivers/STM32F4xx_HAL_Driver/Src/stm32f4xx_hal_tim.o
 .text.TIM_OC2_SetConfig
                0x0000000008009650       0xd8 ./Drivers/STM32F4xx_HAL_Driver/Src/stm32f4xx_hal_tim.o
                0x0000000008009650                TIM_OC2_SetConfig
 .text.TIM_OC3_SetConfig
                0x0000000008009728       0xd4 ./Drivers/STM32F4xx_HAL_Driver/Src/stm32f4xx_hal_tim.o
 .text.TIM_OC4_SetConfig
                0x00000000080097fc       0xa0 ./Drivers/STM32F4xx_HAL_Driver/Src/stm32f4xx_hal_tim.o
 .text.TIM_TI1_SetConfig
                0x000000000800989c       0xd0 ./Drivers/STM32F4xx_HAL_Driver/Src/stm32f4xx_hal_tim.o
                0x000000000800989c                TIM_TI1_SetConfig
 .text.TIM_TI1_ConfigInputStage
                0x000000000800996c       0x5e ./Drivers/STM32F4xx_HAL_Driver/Src/stm32f4xx_hal_tim.o
 .text.TIM_TI2_SetConfig
                0x00000000080099ca       0x7a ./Drivers/STM32F4xx_HAL_Driver/Src/stm32f4xx_hal_tim.o
 .text.TIM_TI2_ConfigInputStage
                0x0000000008009a44       0x60 ./Drivers/STM32F4xx_HAL_Driver/Src/stm32f4xx_hal_tim.o
 .text.TIM_TI3_SetConfig
                0x0000000008009aa4       0x78 ./Drivers/STM32F4xx_HAL_Driver/Src/stm32f4xx_hal_tim.o
 .text.TIM_TI4_SetConfig
                0x0000000008009b1c       0x7a ./Drivers/STM32F4xx_HAL_Driver/Src/stm32f4xx_hal_tim.o
 .text.TIM_ITRx_SetConfig
                0x0000000008009b96       0x36 ./Drivers/STM32F4xx_HAL_Driver/Src/stm32f4xx_hal_tim.o
 .text.TIM_ETR_SetConfig
                0x0000000008009bcc       0x40 ./Drivers/STM32F4xx_HAL_Driver/Src/stm32f4xx_hal_tim.o
                0x0000000008009bcc                TIM_ETR_SetConfig
 .text.TIM_CCxChannelCmd
                0x0000000008009c0c       0x4a ./Drivers/STM32F4xx_HAL_Driver/Src/stm32f4xx_hal_tim.o
                0x0000000008009c0c                TIM_CCxChannelCmd
 *fill*         0x0000000008009c56        0x2 
 .text.HAL_TIMEx_MasterConfigSynchronization
                0x0000000008009c58       0xdc ./Drivers/STM32F4xx_HAL_Driver/Src/stm32f4xx_hal_tim_ex.o
                0x0000000008009c58                HAL_TIMEx_MasterConfigSynchronization
 .text.HAL_TIMEx_ConfigBreakDeadTime
                0x0000000008009d34       0xa4 ./Drivers/STM32F4xx_HAL_Driver/Src/stm32f4xx_hal_tim_ex.o
                0x0000000008009d34                HAL_TIMEx_ConfigBreakDeadTime
 .text.HAL_TIMEx_CommutCallback
                0x0000000008009dd8       0x14 ./Drivers/STM32F4xx_HAL_Driver/Src/stm32f4xx_hal_tim_ex.o
                0x0000000008009dd8                HAL_TIMEx_CommutCallback
 .text.HAL_TIMEx_BreakCallback
                0x0000000008009dec       0x14 ./Drivers/STM32F4xx_HAL_Driver/Src/stm32f4xx_hal_tim_ex.o
                0x0000000008009dec                HAL_TIMEx_BreakCallback
 .text.HAL_UART_Init
                0x0000000008009e00       0x9a ./Drivers/STM32F4xx_HAL_Driver/Src/stm32f4xx_hal_uart.o
                0x0000000008009e00                HAL_UART_Init
 .text.HAL_UART_Transmit
                0x0000000008009e9a      0x124 ./Drivers/STM32F4xx_HAL_Driver/Src/stm32f4xx_hal_uart.o
                0x0000000008009e9a                HAL_UART_Transmit
 .text.HAL_UARTEx_ReceiveToIdle_DMA
                0x0000000008009fbe       0xca ./Drivers/STM32F4xx_HAL_Driver/Src/stm32f4xx_hal_uart.o
                0x0000000008009fbe                HAL_UARTEx_ReceiveToIdle_DMA
 .text.HAL_UART_IRQHandler
                0x000000000800a088      0x51c ./Drivers/STM32F4xx_HAL_Driver/Src/stm32f4xx_hal_uart.o
                0x000000000800a088                HAL_UART_IRQHandler
 .text.HAL_UART_TxCpltCallback
                0x000000000800a5a4       0x14 ./Drivers/STM32F4xx_HAL_Driver/Src/stm32f4xx_hal_uart.o
                0x000000000800a5a4                HAL_UART_TxCpltCallback
 .text.HAL_UART_RxCpltCallback
                0x000000000800a5b8       0x14 ./Drivers/STM32F4xx_HAL_Driver/Src/stm32f4xx_hal_uart.o
                0x000000000800a5b8                HAL_UART_RxCpltCallback
 .text.HAL_UART_RxHalfCpltCallback
                0x000000000800a5cc       0x14 ./Drivers/STM32F4xx_HAL_Driver/Src/stm32f4xx_hal_uart.o
                0x000000000800a5cc                HAL_UART_RxHalfCpltCallback
 .text.UART_DMAReceiveCplt
                0x000000000800a5e0      0x126 ./Drivers/STM32F4xx_HAL_Driver/Src/stm32f4xx_hal_uart.o
 .text.UART_DMARxHalfCplt
                0x000000000800a706       0x36 ./Drivers/STM32F4xx_HAL_Driver/Src/stm32f4xx_hal_uart.o
 .text.UART_DMAError
                0x000000000800a73c       0x94 ./Drivers/STM32F4xx_HAL_Driver/Src/stm32f4xx_hal_uart.o
 .text.UART_WaitOnFlagUntilTimeout
                0x000000000800a7d0       0xdc ./Drivers/STM32F4xx_HAL_Driver/Src/stm32f4xx_hal_uart.o
 .text.UART_Start_Receive_DMA
                0x000000000800a8ac      0x13c ./Drivers/STM32F4xx_HAL_Driver/Src/stm32f4xx_hal_uart.o
                0x000000000800a8ac                UART_Start_Receive_DMA
 .text.UART_EndTxTransfer
                0x000000000800a9e8       0x50 ./Drivers/STM32F4xx_HAL_Driver/Src/stm32f4xx_hal_uart.o
 .text.UART_EndRxTransfer
                0x000000000800aa38       0xc6 ./Drivers/STM32F4xx_HAL_Driver/Src/stm32f4xx_hal_uart.o
 .text.UART_DMAAbortOnError
                0x000000000800aafe       0x28 ./Drivers/STM32F4xx_HAL_Driver/Src/stm32f4xx_hal_uart.o
 .text.UART_Transmit_IT
                0x000000000800ab26       0xa0 ./Drivers/STM32F4xx_HAL_Driver/Src/stm32f4xx_hal_uart.o
 .text.UART_EndTransmit_IT
                0x000000000800abc6       0x30 ./Drivers/STM32F4xx_HAL_Driver/Src/stm32f4xx_hal_uart.o
 .text.UART_Receive_IT
                0x000000000800abf6      0x176 ./Drivers/STM32F4xx_HAL_Driver/Src/stm32f4xx_hal_uart.o
 .text.UART_SetConfig
                0x000000000800ad6c      0x4e8 ./Drivers/STM32F4xx_HAL_Driver/Src/stm32f4xx_hal_uart.o
 .text.USB_CoreInit
                0x000000000800b254       0xc2 ./Drivers/STM32F4xx_HAL_Driver/Src/stm32f4xx_ll_usb.o
                0x000000000800b254                USB_CoreInit
 *fill*         0x000000000800b316        0x2 
 .text.USB_SetTurnaroundTime
                0x000000000800b318      0x144 ./Drivers/STM32F4xx_HAL_Driver/Src/stm32f4xx_ll_usb.o
                0x000000000800b318                USB_SetTurnaroundTime
 .text.USB_EnableGlobalInt
                0x000000000800b45c       0x22 ./Drivers/STM32F4xx_HAL_Driver/Src/stm32f4xx_ll_usb.o
                0x000000000800b45c                USB_EnableGlobalInt
 .text.USB_DisableGlobalInt
                0x000000000800b47e       0x22 ./Drivers/STM32F4xx_HAL_Driver/Src/stm32f4xx_ll_usb.o
                0x000000000800b47e                USB_DisableGlobalInt
 .text.USB_SetCurrentMode
                0x000000000800b4a0       0x98 ./Drivers/STM32F4xx_HAL_Driver/Src/stm32f4xx_ll_usb.o
                0x000000000800b4a0                USB_SetCurrentMode
 .text.USB_DevInit
                0x000000000800b538      0x2c8 ./Drivers/STM32F4xx_HAL_Driver/Src/stm32f4xx_ll_usb.o
                0x000000000800b538                USB_DevInit
 .text.USB_FlushTxFifo
                0x000000000800b800       0x68 ./Drivers/STM32F4xx_HAL_Driver/Src/stm32f4xx_ll_usb.o
                0x000000000800b800                USB_FlushTxFifo
 .text.USB_FlushRxFifo
                0x000000000800b868       0x60 ./Drivers/STM32F4xx_HAL_Driver/Src/stm32f4xx_ll_usb.o
                0x000000000800b868                USB_FlushRxFifo
 .text.USB_SetDevSpeed
                0x000000000800b8c8       0x32 ./Drivers/STM32F4xx_HAL_Driver/Src/stm32f4xx_ll_usb.o
                0x000000000800b8c8                USB_SetDevSpeed
 .text.USB_GetDevSpeed
                0x000000000800b8fa       0x4a ./Drivers/STM32F4xx_HAL_Driver/Src/stm32f4xx_ll_usb.o
                0x000000000800b8fa                USB_GetDevSpeed
 .text.USB_ActivateEndpoint
                0x000000000800b944      0x10e ./Drivers/STM32F4xx_HAL_Driver/Src/stm32f4xx_ll_usb.o
                0x000000000800b944                USB_ActivateEndpoint
 *fill*         0x000000000800ba52        0x2 
 .text.USB_DeactivateEndpoint
                0x000000000800ba54      0x1b8 ./Drivers/STM32F4xx_HAL_Driver/Src/stm32f4xx_ll_usb.o
                0x000000000800ba54                USB_DeactivateEndpoint
 .text.USB_EPStartXfer
                0x000000000800bc0c      0x490 ./Drivers/STM32F4xx_HAL_Driver/Src/stm32f4xx_ll_usb.o
                0x000000000800bc0c                USB_EPStartXfer
 .text.USB_EP0StartXfer
                0x000000000800c09c      0x2b0 ./Drivers/STM32F4xx_HAL_Driver/Src/stm32f4xx_ll_usb.o
                0x000000000800c09c                USB_EP0StartXfer
 .text.USB_EPStopXfer
                0x000000000800c34c      0x154 ./Drivers/STM32F4xx_HAL_Driver/Src/stm32f4xx_ll_usb.o
                0x000000000800c34c                USB_EPStopXfer
 .text.USB_WritePacket
                0x000000000800c4a0       0x7c ./Drivers/STM32F4xx_HAL_Driver/Src/stm32f4xx_ll_usb.o
                0x000000000800c4a0                USB_WritePacket
 .text.USB_ReadPacket
                0x000000000800c51c       0xb0 ./Drivers/STM32F4xx_HAL_Driver/Src/stm32f4xx_ll_usb.o
                0x000000000800c51c                USB_ReadPacket
 .text.USB_EPSetStall
                0x000000000800c5cc       0xdc ./Drivers/STM32F4xx_HAL_Driver/Src/stm32f4xx_ll_usb.o
                0x000000000800c5cc                USB_EPSetStall
 .text.USB_EPClearStall
                0x000000000800c6a8       0xcc ./Drivers/STM32F4xx_HAL_Driver/Src/stm32f4xx_ll_usb.o
                0x000000000800c6a8                USB_EPClearStall
 .text.USB_SetDevAddress
                0x000000000800c774       0x4c ./Drivers/STM32F4xx_HAL_Driver/Src/stm32f4xx_ll_usb.o
                0x000000000800c774                USB_SetDevAddress
 .text.USB_DevConnect
                0x000000000800c7c0       0x42 ./Drivers/STM32F4xx_HAL_Driver/Src/stm32f4xx_ll_usb.o
                0x000000000800c7c0                USB_DevConnect
 .text.USB_DevDisconnect
                0x000000000800c802       0x42 ./Drivers/STM32F4xx_HAL_Driver/Src/stm32f4xx_ll_usb.o
                0x000000000800c802                USB_DevDisconnect
 .text.USB_ReadInterrupts
                0x000000000800c844       0x26 ./Drivers/STM32F4xx_HAL_Driver/Src/stm32f4xx_ll_usb.o
                0x000000000800c844                USB_ReadInterrupts
 .text.USB_ReadDevAllOutEpInterrupt
                0x000000000800c86a       0x34 ./Drivers/STM32F4xx_HAL_Driver/Src/stm32f4xx_ll_usb.o
                0x000000000800c86a                USB_ReadDevAllOutEpInterrupt
 .text.USB_ReadDevAllInEpInterrupt
                0x000000000800c89e       0x34 ./Drivers/STM32F4xx_HAL_Driver/Src/stm32f4xx_ll_usb.o
                0x000000000800c89e                USB_ReadDevAllInEpInterrupt
 .text.USB_ReadDevOutEPInterrupt
                0x000000000800c8d2       0x3c ./Drivers/STM32F4xx_HAL_Driver/Src/stm32f4xx_ll_usb.o
                0x000000000800c8d2                USB_ReadDevOutEPInterrupt
 .text.USB_ReadDevInEPInterrupt
                0x000000000800c90e       0x5c ./Drivers/STM32F4xx_HAL_Driver/Src/stm32f4xx_ll_usb.o
                0x000000000800c90e                USB_ReadDevInEPInterrupt
 .text.USB_GetMode
                0x000000000800c96a       0x1c ./Drivers/STM32F4xx_HAL_Driver/Src/stm32f4xx_ll_usb.o
                0x000000000800c96a                USB_GetMode
 .text.USB_ActivateSetup
                0x000000000800c986       0x46 ./Drivers/STM32F4xx_HAL_Driver/Src/stm32f4xx_ll_usb.o
                0x000000000800c986                USB_ActivateSetup
 .text.USB_EP0_OutStart
                0x000000000800c9cc       0xbc ./Drivers/STM32F4xx_HAL_Driver/Src/stm32f4xx_ll_usb.o
                0x000000000800c9cc                USB_EP0_OutStart
 .text.USB_CoreReset
                0x000000000800ca88       0x68 ./Drivers/STM32F4xx_HAL_Driver/Src/stm32f4xx_ll_usb.o
 .text.USBD_CDC_Init
                0x000000000800caf0      0x1f0 ./Middlewares/ST/STM32_USB_Device_Library/Class/CDC/Src/usbd_cdc.o
 .text.USBD_CDC_DeInit
                0x000000000800cce0      0x104 ./Middlewares/ST/STM32_USB_Device_Library/Class/CDC/Src/usbd_cdc.o
 .text.USBD_CDC_Setup
                0x000000000800cde4      0x1b8 ./Middlewares/ST/STM32_USB_Device_Library/Class/CDC/Src/usbd_cdc.o
 .text.USBD_CDC_DataIn
                0x000000000800cf9c       0xfe ./Middlewares/ST/STM32_USB_Device_Library/Class/CDC/Src/usbd_cdc.o
 .text.USBD_CDC_DataOut
                0x000000000800d09a       0x70 ./Middlewares/ST/STM32_USB_Device_Library/Class/CDC/Src/usbd_cdc.o
 .text.USBD_CDC_EP0_RxReady
                0x000000000800d10a       0x76 ./Middlewares/ST/STM32_USB_Device_Library/Class/CDC/Src/usbd_cdc.o
 .text.USBD_CDC_GetFSCfgDesc
                0x000000000800d180       0x70 ./Middlewares/ST/STM32_USB_Device_Library/Class/CDC/Src/usbd_cdc.o
 .text.USBD_CDC_GetHSCfgDesc
                0x000000000800d1f0       0x70 ./Middlewares/ST/STM32_USB_Device_Library/Class/CDC/Src/usbd_cdc.o
 .text.USBD_CDC_GetOtherSpeedCfgDesc
                0x000000000800d260       0x70 ./Middlewares/ST/STM32_USB_Device_Library/Class/CDC/Src/usbd_cdc.o
 .text.USBD_CDC_GetDeviceQualifierDescriptor
                0x000000000800d2d0       0x20 ./Middlewares/ST/STM32_USB_Device_Library/Class/CDC/Src/usbd_cdc.o
                0x000000000800d2d0                USBD_CDC_GetDeviceQualifierDescriptor
 .text.USBD_CDC_RegisterInterface
                0x000000000800d2f0       0x34 ./Middlewares/ST/STM32_USB_Device_Library/Class/CDC/Src/usbd_cdc.o
                0x000000000800d2f0                USBD_CDC_RegisterInterface
 .text.USBD_CDC_SetTxBuffer
                0x000000000800d324       0x44 ./Middlewares/ST/STM32_USB_Device_Library/Class/CDC/Src/usbd_cdc.o
                0x000000000800d324                USBD_CDC_SetTxBuffer
 .text.USBD_CDC_SetRxBuffer
                0x000000000800d368       0x3a ./Middlewares/ST/STM32_USB_Device_Library/Class/CDC/Src/usbd_cdc.o
                0x000000000800d368                USBD_CDC_SetRxBuffer
 *fill*         0x000000000800d3a2        0x2 
 .text.USBD_CDC_TransmitPacket
                0x000000000800d3a4       0x8c ./Middlewares/ST/STM32_USB_Device_Library/Class/CDC/Src/usbd_cdc.o
                0x000000000800d3a4                USBD_CDC_TransmitPacket
 .text.USBD_CDC_ReceivePacket
                0x000000000800d430       0x6c ./Middlewares/ST/STM32_USB_Device_Library/Class/CDC/Src/usbd_cdc.o
                0x000000000800d430                USBD_CDC_ReceivePacket
 .text.USBD_Init
                0x000000000800d49c       0x60 ./Middlewares/ST/STM32_USB_Device_Library/Core/Src/usbd_core.o
                0x000000000800d49c                USBD_Init
 .text.USBD_RegisterClass
                0x000000000800d4fc       0x6c ./Middlewares/ST/STM32_USB_Device_Library/Core/Src/usbd_core.o
                0x000000000800d4fc                USBD_RegisterClass
 .text.USBD_Start
                0x000000000800d568       0x18 ./Middlewares/ST/STM32_USB_Device_Library/Core/Src/usbd_core.o
                0x000000000800d568                USBD_Start
 .text.USBD_RunTestMode
                0x000000000800d580       0x16 ./Middlewares/ST/STM32_USB_Device_Library/Core/Src/usbd_core.o
                0x000000000800d580                USBD_RunTestMode
 .text.USBD_SetClassConfig
                0x000000000800d596       0x38 ./Middlewares/ST/STM32_USB_Device_Library/Core/Src/usbd_core.o
                0x000000000800d596                USBD_SetClassConfig
 .text.USBD_ClrClassConfig
                0x000000000800d5ce       0x34 ./Middlewares/ST/STM32_USB_Device_Library/Core/Src/usbd_core.o
                0x000000000800d5ce                USBD_ClrClassConfig
 .text.USBD_LL_SetupStage
                0x000000000800d602       0xaa ./Middlewares/ST/STM32_USB_Device_Library/Core/Src/usbd_core.o
                0x000000000800d602                USBD_LL_SetupStage
 .text.USBD_LL_DataOutStage
                0x000000000800d6ac      0x166 ./Middlewares/ST/STM32_USB_Device_Library/Core/Src/usbd_core.o
                0x000000000800d6ac                USBD_LL_DataOutStage
 .text.USBD_LL_DataInStage
                0x000000000800d812      0x164 ./Middlewares/ST/STM32_USB_Device_Library/Core/Src/usbd_core.o
                0x000000000800d812                USBD_LL_DataInStage
 .text.USBD_LL_Reset
                0x000000000800d976       0xa4 ./Middlewares/ST/STM32_USB_Device_Library/Core/Src/usbd_core.o
                0x000000000800d976                USBD_LL_Reset
 .text.USBD_LL_SetSpeed
                0x000000000800da1a       0x20 ./Middlewares/ST/STM32_USB_Device_Library/Core/Src/usbd_core.o
                0x000000000800da1a                USBD_LL_SetSpeed
 .text.USBD_LL_Suspend
                0x000000000800da3a       0x2c ./Middlewares/ST/STM32_USB_Device_Library/Core/Src/usbd_core.o
                0x000000000800da3a                USBD_LL_Suspend
 .text.USBD_LL_Resume
                0x000000000800da66       0x30 ./Middlewares/ST/STM32_USB_Device_Library/Core/Src/usbd_core.o
                0x000000000800da66                USBD_LL_Resume
 .text.USBD_LL_SOF
                0x000000000800da96       0x40 ./Middlewares/ST/STM32_USB_Device_Library/Core/Src/usbd_core.o
                0x000000000800da96                USBD_LL_SOF
 .text.USBD_LL_IsoINIncomplete
                0x000000000800dad6       0x64 ./Middlewares/ST/STM32_USB_Device_Library/Core/Src/usbd_core.o
                0x000000000800dad6                USBD_LL_IsoINIncomplete
 .text.USBD_LL_IsoOUTIncomplete
                0x000000000800db3a       0x64 ./Middlewares/ST/STM32_USB_Device_Library/Core/Src/usbd_core.o
                0x000000000800db3a                USBD_LL_IsoOUTIncomplete
 .text.USBD_LL_DevConnected
                0x000000000800db9e       0x16 ./Middlewares/ST/STM32_USB_Device_Library/Core/Src/usbd_core.o
                0x000000000800db9e                USBD_LL_DevConnected
 .text.USBD_LL_DevDisconnected
                0x000000000800dbb4       0x46 ./Middlewares/ST/STM32_USB_Device_Library/Core/Src/usbd_core.o
                0x000000000800dbb4                USBD_LL_DevDisconnected
 .text.USBD_CoreFindIF
                0x000000000800dbfa       0x1a ./Middlewares/ST/STM32_USB_Device_Library/Core/Src/usbd_core.o
                0x000000000800dbfa                USBD_CoreFindIF
 .text.USBD_CoreFindEP
                0x000000000800dc14       0x1a ./Middlewares/ST/STM32_USB_Device_Library/Core/Src/usbd_core.o
                0x000000000800dc14                USBD_CoreFindEP
 .text.USBD_GetEpDesc
                0x000000000800dc2e       0x74 ./Middlewares/ST/STM32_USB_Device_Library/Core/Src/usbd_core.o
                0x000000000800dc2e                USBD_GetEpDesc
 .text.USBD_GetNextDesc
                0x000000000800dca2       0x3a ./Middlewares/ST/STM32_USB_Device_Library/Core/Src/usbd_core.o
                0x000000000800dca2                USBD_GetNextDesc
 .text.SWAPBYTE
                0x000000000800dcdc       0x3c ./Middlewares/ST/STM32_USB_Device_Library/Core/Src/usbd_ctlreq.o
 .text.USBD_StdDevReq
                0x000000000800dd18       0xe4 ./Middlewares/ST/STM32_USB_Device_Library/Core/Src/usbd_ctlreq.o
                0x000000000800dd18                USBD_StdDevReq
 .text.USBD_StdItfReq
                0x000000000800ddfc       0xd8 ./Middlewares/ST/STM32_USB_Device_Library/Core/Src/usbd_ctlreq.o
                0x000000000800ddfc                USBD_StdItfReq
 .text.USBD_StdEPReq
                0x000000000800ded4      0x33a ./Middlewares/ST/STM32_USB_Device_Library/Core/Src/usbd_ctlreq.o
                0x000000000800ded4                USBD_StdEPReq
 *fill*         0x000000000800e20e        0x2 
 .text.USBD_GetDescriptor
                0x000000000800e210      0x2d4 ./Middlewares/ST/STM32_USB_Device_Library/Core/Src/usbd_ctlreq.o
 .text.USBD_SetAddress
                0x000000000800e4e4       0x88 ./Middlewares/ST/STM32_USB_Device_Library/Core/Src/usbd_ctlreq.o
 .text.USBD_SetConfig
                0x000000000800e56c      0x154 ./Middlewares/ST/STM32_USB_Device_Library/Core/Src/usbd_ctlreq.o
 .text.USBD_GetConfig
                0x000000000800e6c0       0x6c ./Middlewares/ST/STM32_USB_Device_Library/Core/Src/usbd_ctlreq.o
 .text.USBD_GetStatus
                0x000000000800e72c       0x68 ./Middlewares/ST/STM32_USB_Device_Library/Core/Src/usbd_ctlreq.o
 .text.USBD_SetFeature
                0x000000000800e794       0x52 ./Middlewares/ST/STM32_USB_Device_Library/Core/Src/usbd_ctlreq.o
 .text.USBD_ClrFeature
                0x000000000800e7e6       0x44 ./Middlewares/ST/STM32_USB_Device_Library/Core/Src/usbd_ctlreq.o
 .text.USBD_ParseSetupRequest
                0x000000000800e82a       0x74 ./Middlewares/ST/STM32_USB_Device_Library/Core/Src/usbd_ctlreq.o
                0x000000000800e82a                USBD_ParseSetupRequest
 .text.USBD_CtlError
                0x000000000800e89e       0x22 ./Middlewares/ST/STM32_USB_Device_Library/Core/Src/usbd_ctlreq.o
                0x000000000800e89e                USBD_CtlError
 .text.USBD_GetString
                0x000000000800e8c0       0x8c ./Middlewares/ST/STM32_USB_Device_Library/Core/Src/usbd_ctlreq.o
                0x000000000800e8c0                USBD_GetString
 .text.USBD_GetLen
                0x000000000800e94c       0x34 ./Middlewares/ST/STM32_USB_Device_Library/Core/Src/usbd_ctlreq.o
 .text.USBD_CtlSendData
                0x000000000800e980       0x36 ./Middlewares/ST/STM32_USB_Device_Library/Core/Src/usbd_ioreq.o
                0x000000000800e980                USBD_CtlSendData
 .text.USBD_CtlContinueSendData
                0x000000000800e9b6       0x22 ./Middlewares/ST/STM32_USB_Device_Library/Core/Src/usbd_ioreq.o
                0x000000000800e9b6                USBD_CtlContinueSendData
 .text.USBD_CtlPrepareRx
                0x000000000800e9d8       0x3a ./Middlewares/ST/STM32_USB_Device_Library/Core/Src/usbd_ioreq.o
                0x000000000800e9d8                USBD_CtlPrepareRx
 .text.USBD_CtlContinueRx
                0x000000000800ea12       0x22 ./Middlewares/ST/STM32_USB_Device_Library/Core/Src/usbd_ioreq.o
                0x000000000800ea12                USBD_CtlContinueRx
 .text.USBD_CtlSendStatus
                0x000000000800ea34       0x26 ./Middlewares/ST/STM32_USB_Device_Library/Core/Src/usbd_ioreq.o
                0x000000000800ea34                USBD_CtlSendStatus
 .text.USBD_CtlReceiveStatus
                0x000000000800ea5a       0x26 ./Middlewares/ST/STM32_USB_Device_Library/Core/Src/usbd_ioreq.o
                0x000000000800ea5a                USBD_CtlReceiveStatus
 .text.makeFreeRtosPriority
                0x000000000800ea80       0x30 ./Middlewares/Third_Party/FreeRTOS/Source/CMSIS_RTOS/cmsis_os.o
 .text.osKernelStart
                0x000000000800eab0        0xe ./Middlewares/Third_Party/FreeRTOS/Source/CMSIS_RTOS/cmsis_os.o
                0x000000000800eab0                osKernelStart
 .text.osThreadCreate
                0x000000000800eabe       0x98 ./Middlewares/Third_Party/FreeRTOS/Source/CMSIS_RTOS/cmsis_os.o
                0x000000000800eabe                osThreadCreate
 .text.osDelay  0x000000000800eb56       0x28 ./Middlewares/Third_Party/FreeRTOS/Source/CMSIS_RTOS/cmsis_os.o
                0x000000000800eb56                osDelay
 .text.osSemaphoreCreate
                0x000000000800eb7e       0x64 ./Middlewares/Third_Party/FreeRTOS/Source/CMSIS_RTOS/cmsis_os.o
                0x000000000800eb7e                osSemaphoreCreate
 .text.vListInitialise
                0x000000000800ebe2       0x40 ./Middlewares/Third_Party/FreeRTOS/Source/list.o
                0x000000000800ebe2                vListInitialise
 .text.vListInitialiseItem
                0x000000000800ec22       0x1a ./Middlewares/Third_Party/FreeRTOS/Source/list.o
                0x000000000800ec22                vListInitialiseItem
 .text.vListInsertEnd
                0x000000000800ec3c       0x48 ./Middlewares/Third_Party/FreeRTOS/Source/list.o
                0x000000000800ec3c                vListInsertEnd
 .text.vListInsert
                0x000000000800ec84       0x72 ./Middlewares/Third_Party/FreeRTOS/Source/list.o
                0x000000000800ec84                vListInsert
 .text.uxListRemove
                0x000000000800ecf6       0x54 ./Middlewares/Third_Party/FreeRTOS/Source/list.o
                0x000000000800ecf6                uxListRemove
 *fill*         0x000000000800ed4a        0x2 
 .text.xQueueGenericReset
                0x000000000800ed4c       0xd0 ./Middlewares/Third_Party/FreeRTOS/Source/queue.o
                0x000000000800ed4c                xQueueGenericReset
 .text.xQueueGenericCreateStatic
                0x000000000800ee1c       0xf0 ./Middlewares/Third_Party/FreeRTOS/Source/queue.o
                0x000000000800ee1c                xQueueGenericCreateStatic
 .text.xQueueGenericCreate
                0x000000000800ef0c       0x74 ./Middlewares/Third_Party/FreeRTOS/Source/queue.o
                0x000000000800ef0c                xQueueGenericCreate
 .text.prvInitialiseNewQueue
                0x000000000800ef80       0x3e ./Middlewares/Third_Party/FreeRTOS/Source/queue.o
 *fill*         0x000000000800efbe        0x2 
 .text.xQueueGenericSend
                0x000000000800efc0      0x1fc ./Middlewares/Third_Party/FreeRTOS/Source/queue.o
                0x000000000800efc0                xQueueGenericSend
 .text.prvCopyDataToQueue
                0x000000000800f1bc       0xd4 ./Middlewares/Third_Party/FreeRTOS/Source/queue.o
 .text.prvUnlockQueue
                0x000000000800f290       0xa4 ./Middlewares/Third_Party/FreeRTOS/Source/queue.o
 .text.prvIsQueueFull
                0x000000000800f334       0x30 ./Middlewares/Third_Party/FreeRTOS/Source/queue.o
 .text.xTaskCreateStatic
                0x000000000800f364       0xba ./Middlewares/Third_Party/FreeRTOS/Source/tasks.o
                0x000000000800f364                xTaskCreateStatic
 .text.xTaskCreate
                0x000000000800f41e       0x8a ./Middlewares/Third_Party/FreeRTOS/Source/tasks.o
                0x000000000800f41e                xTaskCreate
 .text.prvInitialiseNewTask
                0x000000000800f4a8      0x10e ./Middlewares/Third_Party/FreeRTOS/Source/tasks.o
 *fill*         0x000000000800f5b6        0x2 
 .text.prvAddNewTaskToReadyList
                0x000000000800f5b8       0xd4 ./Middlewares/Third_Party/FreeRTOS/Source/tasks.o
 .text.vTaskDelay
                0x000000000800f68c       0x68 ./Middlewares/Third_Party/FreeRTOS/Source/tasks.o
                0x000000000800f68c                vTaskDelay
 .text.vTaskStartScheduler
                0x000000000800f6f4       0xc0 ./Middlewares/Third_Party/FreeRTOS/Source/tasks.o
                0x000000000800f6f4                vTaskStartScheduler
 .text.vTaskSuspendAll
                0x000000000800f7b4       0x1c ./Middlewares/Third_Party/FreeRTOS/Source/tasks.o
                0x000000000800f7b4                vTaskSuspendAll
 .text.xTaskResumeAll
                0x000000000800f7d0      0x138 ./Middlewares/Third_Party/FreeRTOS/Source/tasks.o
                0x000000000800f7d0                xTaskResumeAll
 .text.xTaskIncrementTick
                0x000000000800f908      0x170 ./Middlewares/Third_Party/FreeRTOS/Source/tasks.o
                0x000000000800f908                xTaskIncrementTick
 .text.vTaskSwitchContext
                0x000000000800fa78       0xb8 ./Middlewares/Third_Party/FreeRTOS/Source/tasks.o
                0x000000000800fa78                vTaskSwitchContext
 .text.vTaskPlaceOnEventList
                0x000000000800fb30       0x48 ./Middlewares/Third_Party/FreeRTOS/Source/tasks.o
                0x000000000800fb30                vTaskPlaceOnEventList
 .text.xTaskRemoveFromEventList
                0x000000000800fb78       0xc4 ./Middlewares/Third_Party/FreeRTOS/Source/tasks.o
                0x000000000800fb78                xTaskRemoveFromEventList
 .text.vTaskInternalSetTimeOutState
                0x000000000800fc3c       0x2c ./Middlewares/Third_Party/FreeRTOS/Source/tasks.o
                0x000000000800fc3c                vTaskInternalSetTimeOutState
 .text.xTaskCheckForTimeOut
                0x000000000800fc68       0xc4 ./Middlewares/Third_Party/FreeRTOS/Source/tasks.o
                0x000000000800fc68                xTaskCheckForTimeOut
 .text.vTaskMissedYield
                0x000000000800fd2c       0x18 ./Middlewares/Third_Party/FreeRTOS/Source/tasks.o
                0x000000000800fd2c                vTaskMissedYield
 .text.prvIdleTask
                0x000000000800fd44       0x30 ./Middlewares/Third_Party/FreeRTOS/Source/tasks.o
 .text.prvInitialiseTaskLists
                0x000000000800fd74       0x80 ./Middlewares/Third_Party/FreeRTOS/Source/tasks.o
 .text.prvCheckTasksWaitingTermination
                0x000000000800fdf4       0x5c ./Middlewares/Third_Party/FreeRTOS/Source/tasks.o
 .text.prvDeleteTCB
                0x000000000800fe50       0x5e ./Middlewares/Third_Party/FreeRTOS/Source/tasks.o
 *fill*         0x000000000800feae        0x2 
 .text.prvResetNextTaskUnblockTime
                0x000000000800feb0       0x40 ./Middlewares/Third_Party/FreeRTOS/Source/tasks.o
 .text.xTaskGetSchedulerState
                0x000000000800fef0       0x3c ./Middlewares/Third_Party/FreeRTOS/Source/tasks.o
                0x000000000800fef0                xTaskGetSchedulerState
 .text.xTaskPriorityDisinherit
                0x000000000800ff2c      0x10c ./Middlewares/Third_Party/FreeRTOS/Source/tasks.o
                0x000000000800ff2c                xTaskPriorityDisinherit
 .text.prvAddCurrentTaskToDelayedList
                0x0000000008010038       0xcc ./Middlewares/Third_Party/FreeRTOS/Source/tasks.o
 .text.pxPortInitialiseStack
                0x0000000008010104       0x68 ./Middlewares/Third_Party/FreeRTOS/Source/portable/GCC/ARM_CM4F/port.o
                0x0000000008010104                pxPortInitialiseStack
 .text.prvTaskExitError
                0x000000000801016c       0x58 ./Middlewares/Third_Party/FreeRTOS/Source/portable/GCC/ARM_CM4F/port.o
 *fill*         0x00000000080101c4        0xc 
 .text.SVC_Handler
                0x00000000080101d0       0x28 ./Middlewares/Third_Party/FreeRTOS/Source/portable/GCC/ARM_CM4F/port.o
                0x00000000080101d0                SVC_Handler
 .text.prvPortStartFirstTask
                0x00000000080101f8       0x28 ./Middlewares/Third_Party/FreeRTOS/Source/portable/GCC/ARM_CM4F/port.o
 .text.xPortStartScheduler
                0x0000000008010220      0x144 ./Middlewares/Third_Party/FreeRTOS/Source/portable/GCC/ARM_CM4F/port.o
                0x0000000008010220                xPortStartScheduler
 .text.vPortEnterCritical
                0x0000000008010364       0x60 ./Middlewares/Third_Party/FreeRTOS/Source/portable/GCC/ARM_CM4F/port.o
                0x0000000008010364                vPortEnterCritical
 .text.vPortExitCritical
                0x00000000080103c4       0x54 ./Middlewares/Third_Party/FreeRTOS/Source/portable/GCC/ARM_CM4F/port.o
                0x00000000080103c4                vPortExitCritical
 *fill*         0x0000000008010418        0x8 
 .text.PendSV_Handler
                0x0000000008010420       0x68 ./Middlewares/Third_Party/FreeRTOS/Source/portable/GCC/ARM_CM4F/port.o
                0x0000000008010420                PendSV_Handler
 .text.SysTick_Handler
                0x0000000008010488       0x44 ./Middlewares/Third_Party/FreeRTOS/Source/portable/GCC/ARM_CM4F/port.o
                0x0000000008010488                SysTick_Handler
 .text.vPortSetupTimerInterrupt
                0x00000000080104cc       0x48 ./Middlewares/Third_Party/FreeRTOS/Source/portable/GCC/ARM_CM4F/port.o
                0x00000000080104cc                vPortSetupTimerInterrupt
 .text.vPortEnableVFP
                0x0000000008010514       0x14 ./Middlewares/Third_Party/FreeRTOS/Source/portable/GCC/ARM_CM4F/port.o
 .text.pvPortMalloc
                0x0000000008010528      0x198 ./Middlewares/Third_Party/FreeRTOS/Source/portable/MemMang/heap_4.o
                0x0000000008010528                pvPortMalloc
 .text.vPortFree
                0x00000000080106c0       0xc4 ./Middlewares/Third_Party/FreeRTOS/Source/portable/MemMang/heap_4.o
                0x00000000080106c0                vPortFree
 .text.prvHeapInit
                0x0000000008010784       0xc4 ./Middlewares/Third_Party/FreeRTOS/Source/portable/MemMang/heap_4.o
 .text.prvInsertBlockIntoFreeList
                0x0000000008010848       0xb4 ./Middlewares/Third_Party/FreeRTOS/Source/portable/MemMang/heap_4.o
 .text.MX_USB_DEVICE_Init
                0x00000000080108fc       0x60 ./USB_DEVICE/App/usb_device.o
                0x00000000080108fc                MX_USB_DEVICE_Init
 .text.CDC_Init_FS
                0x000000000801095c       0x28 ./USB_DEVICE/App/usbd_cdc_if.o
 .text.CDC_DeInit_FS
                0x0000000008010984       0x10 ./USB_DEVICE/App/usbd_cdc_if.o
 .text.CDC_Control_FS
                0x0000000008010994       0xbc ./USB_DEVICE/App/usbd_cdc_if.o
 .text.CDC_Receive_FS
                0x0000000008010a50       0x54 ./USB_DEVICE/App/usbd_cdc_if.o
 .text.CDC_Transmit_FS
                0x0000000008010aa4       0x4c ./USB_DEVICE/App/usbd_cdc_if.o
                0x0000000008010aa4                CDC_Transmit_FS
 .text.CDC_TransmitCplt_FS
                0x0000000008010af0       0x22 ./USB_DEVICE/App/usbd_cdc_if.o
 *fill*         0x0000000008010b12        0x2 
 .text.USBD_FS_DeviceDescriptor
                0x0000000008010b14       0x24 ./USB_DEVICE/App/usbd_desc.o
                0x0000000008010b14                USBD_FS_DeviceDescriptor
 .text.USBD_FS_LangIDStrDescriptor
                0x0000000008010b38       0x24 ./USB_DEVICE/App/usbd_desc.o
                0x0000000008010b38                USBD_FS_LangIDStrDescriptor
 .text.USBD_FS_ProductStrDescriptor
                0x0000000008010b5c       0x3c ./USB_DEVICE/App/usbd_desc.o
                0x0000000008010b5c                USBD_FS_ProductStrDescriptor
 .text.USBD_FS_ManufacturerStrDescriptor
                0x0000000008010b98       0x28 ./USB_DEVICE/App/usbd_desc.o
                0x0000000008010b98                USBD_FS_ManufacturerStrDescriptor
 .text.USBD_FS_SerialStrDescriptor
                0x0000000008010bc0       0x24 ./USB_DEVICE/App/usbd_desc.o
                0x0000000008010bc0                USBD_FS_SerialStrDescriptor
 .text.USBD_FS_ConfigStrDescriptor
                0x0000000008010be4       0x3c ./USB_DEVICE/App/usbd_desc.o
                0x0000000008010be4                USBD_FS_ConfigStrDescriptor
 .text.USBD_FS_InterfaceStrDescriptor
                0x0000000008010c20       0x3c ./USB_DEVICE/App/usbd_desc.o
                0x0000000008010c20                USBD_FS_InterfaceStrDescriptor
 .text.Get_SerialNum
                0x0000000008010c5c       0x58 ./USB_DEVICE/App/usbd_desc.o
 .text.IntToUnicode
                0x0000000008010cb4       0x7e ./USB_DEVICE/App/usbd_desc.o
 *fill*         0x0000000008010d32        0x2 
 .text.HAL_PCD_MspInit
                0x0000000008010d34       0xa8 ./USB_DEVICE/Target/usbd_conf.o
                0x0000000008010d34                HAL_PCD_MspInit
 .text.HAL_PCD_SetupStageCallback
                0x0000000008010ddc       0x24 ./USB_DEVICE/Target/usbd_conf.o
                0x0000000008010ddc                HAL_PCD_SetupStageCallback
 .text.HAL_PCD_DataOutStageCallback
                0x0000000008010e00       0x36 ./USB_DEVICE/Target/usbd_conf.o
                0x0000000008010e00                HAL_PCD_DataOutStageCallback
 .text.HAL_PCD_DataInStageCallback
                0x0000000008010e36       0x34 ./USB_DEVICE/Target/usbd_conf.o
                0x0000000008010e36                HAL_PCD_DataInStageCallback
 .text.HAL_PCD_SOFCallback
                0x0000000008010e6a       0x1c ./USB_DEVICE/Target/usbd_conf.o
                0x0000000008010e6a                HAL_PCD_SOFCallback
 .text.HAL_PCD_ResetCallback
                0x0000000008010e86       0x3c ./USB_DEVICE/Target/usbd_conf.o
                0x0000000008010e86                HAL_PCD_ResetCallback
 *fill*         0x0000000008010ec2        0x2 
 .text.HAL_PCD_SuspendCallback
                0x0000000008010ec4       0x4c ./USB_DEVICE/Target/usbd_conf.o
                0x0000000008010ec4                HAL_PCD_SuspendCallback
 .text.HAL_PCD_ResumeCallback
                0x0000000008010f10       0x1c ./USB_DEVICE/Target/usbd_conf.o
                0x0000000008010f10                HAL_PCD_ResumeCallback
 .text.HAL_PCD_ISOOUTIncompleteCallback
                0x0000000008010f2c       0x24 ./USB_DEVICE/Target/usbd_conf.o
                0x0000000008010f2c                HAL_PCD_ISOOUTIncompleteCallback
 .text.HAL_PCD_ISOINIncompleteCallback
                0x0000000008010f50       0x24 ./USB_DEVICE/Target/usbd_conf.o
                0x0000000008010f50                HAL_PCD_ISOINIncompleteCallback
 .text.HAL_PCD_ConnectCallback
                0x0000000008010f74       0x1c ./USB_DEVICE/Target/usbd_conf.o
                0x0000000008010f74                HAL_PCD_ConnectCallback
 .text.HAL_PCD_DisconnectCallback
                0x0000000008010f90       0x1c ./USB_DEVICE/Target/usbd_conf.o
                0x0000000008010f90                HAL_PCD_DisconnectCallback
 .text.USBD_LL_Init
                0x0000000008010fac       0x98 ./USB_DEVICE/Target/usbd_conf.o
                0x0000000008010fac                USBD_LL_Init
 .text.USBD_LL_Start
                0x0000000008011044       0x36 ./USB_DEVICE/Target/usbd_conf.o
                0x0000000008011044                USBD_LL_Start
 .text.USBD_LL_OpenEP
                0x000000000801107a       0x4c ./USB_DEVICE/Target/usbd_conf.o
                0x000000000801107a                USBD_LL_OpenEP
 .text.USBD_LL_CloseEP
                0x00000000080110c6       0x3e ./USB_DEVICE/Target/usbd_conf.o
                0x00000000080110c6                USBD_LL_CloseEP
 .text.USBD_LL_StallEP
                0x0000000008011104       0x3e ./USB_DEVICE/Target/usbd_conf.o
                0x0000000008011104                USBD_LL_StallEP
 .text.USBD_LL_ClearStallEP
                0x0000000008011142       0x3e ./USB_DEVICE/Target/usbd_conf.o
                0x0000000008011142                USBD_LL_ClearStallEP
 .text.USBD_LL_IsStallEP
                0x0000000008011180       0x58 ./USB_DEVICE/Target/usbd_conf.o
                0x0000000008011180                USBD_LL_IsStallEP
 .text.USBD_LL_SetUSBAddress
                0x00000000080111d8       0x3e ./USB_DEVICE/Target/usbd_conf.o
                0x00000000080111d8                USBD_LL_SetUSBAddress
 .text.USBD_LL_Transmit
                0x0000000008011216       0x42 ./USB_DEVICE/Target/usbd_conf.o
                0x0000000008011216                USBD_LL_Transmit
 .text.USBD_LL_PrepareReceive
                0x0000000008011258       0x42 ./USB_DEVICE/Target/usbd_conf.o
                0x0000000008011258                USBD_LL_PrepareReceive
 .text.USBD_LL_GetRxDataSize
                0x000000000801129a       0x26 ./USB_DEVICE/Target/usbd_conf.o
                0x000000000801129a                USBD_LL_GetRxDataSize
 .text.USBD_static_malloc
                0x00000000080112c0       0x1c ./USB_DEVICE/Target/usbd_conf.o
                0x00000000080112c0                USBD_static_malloc
 .text.USBD_static_free
                0x00000000080112dc       0x14 ./USB_DEVICE/Target/usbd_conf.o
                0x00000000080112dc                USBD_static_free
 .text.USBD_Get_USB_Status
                0x00000000080112f0       0x58 ./USB_DEVICE/Target/usbd_conf.o
                0x00000000080112f0                USBD_Get_USB_Status
 .text.Checksum
                0x0000000008011348       0x46 ./User/Src/ChessClock.o
                0x0000000008011348                Checksum
 *fill*         0x000000000801138e        0x2 
 .text.HAL_I2C_AddrCallback
                0x0000000008011390       0x40 ./User/Src/ChessClock.o
                0x0000000008011390                HAL_I2C_AddrCallback
 .text.HAL_I2C_ListenCpltCallback
                0x00000000080113d0       0x1c ./User/Src/ChessClock.o
                0x00000000080113d0                HAL_I2C_ListenCpltCallback
 .text.HAL_I2C_SlaveRxCpltCallback
                0x00000000080113ec       0x58 ./User/Src/ChessClock.o
                0x00000000080113ec                HAL_I2C_SlaveRxCpltCallback
 .text.HAL_I2C_ErrorCallback
                0x0000000008011444       0x24 ./User/Src/ChessClock.o
                0x0000000008011444                HAL_I2C_ErrorCallback
 .text.ChessClock_Init
                0x0000000008011468       0x14 ./User/Src/ChessClock.o
                0x0000000008011468                ChessClock_Init
 .text.WriteProtect
                0x000000000801147c       0x48 ./User/Src/MB85RS256.o
                0x000000000801147c                WriteProtect
 .text.WriteEnable
                0x00000000080114c4       0x48 ./User/Src/MB85RS256.o
                0x00000000080114c4                WriteEnable
 .text.MB85RS_write
                0x000000000801150c       0x8c ./User/Src/MB85RS256.o
                0x000000000801150c                MB85RS_write
 .text.MB85RS_read
                0x0000000008011598       0x60 ./User/Src/MB85RS256.o
                0x0000000008011598                MB85RS_read
 .text.MB85RS_erase
                0x00000000080115f8       0xa0 ./User/Src/MB85RS256.o
                0x00000000080115f8                MB85RS_erase
 .text.MB85RS_getPointSave
                0x0000000008011698       0x38 ./User/Src/MB85RS256.o
                0x0000000008011698                MB85RS_getPointSave
 .text.MB85RS_WritePointSave
                0x00000000080116d0       0x60 ./User/Src/MB85RS256.o
                0x00000000080116d0                MB85RS_WritePointSave
 .text.MB85RS_WriteNewGame
                0x0000000008011730       0x9c ./User/Src/MB85RS256.o
                0x0000000008011730                MB85RS_WriteNewGame
 .text.MB85RS_saveFen
                0x00000000080117cc       0xd8 ./User/Src/MB85RS256.o
                0x00000000080117cc                MB85RS_saveFen
 .text.handlerMb85rs
                0x00000000080118a4       0x80 ./User/Src/MB85RS256.o
                0x00000000080118a4                handlerMb85rs
 .text.QueueGetRear
                0x0000000008011924       0x7c ./User/Src/QueueData.o
                0x0000000008011924                QueueGetRear
 .text.QueueGetFront
                0x00000000080119a0       0x18 ./User/Src/QueueData.o
                0x00000000080119a0                QueueGetFront
 .text.QueueGetFrontAfter
                0x00000000080119b8       0x3c ./User/Src/QueueData.o
                0x00000000080119b8                QueueGetFrontAfter
 .text.QueueGetCount
                0x00000000080119f4       0x18 ./User/Src/QueueData.o
                0x00000000080119f4                QueueGetCount
 .text.QueueClear
                0x0000000008011a0c       0x2c ./User/Src/QueueData.o
                0x0000000008011a0c                QueueClear
 .text.RTC_SetTime
                0x0000000008011a38       0x88 ./User/Src/RtcRealTime.o
                0x0000000008011a38                RTC_SetTime
 .text.HAL_TIM_PWM_PulseFinishedCallback
                0x0000000008011ac0       0x34 ./User/Src/ScanPieces.o
                0x0000000008011ac0                HAL_TIM_PWM_PulseFinishedCallback
 .text.ScanPiecesInit
                0x0000000008011af4       0x34 ./User/Src/ScanPieces.o
                0x0000000008011af4                ScanPiecesInit
 .text.PulseOut
                0x0000000008011b28      0x188 ./User/Src/ScanPieces.o
                0x0000000008011b28                PulseOut
 .text.SelectReadCoil
                0x0000000008011cb0      0x15c ./User/Src/ScanPieces.o
                0x0000000008011cb0                SelectReadCoil
 .text.Measure  0x0000000008011e0c      0x2ac ./User/Src/ScanPieces.o
                0x0000000008011e0c                Measure
 .text.Scan     0x00000000080120b8      0x350 ./User/Src/ScanPieces.o
                0x00000000080120b8                Scan
 .text.FileRankToSquare
                0x0000000008012408       0x32 ./User/Src/ScanPieces.o
                0x0000000008012408                FileRankToSquare
 *fill*         0x000000000801243a        0x2 
 .text.DetectFenChange
                0x000000000801243c       0x5c ./User/Src/ScanPieces.o
                0x000000000801243c                DetectFenChange
 .text.StartTaskScanPiece
                0x0000000008012498      0x14c ./User/Src/TaskScanPiece.o
                0x0000000008012498                StartTaskScanPiece
 .text.PushData
                0x00000000080125e4      0x18c ./User/Src/TaskScanPiece.o
                0x00000000080125e4                PushData
 .text.CalculateCRC
                0x0000000008012770       0x84 ./User/Src/Utilities.o
                0x0000000008012770                CalculateCRC
 .text.getMarkSq
                0x00000000080127f4      0x178 ./User/Src/calibase.o
                0x00000000080127f4                getMarkSq
 .text.HAL_UARTEx_RxEventCallback
                0x000000000801296c       0x50 ./User/Src/interface.o
                0x000000000801296c                HAL_UARTEx_RxEventCallback
 .text.HAL_UART_ErrorCallback
                0x00000000080129bc       0x24 ./User/Src/interface.o
                0x00000000080129bc                HAL_UART_ErrorCallback
 .text.initReceiverUart
                0x00000000080129e0       0x30 ./User/Src/interface.o
                0x00000000080129e0                initReceiverUart
 .text.byteToPiece
                0x0000000008012a10       0xe4 ./User/Src/interface.o
                0x0000000008012a10                byteToPiece
 .text.AnalyserCMD
                0x0000000008012af4      0x21c ./User/Src/interface.o
                0x0000000008012af4                AnalyserCMD
 .text.Response_CheckAddress
                0x0000000008012d10       0x90 ./User/Src/interface.o
                0x0000000008012d10                Response_CheckAddress
 .text.Responce_GetBoardReview
                0x0000000008012da0      0x1c0 ./User/Src/interface.o
                0x0000000008012da0                Responce_GetBoardReview
 .text.Responce_GetBoardRecording
                0x0000000008012f60      0x114 ./User/Src/interface.o
                0x0000000008012f60                Responce_GetBoardRecording
 .text.Responce_SetTimeRTC
                0x0000000008013074       0x42 ./User/Src/interface.o
                0x0000000008013074                Responce_SetTimeRTC
 *fill*         0x00000000080130b6        0x2 
 .text.Responce_GetDataGameSave
                0x00000000080130b8       0xb0 ./User/Src/interface.o
                0x00000000080130b8                Responce_GetDataGameSave
 .text.Responce_EraseGameSave
                0x0000000008013168        0xc ./User/Src/interface.o
                0x0000000008013168                Responce_EraseGameSave
 .text.UsbSendDateTime
                0x0000000008013174       0x54 ./User/Src/interface.o
                0x0000000008013174                UsbSendDateTime
 .text.UsbSendDataCalibase
                0x00000000080131c8      0x1bc ./User/Src/interface.o
                0x00000000080131c8                UsbSendDataCalibase
 .text.__libc_init_array
                0x0000000008013384       0x48 c:/st/stm32cubeide_1.10.1/stm32cubeide/plugins/com.st.stm32cube.ide.mcu.externaltools.gnu-tools-for-stm32.10.3-2021.10.win32_1.0.0.202111181127/tools/bin/../lib/gcc/arm-none-eabi/10.3.1/../../../../arm-none-eabi/lib/thumb/v7e-m+fp/hard\libc_nano.a(lib_a-init.o)
                0x0000000008013384                __libc_init_array
 .text.memcpy   0x00000000080133cc       0x1c c:/st/stm32cubeide_1.10.1/stm32cubeide/plugins/com.st.stm32cube.ide.mcu.externaltools.gnu-tools-for-stm32.10.3-2021.10.win32_1.0.0.202111181127/tools/bin/../lib/gcc/arm-none-eabi/10.3.1/../../../../arm-none-eabi/lib/thumb/v7e-m+fp/hard\libc_nano.a(lib_a-memcpy-stub.o)
                0x00000000080133cc                memcpy
 .text.memset   0x00000000080133e8       0x10 c:/st/stm32cubeide_1.10.1/stm32cubeide/plugins/com.st.stm32cube.ide.mcu.externaltools.gnu-tools-for-stm32.10.3-2021.10.win32_1.0.0.202111181127/tools/bin/../lib/gcc/arm-none-eabi/10.3.1/../../../../arm-none-eabi/lib/thumb/v7e-m+fp/hard\libc_nano.a(lib_a-memset.o)
                0x00000000080133e8                memset
 *(.glue_7)
 .glue_7        0x00000000080133f8        0x0 linker stubs
 *(.glue_7t)
 .glue_7t       0x00000000080133f8        0x0 linker stubs
 *(.eh_frame)
 .eh_frame      0x00000000080133f8        0x0 c:/st/stm32cubeide_1.10.1/stm32cubeide/plugins/com.st.stm32cube.ide.mcu.externaltools.gnu-tools-for-stm32.10.3-2021.10.win32_1.0.0.202111181127/tools/bin/../lib/gcc/arm-none-eabi/10.3.1/thumb/v7e-m+fp/hard/crtbegin.o
 *(.init)
 .init          0x00000000080133f8        0x4 c:/st/stm32cubeide_1.10.1/stm32cubeide/plugins/com.st.stm32cube.ide.mcu.externaltools.gnu-tools-for-stm32.10.3-2021.10.win32_1.0.0.202111181127/tools/bin/../lib/gcc/arm-none-eabi/10.3.1/thumb/v7e-m+fp/hard/crti.o
                0x00000000080133f8                _init
 .init          0x00000000080133fc        0x8 c:/st/stm32cubeide_1.10.1/stm32cubeide/plugins/com.st.stm32cube.ide.mcu.externaltools.gnu-tools-for-stm32.10.3-2021.10.win32_1.0.0.202111181127/tools/bin/../lib/gcc/arm-none-eabi/10.3.1/thumb/v7e-m+fp/hard/crtn.o
 *(.fini)
 .fini          0x0000000008013404        0x4 c:/st/stm32cubeide_1.10.1/stm32cubeide/plugins/com.st.stm32cube.ide.mcu.externaltools.gnu-tools-for-stm32.10.3-2021.10.win32_1.0.0.202111181127/tools/bin/../lib/gcc/arm-none-eabi/10.3.1/thumb/v7e-m+fp/hard/crti.o