../User/Src/interface.c:45:6:HAL_UARTEx_RxEventCallback	16	static
../User/Src/interface.c:53:6:HAL_UART_ErrorCallback	16	static
../User/Src/interface.c:59:6:initReceiverUart	8	static
../User/Src/interface.c:71:9:byteToPiece	24	static
../User/Src/interface.c:102:6:AnalyserCMD	32	static
../User/Src/interface.c:173:6:Response_CheckAddress	32	static
../User/Src/interface.c:196:6:Responce_GetBoardReview	88	static
../User/Src/interface.c:253:6:Responce_GetBoardRecording	72	static
../User/Src/interface.c:293:6:Responce_SetTimeRTC	32	static
../User/Src/interface.c:302:6:Responce_GetDataGameSave	528	static
../User/Src/interface.c:318:6:Responce_EraseGameSave	8	static
../User/Src/interface.c:324:6:UsbSendDateTime	40	static
../User/Src/interface.c:343:6:UsbSendDataCalibase	48	static
