../User/Src/interface.c:47:6:HAL_UARTEx_RxEventCallback	16	static
../User/Src/interface.c:56:6:HAL_UART_ErrorCallback	24	static
../User/Src/interface.c:85:6:initReceiverUart	8	static
../User/Src/interface.c:96:9:byteToPiece	24	static
../User/Src/interface.c:164:6:AnalyserCMD	48	static
../User/Src/interface.c:263:6:Response_CheckAddress	32	static
../User/Src/interface.c:287:6:Responce_GetBoardReview	88	static
../User/Src/interface.c:353:6:Responce_GetBoardRecording	72	static
../User/Src/interface.c:404:6:Responce_SetTimeRTC	32	static
../User/Src/interface.c:413:6:Responce_GetDataGameSave	528	static
../User/Src/interface.c:431:6:Responce_EraseGameSave	8	static
../User/Src/interface.c:435:6:UsbSendDateTime	40	static
../User/Src/interface.c:453:6:UsbSendDataCalibase	56	static
