../User/Src/MB85RS256.c:41:6:WriteProtect	16	static
../User/Src/MB85RS256.c:48:9:ReadStatus	24	static
../User/Src/MB85RS256.c:56:6:WriteEnable	16	static
../User/Src/MB85RS256.c:64:6:MB85RS_write	32	static
../User/Src/MB85RS256.c:78:6:MB85RS_read	32	static
../User/Src/MB85RS256.c:90:6:MB85RS_erase	152	static
../User/Src/MB85RS256.c:114:6:MB85RS_getPointSave	16	static
../User/Src/MB85RS256.c:119:6:MB85RS_WritePointSave	16	static
../User/Src/MB85RS256.c:127:6:MB85RS_WriteNewGame	88	static
../User/Src/MB85RS256.c:149:6:MB85RS_saveFen	72	static
../User/Src/MB85RS256.c:168:6:handlerMb85rs	8	static
