../Core/Src/stm32f4xx_it.c:89:6:NMI_Handler	4	static
../Core/Src/stm32f4xx_it.c:104:6:HardFault_Handler	4	static
../Core/Src/stm32f4xx_it.c:119:6:MemManage_Handler	4	static
../Core/Src/stm32f4xx_it.c:134:6:BusFault_Handler	4	static
../Core/Src/stm32f4xx_it.c:149:6:UsageFault_Handler	4	static
../Core/Src/stm32f4xx_it.c:164:6:DebugMon_Handler	4	static
../Core/Src/stm32f4xx_it.c:184:6:DMA1_Stream0_IRQHandler	8	static
../Core/Src/stm32f4xx_it.c:198:6:DMA1_Stream1_IRQHandler	8	static
../Core/Src/stm32f4xx_it.c:212:6:DMA1_Stream2_IRQHandler	8	static
../Core/Src/stm32f4xx_it.c:226:6:DMA1_Stream3_IRQHandler	8	static
../Core/Src/stm32f4xx_it.c:240:6:DMA1_Stream4_IRQHandler	8	static
../Core/Src/stm32f4xx_it.c:254:6:DMA1_Stream6_IRQHandler	8	static
../Core/Src/stm32f4xx_it.c:268:6:TIM1_BRK_TIM9_IRQHandler	8	static
../Core/Src/stm32f4xx_it.c:282:6:TIM1_UP_TIM10_IRQHandler	8	static
../Core/Src/stm32f4xx_it.c:296:6:TIM1_TRG_COM_TIM11_IRQHandler	8	static
../Core/Src/stm32f4xx_it.c:311:6:TIM1_CC_IRQHandler	8	static
../Core/Src/stm32f4xx_it.c:325:6:TIM2_IRQHandler	8	static
../Core/Src/stm32f4xx_it.c:339:6:TIM3_IRQHandler	8	static
../Core/Src/stm32f4xx_it.c:353:6:TIM4_IRQHandler	8	static
../Core/Src/stm32f4xx_it.c:367:6:I2C1_EV_IRQHandler	8	static
../Core/Src/stm32f4xx_it.c:381:6:I2C1_ER_IRQHandler	8	static
../Core/Src/stm32f4xx_it.c:395:6:USART1_IRQHandler	8	static
../Core/Src/stm32f4xx_it.c:409:6:DMA1_Stream7_IRQHandler	8	static
../Core/Src/stm32f4xx_it.c:423:6:DMA2_Stream1_IRQHandler	8	static
../Core/Src/stm32f4xx_it.c:437:6:DMA2_Stream2_IRQHandler	8	static
../Core/Src/stm32f4xx_it.c:451:6:OTG_FS_IRQHandler	8	static
../Core/Src/stm32f4xx_it.c:465:6:DMA2_Stream5_IRQHandler	8	static
../Core/Src/stm32f4xx_it.c:479:6:DMA2_Stream6_IRQHandler	8	static
../Core/Src/stm32f4xx_it.c:493:6:DMA2_Stream7_IRQHandler	8	static
